map(name="6CVE_SMTS04_Config",bgColor="#99ccff",w=500,h=200,numCols=4,acl="*")
icon(name="MacD_Management",label="MacD Management",x=342,y=87,translucency=0,show shadow=false,action="Open URL",url="https://nmsweb/webserver/jsp/smts/beam-macd?macdGid=g09-SMTS04",bidi="true",target="_self",filter="",filtertype="",datasource="",flash="true",w=103,h=52,type="rectangle",arc diameter=20,legend=None,font="Dialog",size=11,font color="black",style="p",image="rack_server.png",entity status indicator="Highlight Bar")
icon(name="Beam_Management",label="Beam Management",x=193,y=89,translucency=0,show shadow=false,action="Open URL",url="https://nmsweb/webserver/jsp/smts/beam-config?beamGid=g09-SMTS04",bidi="true",target="_self",filter="",filtertype="",datasource="",flash="true",w=103,h=52,type="rectangle",arc diameter=20,legend=None,font="Dialog",size=11,font color="black",style="p",image="rack_server.png",entity status indicator="Highlight Bar")
icon(name="SMTS_Management",label="SMTS Management",x=48,y=89,translucency=0,show shadow=false,action="Open URL",url="https://nmsweb/webserver/jsp/smts/smts?deviceId=g09-SMTS04",bidi="true",target="_self",filter="",filtertype="",datasource="",flash="true",w=103,h=52,type="rectangle",arc diameter=20,legend=None,font="Dialog",size=11,font color="black",style="p",image="rack_server.png",entity status indicator="Highlight Bar")
text(name="Title",label="6CVE SMTS04 Config",x=8,y=26,translucency=0,show shadow=false,action="Open URL",url="",bidi="true",target="_self",filter="",filtertype="",datasource="",flash="true",font="Dialog",size=20,justify="center",style="p",rotate="0",color="black")
