map(name="6KGS_PowerRails",bgColor="#99ccff",w=1250,h=450,numCols=0,acl="*")
text(name="visual_117",label="PDU25",x=1065,y=425,translucency=0,show shadow=false,action="Open URL",url="",bidi="true",target="_self",filter="",filtertype="",datasource="",flash="true",font="Dialog",size=11,justify="center",style="p",rotate="0",color="black")
text(name="visual_116",label="PDU10",x=420,y=430,translucency=0,show shadow=false,action="Open URL",url="",bidi="true",target="_self",filter="",filtertype="",datasource="",flash="true",font="Dialog",size=11,justify="center",style="p",rotate="0",color="black")
text(name="visual_115",label="PDU05",x=180,y=430,translucency=0,show shadow=false,action="Open URL",url="",bidi="true",target="_self",filter="",filtertype="",datasource="",flash="true",font="Dialog",size=11,justify="center",style="p",rotate="0",color="black")
line(name="visual_114",label="untitled",x=30,y=305,translucency=0,show shadow=false,color="black",thickness=1,x2=431,y2=305)
line(name="visual_113",label="untitled",x=845,y=310,translucency=0,show shadow=false,color="black",thickness=1,x2=1160,y2=309)
text(name="visual_112",label="APC for Terminal Servers and RF Rack (Power Switches)",x=440,y=310,translucency=0,show shadow=false,action="Open URL",url="",bidi="true",target="_self",filter="",filtertype="",datasource="",flash="true",font="Dialog",size=14,justify="center",style="b",rotate="0",color="black")
text(name="visual_111",label="Vertical Rack Power Distribution Units (Power Rails)",x=550,y=70,translucency=0,show shadow=false,action="Open URL",url="",bidi="true",target="_self",filter="",filtertype="",datasource="",flash="true",font="Dialog",size=14,justify="center",style="b",rotate="0",color="black")
text(name="visual_110",label="G11",x=1075,y=55,translucency=0,show shadow=false,action="Open URL",url="",bidi="true",target="_self",filter="",filtertype="",datasource="",flash="true",font="Dialog",size=14,justify="center",style="b",rotate="0",color="black")
text(name="visual_109",label="G10",x=945,y=55,translucency=0,show shadow=false,action="Open URL",url="",bidi="true",target="_self",filter="",filtertype="",datasource="",flash="true",font="Dialog",size=14,justify="center",style="b",rotate="0",color="black")
text(name="visual_108",label="G09",x=815,y=50,translucency=0,show shadow=false,action="Open URL",url="",bidi="true",target="_self",filter="",filtertype="",datasource="",flash="true",font="Dialog",size=14,justify="center",style="b",rotate="0",color="black")
text(name="visual_107",label="G08",x=700,y=45,translucency=0,show shadow=false,action="Open URL",url="",bidi="true",target="_self",filter="",filtertype="",datasource="",flash="true",font="Dialog",size=14,justify="center",style="b",rotate="0",color="black")
text(name="visual_106",label="G07",x=570,y=50,translucency=0,show shadow=false,action="Open URL",url="",bidi="true",target="_self",filter="",filtertype="",datasource="",flash="true",font="Dialog",size=14,justify="center",style="b",rotate="0",color="black")
text(name="visual_103",label="G04",x=430,y=50,translucency=0,show shadow=false,action="Open URL",url="",bidi="true",target="_self",filter="",filtertype="",datasource="",flash="true",font="Dialog",size=14,justify="center",style="b",rotate="0",color="black")
text(name="visual_102",label="G03",x=310,y=50,translucency=0,show shadow=false,action="Open URL",url="",bidi="true",target="_self",filter="",filtertype="",datasource="",flash="true",font="Dialog",size=14,justify="center",style="b",rotate="0",color="black")
text(name="visual_101",label="G02",x=190,y=50,translucency=0,show shadow=false,action="Open URL",url="",bidi="true",target="_self",filter="",filtertype="",datasource="",flash="true",font="Dialog",size=14,justify="center",style="b",rotate="0",color="black")
text(name="visual_100",label="G01",x=70,y=50,translucency=0,show shadow=false,action="Open URL",url="",bidi="true",target="_self",filter="",filtertype="",datasource="",flash="true",font="Dialog",size=14,justify="center",style="b",rotate="0",color="black")
button(name="visual_99",label="untitled",x=1105,y=335,translucency=0,show shadow=false,action="Open URL",url="",bidi="true",target="_self",filter="op-g07-pdu25",filtertype="global",datasource="NBN_AGGV",flash="true",w=13,h=12,type="ellipse",arc diameter=20,legend=None,font="Dialog",size=11,font color="black",style="p")
button(name="visual_98",label="untitled",x=1140,y=185,translucency=0,show shadow=false,action="Open URL",url="",bidi="true",target="_self",filter="op-g07-pdu24",filtertype="global",datasource="NBN_AGGV",flash="true",w=13,h=12,type="ellipse",arc diameter=20,legend=None,font="Dialog",size=11,font color="black",style="p")
button(name="visual_97",label="untitled",x=1135,y=75,translucency=0,show shadow=false,action="Open URL",url="",bidi="true",target="_self",filter="op-g07-pdu23",filtertype="global",datasource="NBN_AGGV",flash="true",w=13,h=12,type="ellipse",arc diameter=20,legend=None,font="Dialog",size=11,font color="black",style="p")
button(name="visual_94",label="untitled",x=1050,y=380,translucency=0,show shadow=false,action="Active Event List (AEL)",url="",bidi="true",target="_self",filter="g07-pdu25",filtertype="global",datasource="NBN_AGGV",flash="true",w=60,h=19,type="rectangle",arc diameter=20,legend=Count,font="Dialog",size=11,font color="black",style="p")
icon(name="visual_96",label="g07-pdu25",x=1030,y=340,translucency=0,show shadow=false,action="Open URL",url="https://g07-pdu25",bidi="true",target="_blank",filter="_Clear",filtertype="global",datasource="NBN_AGGV",flash="true",w=100,h=80,type="rectangle",arc diameter=20,legend=None,font="Dialog",size=11,font color="black",style="p",image="plug.png",entity status indicator="Highlight Bar")
button(name="visual_93",label="untitled",x=1052,y=236,translucency=0,show shadow=false,action="Active Event List (AEL)",url="",bidi="true",target="_self",filter="g07-pdu24",filtertype="global",datasource="NBN_AGGV",flash="true",w=96,h=19,type="rectangle",arc diameter=20,legend=Count,font="Dialog",size=11,font color="black",style="p")
icon(name="visual_95",label="g07-pdu24",x=1050,y=205,translucency=0,show shadow=false,action="Open URL",url="https://g07-pdu24",bidi="true",target="_blank",filter="_Clear",filtertype="global",datasource="NBN_AGGV",flash="true",w=100,h=72,type="rectangle",arc diameter=20,legend=None,font="Dialog",size=11,font color="black",style="p",image="PowerStrip.png",entity status indicator="Highlight Bar")
button(name="visual_92",label="untitled",x=1052,y=126,translucency=0,show shadow=false,action="Active Event List (AEL)",url="",bidi="true",target="_self",filter="g07-pdu23",filtertype="global",datasource="NBN_AGGV",flash="true",w=96,h=19,type="rectangle",arc diameter=20,legend=Count,font="Dialog",size=11,font color="black",style="p")
icon(name="visual_91",label="g07-pdu23",x=1050,y=95,translucency=0,show shadow=false,action="Open URL",url="https://g07-pdu23",bidi="true",target="_blank",filter="_Clear",filtertype="global",datasource="NBN_AGGV",flash="true",w=100,h=72,type="rectangle",arc diameter=20,legend=None,font="Dialog",size=11,font color="black",style="p",image="PowerStrip.png",entity status indicator="Highlight Bar")
text(name="visual_90",label="PDU24",x=1080,y=285,translucency=0,show shadow=false,action="Open URL",url="",bidi="true",target="_self",filter="",filtertype="",datasource="",flash="true",font="Dialog",size=11,justify="center",style="p",rotate="0",color="black")
text(name="visual_89",label="PDU23",x=1085,y=170,translucency=0,show shadow=false,action="Open URL",url="",bidi="true",target="_self",filter="",filtertype="",datasource="",flash="true",font="Dialog",size=11,justify="center",style="p",rotate="0",color="black")
text(name="visual_88",label="PDU22",x=960,y=285,translucency=0,show shadow=false,action="Open URL",url="",bidi="true",target="_self",filter="",filtertype="",datasource="",flash="true",font="Dialog",size=11,justify="center",style="p",rotate="0",color="black")
text(name="visual_87",label="PDU21",x=955,y=180,translucency=0,show shadow=false,action="Open URL",url="",bidi="true",target="_self",filter="",filtertype="",datasource="",flash="true",font="Dialog",size=11,justify="center",style="p",rotate="0",color="black")
text(name="visual_86",label="PDU20",x=815,y=285,translucency=0,show shadow=false,action="Open URL",url="",bidi="true",target="_self",filter="",filtertype="",datasource="",flash="true",font="Dialog",size=11,justify="center",style="p",rotate="0",color="black")
text(name="visual_85",label="PDU19",x=815,y=180,translucency=0,show shadow=false,action="Open URL",url="",bidi="true",target="_self",filter="",filtertype="",datasource="",flash="true",font="Dialog",size=11,justify="center",style="p",rotate="0",color="black")
text(name="visual_84",label="PDU18",x=690,y=290,translucency=0,show shadow=false,action="Open URL",url="",bidi="true",target="_self",filter="",filtertype="",datasource="",flash="true",font="Dialog",size=11,justify="center",style="p",rotate="0",color="black")
text(name="visual_83",label="PDU17",x=690,y=180,translucency=0,show shadow=false,action="Open URL",url="",bidi="true",target="_self",filter="",filtertype="",datasource="",flash="true",font="Dialog",size=11,justify="center",style="p",rotate="0",color="black")
text(name="visual_82",label="PDU16",x=560,y=290,translucency=0,show shadow=false,action="Open URL",url="",bidi="true",target="_self",filter="",filtertype="",datasource="",flash="true",font="Dialog",size=11,justify="center",style="p",rotate="0",color="black")
text(name="visual_81",label="PDU15",x=555,y=180,translucency=0,show shadow=false,action="Open URL",url="",bidi="true",target="_self",filter="",filtertype="",datasource="",flash="true",font="Dialog",size=11,justify="center",style="p",rotate="0",color="black")
text(name="visual_76",label="PDU09",x=420,y=290,translucency=0,show shadow=false,action="Open URL",url="",bidi="true",target="_self",filter="",filtertype="",datasource="",flash="true",font="Dialog",size=11,justify="center",style="p",rotate="0",color="black")
text(name="visual_75",label="PDU08",x=420,y=180,translucency=0,show shadow=false,action="Open URL",url="",bidi="true",target="_self",filter="",filtertype="",datasource="",flash="true",font="Dialog",size=11,justify="center",style="p",rotate="0",color="black")
text(name="visual_74",label="PDU07",x=300,y=290,translucency=0,show shadow=false,action="Open URL",url="",bidi="true",target="_self",filter="",filtertype="",datasource="",flash="true",font="Dialog",size=11,justify="center",style="p",rotate="0",color="black")
text(name="visual_73",label="PDU06",x=300,y=180,translucency=0,show shadow=false,action="Open URL",url="",bidi="true",target="_self",filter="",filtertype="",datasource="",flash="true",font="Dialog",size=11,justify="center",style="p",rotate="0",color="black")
text(name="visual_72",label="PDU04",x=180,y=290,translucency=0,show shadow=false,action="Open URL",url="",bidi="true",target="_self",filter="",filtertype="",datasource="",flash="true",font="Dialog",size=11,justify="center",style="p",rotate="0",color="black")
text(name="visual_71",label="PDU03",x=180,y=180,translucency=0,show shadow=false,action="Open URL",url="",bidi="true",target="_self",filter="",filtertype="",datasource="",flash="true",font="Dialog",size=11,justify="center",style="p",rotate="0",color="black")
text(name="visual_70",label="PDU02",x=60,y=290,translucency=0,show shadow=false,action="Open URL",url="",bidi="true",target="_self",filter="",filtertype="",datasource="",flash="true",font="Dialog",size=11,justify="center",style="p",rotate="0",color="black")
text(name="visual_69",label="PDU01",x=0,y=1,translucency=0,show shadow=false,action="Open URL",url="",bidi="true",target="_self",filter="",filtertype="",datasource="",flash="true",font="Dialog",size=11,justify="center",style="p",rotate="0",color="black")
text(name="visual_68",label="PDU01",x=60,y=180,translucency=0,show shadow=false,action="Open URL",url="",bidi="true",target="_self",filter="",filtertype="",datasource="",flash="true",font="Dialog",size=11,justify="center",style="p",rotate="0",color="black")
text(name="visual_41",label="6KGS Power Rails and Switches",x=0,y=20,translucency=0,show shadow=false,action="Open URL",url="",bidi="true",target="_self",filter="",filtertype="",datasource="",flash="true",font="Dialog",size=16,justify="center",style="b",rotate="0",color="black")
button(name="visual_67",label="untitled",x=927,y=236,translucency=0,show shadow=false,action="Active Event List (AEL)",url="",bidi="true",target="_self",filter="g07-pdu22",filtertype="global",datasource="NBN_AGGV",flash="true",w=96,h=19,type="rectangle",arc diameter=20,legend=Count,font="Dialog",size=11,font color="black",style="p")
button(name="visual_66",label="untitled",x=922,y=131,translucency=0,show shadow=false,action="Active Event List (AEL)",url="",bidi="true",target="_self",filter="g07-pdu21",filtertype="global",datasource="NBN_AGGV",flash="true",w=96,h=19,type="rectangle",arc diameter=20,legend=Count,font="Dialog",size=11,font color="black",style="p")
button(name="visual_65",label="untitled",x=787,y=236,translucency=0,show shadow=false,action="Active Event List (AEL)",url="",bidi="true",target="_self",filter="g07-pdu20",filtertype="global",datasource="NBN_AGGV",flash="true",w=96,h=19,type="rectangle",arc diameter=20,legend=Count,font="Dialog",size=11,font color="black",style="p")
button(name="visual_64",label="untitled",x=787,y=131,translucency=0,show shadow=false,action="Active Event List (AEL)",url="",bidi="true",target="_self",filter="g07-pdu19",filtertype="global",datasource="NBN_AGGV",flash="true",w=96,h=19,type="rectangle",arc diameter=20,legend=Count,font="Dialog",size=11,font color="black",style="p")
button(name="visual_63",label="untitled",x=662,y=241,translucency=0,show shadow=false,action="Active Event List (AEL)",url="",bidi="true",target="_self",filter="g07-pdu18",filtertype="global",datasource="NBN_AGGV",flash="true",w=96,h=19,type="rectangle",arc diameter=20,legend=Count,font="Dialog",size=11,font color="black",style="p")
button(name="visual_62",label="untitled",x=662,y=131,translucency=0,show shadow=false,action="Active Event List (AEL)",url="",bidi="true",target="_self",filter="g07-pdu17",filtertype="global",datasource="NBN_AGGV",flash="true",w=96,h=19,type="rectangle",arc diameter=20,legend=Count,font="Dialog",size=11,font color="black",style="p")
button(name="visual_61",label="untitled",x=532,y=241,translucency=0,show shadow=false,action="Active Event List (AEL)",url="",bidi="true",target="_self",filter="g07-pdu16",filtertype="global",datasource="NBN_AGGV",flash="true",w=96,h=19,type="rectangle",arc diameter=20,legend=Count,font="Dialog",size=11,font color="black",style="p")
button(name="visual_60",label="untitled",x=532,y=131,translucency=0,show shadow=false,action="Active Event List (AEL)",url="",bidi="true",target="_self",filter="g07-pdu15",filtertype="global",datasource="NBN_AGGV",flash="true",w=96,h=19,type="rectangle",arc diameter=20,legend=Count,font="Dialog",size=11,font color="black",style="p")
button(name="visual_55",label="untitled",x=410,y=379,translucency=0,show shadow=false,action="Active Event List (AEL)",url="",bidi="true",target="_self",filter="g07-pdu10",filtertype="global",datasource="NBN_AGGV",flash="true",w=60,h=19,type="rectangle",arc diameter=20,legend=Count,font="Dialog",size=11,font color="black",style="p")
button(name="visual_54",label="untitled",x=392,y=241,translucency=0,show shadow=false,action="Active Event List (AEL)",url="",bidi="true",target="_self",filter="g07-pdu09",filtertype="global",datasource="NBN_AGGV",flash="true",w=96,h=19,type="rectangle",arc diameter=20,legend=Count,font="Dialog",size=11,font color="black",style="p")
button(name="visual_53",label="untitled",x=392,y=131,translucency=0,show shadow=false,action="Active Event List (AEL)",url="",bidi="true",target="_self",filter="g07-pdu08",filtertype="global",datasource="NBN_AGGV",flash="true",w=96,h=19,type="rectangle",arc diameter=20,legend=Count,font="Dialog",size=11,font color="black",style="p")
button(name="visual_52",label="untitled",x=272,y=241,translucency=0,show shadow=false,action="Active Event List (AEL)",url="",bidi="true",target="_self",filter="g07-pdu07",filtertype="global",datasource="NBN_AGGV",flash="true",w=96,h=19,type="rectangle",arc diameter=20,legend=Count,font="Dialog",size=11,font color="black",style="p")
button(name="visual_51",label="untitled",x=272,y=131,translucency=0,show shadow=false,action="Active Event List (AEL)",url="",bidi="true",target="_self",filter="g07-pdu06",filtertype="global",datasource="NBN_AGGV",flash="true",w=96,h=19,type="rectangle",arc diameter=20,legend=Count,font="Dialog",size=11,font color="black",style="p")
button(name="visual_50",label="untitled",x=170,y=379,translucency=0,show shadow=false,action="Active Event List (AEL)",url="",bidi="true",target="_self",filter="g07-pdu05",filtertype="global",datasource="NBN_AGGV",flash="true",w=60,h=19,type="rectangle",arc diameter=20,legend=Count,font="Dialog",size=11,font color="black",style="p")
button(name="visual_49",label="untitled",x=152,y=241,translucency=0,show shadow=false,action="Active Event List (AEL)",url="",bidi="true",target="_self",filter="g07-pdu04",filtertype="global",datasource="NBN_AGGV",flash="true",w=96,h=19,type="rectangle",arc diameter=20,legend=Count,font="Dialog",size=11,font color="black",style="p")
button(name="visual_48",label="untitled",x=152,y=131,translucency=0,show shadow=false,action="Active Event List (AEL)",url="",bidi="true",target="_self",filter="g07-pdu03",filtertype="global",datasource="NBN_AGGV",flash="true",w=96,h=19,type="rectangle",arc diameter=20,legend=Count,font="Dialog",size=11,font color="black",style="p")
button(name="visual_47",label="untitled",x=32,y=241,translucency=0,show shadow=false,action="Active Event List (AEL)",url="",bidi="true",target="_self",filter="g07-pdu02",filtertype="global",datasource="NBN_AGGV",flash="true",w=96,h=19,type="rectangle",arc diameter=20,legend=Count,font="Dialog",size=11,font color="black",style="p")
button(name="visual_46",label="untitled",x=1005,y=185,translucency=0,show shadow=false,action="Open URL",url="",bidi="true",target="_self",filter="op-g07-pdu22",filtertype="global",datasource="NBN_AGGV",flash="true",w=13,h=12,type="ellipse",arc diameter=20,legend=None,font="Dialog",size=11,font color="black",style="p")
button(name="visual_45",label="untitled",x=1000,y=80,translucency=0,show shadow=false,action="Open URL",url="",bidi="true",target="_self",filter="op-g07-pdu21",filtertype="global",datasource="NBN_AGGV",flash="true",w=13,h=12,type="ellipse",arc diameter=20,legend=None,font="Dialog",size=11,font color="black",style="p")
icon(name="visual_44",label="g07-pdu22",x=925,y=205,translucency=0,show shadow=false,action="Open URL",url="https://g07-pdu22",bidi="true",target="_blank",filter="_Clear",filtertype="global",datasource="NBN_AGGV",flash="true",w=100,h=72,type="rectangle",arc diameter=20,legend=None,font="Dialog",size=11,font color="black",style="p",image="PowerStrip.png",entity status indicator="Highlight Bar")
icon(name="visual_43",label="g07-pdu21",x=920,y=100,translucency=0,show shadow=false,action="Open URL",url="https://g07-pdu21",bidi="true",target="_blank",filter="_Clear",filtertype="global",datasource="NBN_AGGV",flash="true",w=100,h=72,type="rectangle",arc diameter=20,legend=None,font="Dialog",size=11,font color="black",style="p",image="PowerStrip.png",entity status indicator="Highlight Bar")
button(name="visual_42",label="untitled",x=32,y=131,translucency=0,show shadow=false,action="Active Event List (AEL)",url="",bidi="true",target="_self",filter="g07-pdu01",filtertype="global",datasource="NBN_AGGV",flash="true",w=96,h=19,type="rectangle",arc diameter=20,legend=Count,font="Dialog",size=11,font color="black",style="p")
button(name="visual_40",label="untitled",x=870,y=185,translucency=0,show shadow=false,action="Open URL",url="",bidi="true",target="_self",filter="op-g07-pdu20",filtertype="global",datasource="NBN_AGGV",flash="true",w=13,h=12,type="ellipse",arc diameter=20,legend=None,font="Dialog",size=11,font color="black",style="p")
button(name="visual_39",label="untitled",x=865,y=80,translucency=0,show shadow=false,action="Open URL",url="",bidi="true",target="_self",filter="op-g07-pdu19",filtertype="global",datasource="NBN_AGGV",flash="true",w=13,h=12,type="ellipse",arc diameter=20,legend=None,font="Dialog",size=11,font color="black",style="p")
icon(name="visual_38",label="g07-pdu20",x=785,y=205,translucency=0,show shadow=false,action="Open URL",url="https://g07-pdu20",bidi="true",target="_blank",filter="_Clear",filtertype="global",datasource="NBN_AGGV",flash="true",w=100,h=72,type="rectangle",arc diameter=20,legend=None,font="Dialog",size=11,font color="black",style="p",image="PowerStrip.png",entity status indicator="Highlight Bar")
icon(name="visual_37",label="g07-pdu19",x=785,y=100,translucency=0,show shadow=false,action="Open URL",url="https://g07-pdu19",bidi="true",target="_blank",filter="_Clear",filtertype="global",datasource="NBN_AGGV",flash="true",w=100,h=72,type="rectangle",arc diameter=20,legend=None,font="Dialog",size=11,font color="black",style="p",image="PowerStrip.png",entity status indicator="Highlight Bar")
button(name="visual_35",label="untitled",x=360,y=190,translucency=0,show shadow=false,action="Open URL",url="",bidi="true",target="_self",filter="op-g07-pdu07",filtertype="global",datasource="NBN_AGGV",flash="true",w=13,h=12,type="ellipse",arc diameter=20,legend=None,font="Dialog",size=11,font color="black",style="p")
button(name="visual_34",label="untitled",x=480,y=190,translucency=0,show shadow=false,action="Open URL",url="",bidi="true",target="_self",filter="op-g07-pdu09",filtertype="global",datasource="NBN_AGGV",flash="true",w=13,h=12,type="ellipse",arc diameter=20,legend=None,font="Dialog",size=11,font color="black",style="p")
button(name="visual_33",label="untitled",x=610,y=80,translucency=0,show shadow=false,action="Open URL",url="",bidi="true",target="_self",filter="op-g07-pdu15",filtertype="global",datasource="NBN_AGGV",flash="true",w=13,h=12,type="ellipse",arc diameter=20,legend=None,font="Dialog",size=11,font color="black",style="p")
button(name="visual_31",label="untitled",x=480,y=80,translucency=0,show shadow=false,action="Open URL",url="",bidi="true",target="_self",filter="op-g07-pdu08",filtertype="global",datasource="NBN_AGGV",flash="true",w=13,h=12,type="ellipse",arc diameter=20,legend=None,font="Dialog",size=11,font color="black",style="p")
button(name="visual_30",label="untitled",x=460,y=320,translucency=0,show shadow=false,action="Open URL",url="",bidi="true",target="_self",filter="op-g07-pdu10",filtertype="global",datasource="NBN_AGGV",flash="true",w=13,h=12,type="ellipse",arc diameter=20,legend=None,font="Dialog",size=11,font color="black",style="p")
button(name="visual_29",label="untitled",x=615,y=195,translucency=0,show shadow=false,action="Open URL",url="",bidi="true",target="_self",filter="op-g07-pdu16",filtertype="global",datasource="NBN_AGGV",flash="true",w=13,h=12,type="ellipse",arc diameter=20,legend=None,font="Dialog",size=11,font color="black",style="p")
button(name="visual_27",label="untitled",x=740,y=80,translucency=0,show shadow=false,action="Open URL",url="",bidi="true",target="_self",filter="op-g07-pdu17",filtertype="global",datasource="NBN_AGGV",flash="true",w=13,h=12,type="ellipse",arc diameter=20,legend=None,font="Dialog",size=11,font color="black",style="p")
button(name="visual_26",label="untitled",x=745,y=190,translucency=0,show shadow=false,action="Open URL",url="",bidi="true",target="_self",filter="op-g07-pdu18",filtertype="global",datasource="NBN_AGGV",flash="true",w=13,h=12,type="ellipse",arc diameter=20,legend=None,font="Dialog",size=11,font color="black",style="p")
button(name="visual_24",label="untitled",x=360,y=80,translucency=0,show shadow=false,action="Open URL",url="",bidi="true",target="_self",filter="op-g07-pdu06",filtertype="global",datasource="NBN_AGGV",flash="true",w=13,h=12,type="ellipse",arc diameter=20,legend=None,font="Dialog",size=11,font color="black",style="p")
button(name="visual_23",label="untitled",x=220,y=320,translucency=0,show shadow=false,action="Open URL",url="",bidi="true",target="_self",filter="op-g07-pdu05",filtertype="global",datasource="NBN_AGGV",flash="true",w=13,h=12,type="ellipse",arc diameter=20,legend=None,font="Dialog",size=11,font color="black",style="p")
button(name="visual_22",label="untitled",x=240,y=190,translucency=0,show shadow=false,action="Open URL",url="",bidi="true",target="_self",filter="op-g07-pdu04",filtertype="global",datasource="NBN_AGGV",flash="true",w=13,h=12,type="ellipse",arc diameter=20,legend=None,font="Dialog",size=11,font color="black",style="p")
button(name="visual_21",label="untitled",x=240,y=80,translucency=0,show shadow=false,action="Open URL",url="",bidi="true",target="_self",filter="op-g07-pdu03",filtertype="global",datasource="NBN_AGGV",flash="true",w=13,h=12,type="ellipse",arc diameter=20,legend=None,font="Dialog",size=11,font color="black",style="p")
button(name="visual_20",label="untitled",x=120,y=190,translucency=0,show shadow=false,action="Open URL",url="",bidi="true",target="_self",filter="op-g07-pdu02",filtertype="global",datasource="NBN_AGGV",flash="true",w=13,h=12,type="ellipse",arc diameter=20,legend=None,font="Dialog",size=11,font color="black",style="p")
icon(name="visual_19",label="g07-pdu18",x=660,y=210,translucency=0,show shadow=false,action="Open URL",url="https://g07-pdu18",bidi="true",target="_blank",filter="_Clear",filtertype="global",datasource="NBN_AGGV",flash="true",w=100,h=72,type="rectangle",arc diameter=20,legend=None,font="Dialog",size=11,font color="black",style="p",image="PowerStrip.png",entity status indicator="Highlight Bar")
icon(name="visual_18",label="g07-pdu17",x=660,y=100,translucency=0,show shadow=false,action="Open URL",url="https://g07-pdu17",bidi="true",target="_blank",filter="_Clear",filtertype="global",datasource="NBN_AGGV",flash="true",w=100,h=72,type="rectangle",arc diameter=20,legend=None,font="Dialog",size=11,font color="black",style="p",image="PowerStrip.png",entity status indicator="Highlight Bar")
icon(name="visual_17",label="g07-pdu16",x=530,y=210,translucency=0,show shadow=false,action="Open URL",url="https://g07-pdu16",bidi="true",target="_blank",filter="_Clear",filtertype="global",datasource="NBN_AGGV",flash="true",w=100,h=72,type="rectangle",arc diameter=20,legend=None,font="Dialog",size=11,font color="black",style="p",image="PowerStrip.png",entity status indicator="Highlight Bar")
icon(name="visual_15",label="g07-pdu15",x=530,y=100,translucency=0,show shadow=false,action="Open URL",url="https://g07-pdu15",bidi="true",target="_blank",filter="_Clear",filtertype="global",datasource="NBN_AGGV",flash="true",w=100,h=72,type="rectangle",arc diameter=20,legend=None,font="Dialog",size=11,font color="black",style="p",image="PowerStrip.png",entity status indicator="Highlight Bar")
icon(name="visual_12",label="g07-pdu07",x=270,y=210,translucency=0,show shadow=false,action="Open URL",url="https://g07-pdu07",bidi="true",target="_blank",filter="_Clear",filtertype="global",datasource="NBN_AGGV",flash="true",w=100,h=72,type="rectangle",arc diameter=20,legend=None,font="Dialog",size=11,font color="black",style="p",image="PowerStrip.png",entity status indicator="Highlight Bar")
icon(name="visual_9",label="g07-pdu10",x=390,y=340,translucency=0,show shadow=false,action="Open URL",url="https://g07-pdu10",bidi="true",target="_blank",filter="_Clear",filtertype="global",datasource="NBN_AGGV",flash="true",w=100,h=80,type="rectangle",arc diameter=20,legend=None,font="Dialog",size=11,font color="black",style="p",image="plug.png",entity status indicator="Highlight Bar")
icon(name="visual_8",label="g07-pdu09",x=390,y=210,translucency=0,show shadow=false,action="Open URL",url="https://g07-pdu09",bidi="true",target="_blank",filter="_Clear",filtertype="global",datasource="NBN_AGGV",flash="true",w=100,h=72,type="rectangle",arc diameter=20,legend=None,font="Dialog",size=11,font color="black",style="p",image="PowerStrip.png",entity status indicator="Highlight Bar")
icon(name="visual_7",label="g07-pdu08",x=390,y=100,translucency=0,show shadow=false,action="Open URL",url="https://g07-pdu08",bidi="true",target="_blank",filter="_Clear",filtertype="global",datasource="NBN_AGGV",flash="true",w=100,h=72,type="rectangle",arc diameter=20,legend=None,font="Dialog",size=11,font color="black",style="p",image="PowerStrip.png",entity status indicator="Highlight Bar")
icon(name="visual_6",label="g07-pdu06",x=270,y=100,translucency=0,show shadow=false,action="Open URL",url="https://g07-pdu06",bidi="true",target="_blank",filter="_Clear",filtertype="global",datasource="NBN_AGGV",flash="true",w=100,h=72,type="rectangle",arc diameter=20,legend=None,font="Dialog",size=11,font color="black",style="p",image="PowerStrip.png",entity status indicator="Highlight Bar")
icon(name="visual_5",label="g07-pdu05",x=150,y=340,translucency=0,show shadow=false,action="Open URL",url="https://g07-pdu05",bidi="true",target="_blank",filter="_Clear",filtertype="global",datasource="NBN_AGGV",flash="true",w=100,h=80,type="rectangle",arc diameter=20,legend=None,font="Dialog",size=11,font color="black",style="p",image="plug.png",entity status indicator="Highlight Bar")
icon(name="visual_4",label="g07-pdu04",x=150,y=210,translucency=0,show shadow=false,action="Open URL",url="https://g07-pdu04",bidi="true",target="_blank",filter="_Clear",filtertype="global",datasource="NBN_AGGV",flash="true",w=100,h=72,type="rectangle",arc diameter=20,legend=None,font="Dialog",size=11,font color="black",style="p",image="PowerStrip.png",entity status indicator="Highlight Bar")
icon(name="visual_3",label="g07-pdu03",x=150,y=100,translucency=0,show shadow=false,action="Open URL",url="https://g07-pdu03",bidi="true",target="_blank",filter="_Clear",filtertype="global",datasource="NBN_AGGV",flash="true",w=100,h=72,type="rectangle",arc diameter=20,legend=None,font="Dialog",size=11,font color="black",style="p",image="PowerStrip.png",entity status indicator="Highlight Bar")
icon(name="visual_2",label="g07-pdu02",x=30,y=210,translucency=0,show shadow=false,action="Open URL",url="https://g07-pdu02",bidi="true",target="_blank",filter="_Clear",filtertype="global",datasource="NBN_AGGV",flash="true",w=100,h=72,type="rectangle",arc diameter=20,legend=None,font="Dialog",size=11,font color="black",style="p",image="PowerStrip.png",entity status indicator="Highlight Bar")
button(name="visual_16",label="untitled",x=120,y=80,translucency=0,show shadow=false,action="Open URL",url="",bidi="true",target="_self",filter="op-g07-pdu01",filtertype="global",datasource="NBN_AGGV",flash="true",w=13,h=12,type="ellipse",arc diameter=20,legend=None,font="Dialog",size=11,font color="black",style="p")
icon(name="visual_1",label="g07-pdu01",x=30,y=100,translucency=0,show shadow=false,action="Open URL",url="https://g07-pdu01",bidi="true",target="_blank",filter="_Clear",filtertype="global",datasource="NBN_AGGV",flash="true",w=100,h=72,type="rectangle",arc diameter=20,legend=None,font="Dialog",size=11,font color="black",style="p",image="PowerStrip.png",entity status indicator="Highlight Bar")
