map(name="6WRS",bgColor="#99ccff",w=1202,h=520,numCols=0,acl="*")
text(name="visual_51",label="SRV02",x=1084,y=461,translucency=0,show shadow=false,action="Open URL",url="",bidi="true",target="_self",filter="",filtertype="",datasource="",flash="true",font="Dialog",size=11,justify="center",style="p",rotate="0",color="black")
text(name="visual_50",label="SRV01",x=522,y=461,translucency=0,show shadow=false,action="Open URL",url="",bidi="true",target="_self",filter="",filtertype="",datasource="",flash="true",font="Dialog",size=11,justify="center",style="p",rotate="0",color="black")
text(name="visual_49",label="SWI04",x=941,y=451,translucency=0,show shadow=false,action="Open URL",url="",bidi="true",target="_self",filter="",filtertype="",datasource="",flash="true",font="Dialog",size=11,justify="center",style="p",rotate="0",color="black")
text(name="visual_32",label="SWI02",x=667,y=450,translucency=0,show shadow=false,action="Open URL",url="",bidi="true",target="_self",filter="",filtertype="",datasource="",flash="true",font="Dialog",size=11,justify="center",style="p",rotate="0",color="black")
text(name="visual_22",label=" SWI01\KVM01",x=1082,y=258,translucency=0,show shadow=false,action="Open URL",url="",bidi="true",target="_self",filter="",filtertype="",datasource="",flash="true",font="Dialog",size=11,justify="center",style="p",rotate="0",color="black")
button(name="visual_48",label="untitled",x=217,y=315,translucency=0,show shadow=false,action="Active Event List (AEL)",url="",bidi="true",target="_self",filter="g10-agg-swi",filtertype="global",datasource="NBN_AGGV",flash="true",w=134,h=19,type="rectangle",arc diameter=20,legend=Count,font="Dialog",size=11,font color="black",style="p")
button(name="visual_47",label="untitled",x=856,y=406,translucency=0,show shadow=false,action="Active Event List (AEL)",url="",bidi="true",target="_self",filter="g10-rf-swi-02",filtertype="global",datasource="NBN_AGGV",flash="true",w=184,h=19,type="rectangle",arc diameter=20,legend=Count,font="Dialog",size=11,font color="black",style="p")
button(name="visual_46",label="untitled",x=592,y=406,translucency=0,show shadow=false,action="Active Event List (AEL)",url="",bidi="true",target="_self",filter="g10-rf-swi-01",filtertype="global",datasource="NBN_AGGV",flash="true",w=184,h=19,type="rectangle",arc diameter=20,legend=Count,font="Dialog",size=11,font color="black",style="p")
button(name="visual_45",label="untitled",x=671,y=311,translucency=0,show shadow=false,action="Active Event List (AEL)",url="",bidi="true",target="_self",filter="g10-mgmt-swi",filtertype="global",datasource="NBN_AGGV",flash="true",w=218,h=19,type="rectangle",arc diameter=20,legend=Count,font="Dialog",size=11,font color="black",style="p")
button(name="visual_44",label="untitled",x=682,y=200,translucency=0,show shadow=false,action="Active Event List (AEL)",url="",bidi="true",target="_self",filter="g10-mgmt-swi",filtertype="global",datasource="NBN_AGGV",flash="true",w=218,h=19,type="rectangle",arc diameter=20,legend=Count,font="Dialog",size=11,font color="black",style="p")
button(name="visual_43",label="untitled",x=217,y=205,translucency=0,show shadow=false,action="Active Event List (AEL)",url="",bidi="true",target="_self",filter="g10-agg-swi",filtertype="global",datasource="NBN_AGGV",flash="true",w=134,h=19,type="rectangle",arc diameter=20,legend=Count,font="Dialog",size=11,font color="black",style="p")
button(name="visual_42",label="untitled",x=442,y=312,translucency=0,show shadow=false,action="Active Event List (AEL)",url="",bidi="true",target="_self",filter="g10-sar-rtr-02",filtertype="global",datasource="NBN_AGGV",flash="true",w=177,h=19,type="rectangle",arc diameter=20,legend=Count,font="Dialog",size=11,font color="black",style="p")
button(name="visual_41",label="untitled",x=442,y=202,translucency=0,show shadow=false,action="Active Event List (AEL)",url="",bidi="true",target="_self",filter="g10-sar-rtr-01",filtertype="global",datasource="NBN_AGGV",flash="true",w=177,h=19,type="rectangle",arc diameter=20,legend=Count,font="Dialog",size=11,font color="black",style="p")
button(name="visual_39",label="untitled",x=1032,y=140,translucency=0,show shadow=false,action="Active Event List (AEL)",url="",bidi="true",target="_self",filter="g10-csl-rtr-02",filtertype="global",datasource="NBN_AGGV",flash="true",w=156,h=19,type="rectangle",arc diameter=20,legend=Count,font="Dialog",size=11,font color="black",style="p")
button(name="visual_38",label="untitled",x=1032,y=65,translucency=0,show shadow=false,action="Active Event List (AEL)",url="",bidi="true",target="_self",filter="g10-csl-rtr-01",filtertype="global",datasource="NBN_AGGV",flash="true",w=156,h=19,type="rectangle",arc diameter=20,legend=Count,font="Dialog",size=11,font color="black",style="p")
text(name="visual_37",label="RTR02",x=514,y=355,translucency=0,show shadow=false,action="Open URL",url="",bidi="true",target="_self",filter="",filtertype="",datasource="",flash="true",font="Dialog",size=11,justify="center",style="p",rotate="0",color="black")
text(name="visual_36",label="RTR01",x=514,y=245,translucency=0,show shadow=false,action="Open URL",url="",bidi="true",target="_self",filter="",filtertype="",datasource="",flash="true",font="Dialog",size=11,justify="center",style="p",rotate="0",color="black")
text(name="visual_35",label="CSL02",x=1099,y=185,translucency=0,show shadow=false,action="Open URL",url="",bidi="true",target="_self",filter="",filtertype="",datasource="",flash="true",font="Dialog",size=11,justify="center",style="p",rotate="0",color="black")
text(name="visual_34",label="CSL01",x=1099,y=109,translucency=0,show shadow=false,action="Open URL",url="",bidi="true",target="_self",filter="",filtertype="",datasource="",flash="true",font="Dialog",size=11,justify="center",style="p",rotate="0",color="black")
text(name="visual_33",label="SWI06 SWI07",x=260,y=251,translucency=0,show shadow=false,action="Open URL",url="",bidi="true",target="_self",filter="",filtertype="",datasource="",flash="true",font="Dialog",size=11,justify="center",style="p",rotate="0",color="black")
text(name="visual_30",label="SWI06 SWI07",x=260,y=365,translucency=0,show shadow=false,action="Open URL",url="",bidi="true",target="_self",filter="",filtertype="",datasource="",flash="true",font="Dialog",size=11,justify="center",style="p",rotate="0",color="black")
text(name="visual_29",label="SWI08 SWI09 SWI10",x=750,y=245,translucency=0,show shadow=false,action="Open URL",url="",bidi="true",target="_self",filter="",filtertype="",datasource="",flash="true",font="Dialog",size=11,justify="center",style="p",rotate="0",color="black")
text(name="visual_28",label="SWI08 SWI09 SWI10",x=750,y=356,translucency=0,show shadow=false,action="Open URL",url="",bidi="true",target="_self",filter="",filtertype="",datasource="",flash="true",font="Dialog",size=11,justify="center",style="p",rotate="0",color="black")
text(name="visual_26",label="SVR04",x=1068,y=349,translucency=0,show shadow=false,action="Open URL",url="",bidi="true",target="_self",filter="",filtertype="",datasource="",flash="true",font="Dialog",size=11,justify="center",style="p",rotate="0",color="black")
line(name="visual_186",label="untitled",x=696,y=147,translucency=0,show shadow=false,color="#339900",thickness=3,x2=94,y2=147)
line(name="visual_184",label="untitled",x=689,y=355,translucency=0,show shadow=false,color="#339900",thickness=3,x2=96,y2=355)
line(name="visual_180",label="untitled",x=294,y=151,translucency=0,show shadow=false,color="#339900",thickness=3,x2=690,y2=151)
line(name="visual_179",label="untitled",x=293,y=253,translucency=0,show shadow=false,color="#339900",thickness=3,x2=689,y2=253)
line(name="visual_176",label="untitled",x=868,y=193,translucency=0,show shadow=false,color="#339900",thickness=3,x2=868,y2=287)
line(name="visual_174",label="untitled",x=844,y=240,translucency=0,show shadow=false,color="#339900",thickness=3,x2=927,y2=240)
line(name="visual_171",label="untitled",x=727,y=260,translucency=0,show shadow=false,color="#339900",thickness=3,x2=1028,y2=260)
button(name="visual_24",label="untitled",x=212,y=439,translucency=0,show shadow=false,action="Active Event List (AEL)",url="",bidi="true",target="_self",filter="6WRS-VTB-all",filtertype="global",datasource="NBN_AGGV",flash="true",w=60,h=19,type="rectangle",arc diameter=20,legend=Count,font="Dialog",size=11,font color="black",style="p")
button(name="visual_217",label="untitled",x=270,y=370,translucency=0,show shadow=false,action="Open URL",url="",bidi="true",target="_self",filter="op-g10-vtbems01",filtertype="global",datasource="NBN_AGGV",flash="true",w=14,h=14,type="ellipse",arc diameter=20,legend=None,font="Dialog",size=11,font color="black",style="p")
button(name="visual_18",label="untitled",x=1065,y=414,translucency=0,show shadow=false,action="Active Event List (AEL)",url="",bidi="true",target="_self",filter="g10-rfems02",filtertype="global",datasource="NBN_AGGV",flash="true",w=60,h=19,type="rectangle",arc diameter=20,legend=Count,font="Dialog",size=11,font color="black",style="p")
icon(name="visual_27",label="g10-rfems02",x=1040,y=379,translucency=0,show shadow=false,action="Open URL",url="https://rfems/cgi/host3.php?jnlp=downloads/tn_open.jnlp&cliu=https%3A%2F%2Frfems%2F&open=overview/NBN%20Map/Waroona",bidi="true",target="_self",filter="g10-rfems02",filtertype="global",datasource="NBN_AGGV",flash="true",w=110,h=76,type="rectangle",arc diameter=20,legend=None,font="Dialog",size=11,font color="black",style="p",image="rack_server.png",entity status indicator="Highlight Bar")
icon(name="6WRS.rf-swi-02",label="g10-rf-swi-02",x=854,y=385,translucency=0,show shadow=false,action="Open URL",url="https://nmstip:16311/ibm/console/ncp_webtools/pages/ncp_wt_juniperinfo.jsp?domain=NBN&ncpWebtoolRun=ncp_webtool.cgi&toolid=JuniperInterfaceList&toolTitle=Network+Manager+Juniper+Interface+Information+Tool&servletDebug=false&removeHttpHeader=true&query=g10-rf-swi-02-a",bidi="true",target="_self",filter="g10-rf-swi-02",filtertype="global",datasource="NBN_AGGV",flash="true",w=188,h=62,type="rectangle",arc diameter=20,legend=Count,font="Dialog",size=11,font color="black",style="p",image="EX2200.png",entity status indicator="Highlight Bar")
line(name="visual_168",label="untitled",x=1092,y=395,translucency=0,show shadow=false,color="#339900",thickness=3,x2=1024,y2=395)
icon(name="visual_21",label="VTB SubSystem",x=198,y=384,translucency=0,show shadow=false,action="Open URL",url="https://nmsweb/webserver/jsp/vsat_testbank/vsat_testbank?gwId=6WRS&deviceId=g10-vtbems01",bidi="true",target="_self",filter="6WRS-VTB-all",filtertype="global",datasource="NBN_AGGV",flash="true",w=89,h=96,type="rectangle",arc diameter=20,legend=Count,font="Dialog",size=11,font color="black",style="p",image="rack_server_farm.png",entity status indicator="Highlight Bar")
button(name="visual_20",label="untitled",x=762,y=481,translucency=0,show shadow=false,action="Active Event List (AEL)",url="",bidi="true",target="_self",filter="g10-pdu-all",filtertype="global",datasource="NBN_AGGV",flash="true",w=96,h=19,type="rectangle",arc diameter=20,legend=Count,font="Dialog",size=11,font color="black",style="p")
button(name="visual_19",label="untitled",x=12,y=308,translucency=0,show shadow=false,action="Active Event List (AEL)",url="",bidi="true",target="_self",filter="6WRS_smts_All",filtertype="global",datasource="NBN_AGGV",flash="true",w=94,h=19,type="rectangle",arc diameter=20,legend=Count,font="Dialog",size=11,font color="black",style="p")
button(name="visual_13",label="untitled",x=502,y=416,translucency=0,show shadow=false,action="Active Event List (AEL)",url="",bidi="true",target="_self",filter="g10-rfems01",filtertype="global",datasource="NBN_AGGV",flash="true",w=60,h=19,type="rectangle",arc diameter=20,legend=Count,font="Dialog",size=11,font color="black",style="p")
icon(name="visual_3",label="SMTSs",x=0,y=175,translucency=0,show shadow=false,action="Open URL",url="$(SERVER)/Map/6WRS_SMTS",bidi="true",target="_self",filter="6WRS_smts_All",filtertype="global",datasource="NBN_AGGV",flash="true",w=118,h=174,type="rectangle",arc diameter=20,legend=None,font="Dialog",size=11,font color="black",style="p",image="SMTS.png",entity status indicator="Highlight Bar")
icon(name="6WRS.rf-swi-01",label="g10-rf-swi-01",x=590,y=385,translucency=0,show shadow=false,action="Open URL",url="https://nmstip:16311/ibm/console/ncp_webtools/pages/ncp_wt_juniperinfo.jsp?domain=NBN&ncpWebtoolRun=ncp_webtool.cgi&toolid=JuniperInterfaceList&toolTitle=Network+Manager+Juniper+Interface+Information+Tool&servletDebug=false&removeHttpHeader=true&query=g10-rf-swi-01-a",bidi="true",target="_self",filter="g10-rf-swi-01",filtertype="global",datasource="NBN_AGGV",flash="true",w=188,h=62,type="rectangle",arc diameter=20,legend=Count,font="Dialog",size=11,font color="black",style="p",image="EX2200.png",entity status indicator="Highlight Bar")
icon(name="6WRS.sar-rtr-01-a",label="g10-sar-rtr-01-a",x=440,y=165,translucency=0,show shadow=false,action="Open URL",url="https://nmstip:16311/ibm/console/ncp_webtools/pages/ncp_wt_juniperinfo.jsp?domain=NBN&ncpWebtoolRun=ncp_webtool.cgi&toolid=JuniperInterfaceList&toolTitle=Network+Manager+Juniper+Interface+Information+Tool&servletDebug=false&removeHttpHeader=true&query=g10-sar-rtr-01-a",bidi="true",target="_self",filter="g10-sar-rtr-01",filtertype="global",datasource="NBN_AGGV",flash="true",w=181,h=78,type="rectangle",arc diameter=20,legend=Count,font="Dialog",size=11,font color="black",style="p",image="MX80.png",entity status indicator="Highlight Bar")
icon(name="6WRS.sar-rtr-02-a",label="g10-sar-rtr-02-a",x=440,y=275,translucency=0,show shadow=false,action="Open URL",url="https://nmstip:16311/ibm/console/ncp_webtools/pages/ncp_wt_juniperinfo.jsp?domain=NBN&ncpWebtoolRun=ncp_webtool.cgi&toolid=JuniperInterfaceList&toolTitle=Network+Manager+Juniper+Interface+Information+Tool&servletDebug=false&removeHttpHeader=true&query=g10-sar-rtr-02-a",bidi="true",target="_self",filter="g10-sar-rtr-02",filtertype="global",datasource="NBN_AGGV",flash="true",w=181,h=78,type="rectangle",arc diameter=20,legend=Count,font="Dialog",size=11,font color="black",style="p",image="MX80.png",entity status indicator="Highlight Bar")
icon(name="6WRS.VC-GWaggSw02",label="g10-agg-swi-01-a",x=215,y=285,translucency=0,show shadow=false,action="Open URL",url="https://nmstip:16311/ibm/console/ncp_webtools/pages/ncp_wt_juniperinfo.jsp?domain=NBN&ncpWebtoolRun=ncp_webtool.cgi&toolid=JuniperInterfaceList&toolTitle=Network+Manager+Juniper+Interface+Information+Tool&servletDebug=false&removeHttpHeader=true&query=g10-agg-swi-01-a",bidi="true",target="_self",filter="g10-agg-swi-02",filtertype="global",datasource="NBN_AGGV",flash="true",w=138,h=71,type="rectangle",arc diameter=20,legend=Count,font="Dialog",size=11,font color="black",style="p",image="EX4500.png",entity status indicator="Highlight Bar")
icon(name="6WRS.agg-swi-01-a",label="g10-agg-swi-01-a",x=215,y=175,translucency=0,show shadow=false,action="Open URL",url="https://nmstip:16311/ibm/console/ncp_webtools/pages/ncp_wt_juniperinfo.jsp?domain=NBN&ncpWebtoolRun=ncp_webtool.cgi&toolid=JuniperInterfaceList&toolTitle=Network+Manager+Juniper+Interface+Information+Tool&servletDebug=false&removeHttpHeader=true&query=g10-agg-swi-01-a",bidi="true",target="_self",filter="g10-agg-swi-01",filtertype="global",datasource="NBN_AGGV",flash="true",w=138,h=71,type="rectangle",arc diameter=20,legend=Count,font="Dialog",size=11,font color="black",style="p",image="EX4500.png",entity status indicator="Highlight Bar")
line(name="visual_167",label="untitled",x=480,y=180,translucency=0,show shadow=false,color="#0033ff",thickness=3,x2=480,y2=297)
icon(name="6WRS.mgmt-swi-01-a",label="g10-mgmt-swi-01-a",x=680,y=175,translucency=0,show shadow=false,action="Open URL",url="https://nmstip:16311/ibm/console/ncp_webtools/pages/ncp_wt_juniperinfo.jsp?domain=NBN&ncpWebtoolRun=ncp_webtool.cgi&toolid=JuniperInterfaceList&toolTitle=Network+Manager+Juniper+Interface+Information+Tool&servletDebug=false&removeHttpHeader=true&query=g10-mgmt-swi-01-a",bidi="true",target="_self",filter="g10-mgmt-swi-01",filtertype="global",datasource="NBN_AGGV",flash="true",w=222,h=66,type="rectangle",arc diameter=20,legend=Count,font="Dialog",size=11,font color="black",style="p",image="EX4200.png",entity status indicator="Highlight Bar")
icon(name="6WRS.VC-GWmgtSw01-1",label="g10-mgmt-swi-01-a",x=669,y=286,translucency=0,show shadow=false,action="Open URL",url="https://nmstip:16311/ibm/console/ncp_webtools/pages/ncp_wt_juniperinfo.jsp?domain=NBN&ncpWebtoolRun=ncp_webtool.cgi&toolid=JuniperInterfaceList&toolTitle=Network+Manager+Juniper+Interface+Information+Tool&servletDebug=false&removeHttpHeader=true&query=g10-mgmt-swi-01-a",bidi="true",target="_self",filter="g10-mgmt-swi-02",filtertype="global",datasource="NBN_AGGV",flash="true",w=222,h=66,type="rectangle",arc diameter=20,legend=Count,font="Dialog",size=11,font color="black",style="p",image="EX4200.png",entity status indicator="Highlight Bar")
icon(name="6WRS.csl-rtr-01-a",label="g10-csl-rtr-01-a",x=1030,y=45,translucency=0,show shadow=false,action="Open URL",url="https://nmstip:16311/ibm/console/ncp_webtools/pages/ncp_wt_ciscoinfo.jsp?domain=NBN&ncpWebtoolRun=ncp_webtool.cgi&toolid=CiscoInterfaceList&toolTitle=Network+Manager+Cisco+Interface+Tool&servletDebug=false&removeHttpHeader=true&query=g10-csl-rtr-01-a",bidi="true",target="_self",filter="g10-csl-rtr-01",filtertype="global",datasource="NBN_AGGV",flash="true",w=160,h=61,type="rectangle",arc diameter=20,legend=Count,font="Dialog",size=11,font color="black",style="p",image="Cisco2911.png",entity status indicator="Highlight Bar")
icon(name="6WRS.csl-rtr-02-a",label="g10-csl-rtr-02-a",x=1030,y=120,translucency=0,show shadow=false,action="Open URL",url="https://nmstip:16311/ibm/console/ncp_webtools/pages/ncp_wt_ciscoinfo.jsp?domain=NBN&ncpWebtoolRun=ncp_webtool.cgi&toolid=CiscoInterfaceList&toolTitle=Network+Manager+Cisco+Interface+Tool&servletDebug=false&removeHttpHeader=true&query=g10-csl-rtr-02-a",bidi="true",target="_self",filter="g10-csl-rtr-02",filtertype="global",datasource="NBN_AGGV",flash="true",w=160,h=61,type="rectangle",arc diameter=20,legend=Count,font="Dialog",size=11,font color="black",style="p",image="Cisco2911.png",entity status indicator="Highlight Bar")
icon(name="visual_7",label="Power Rails and Switches",x=729,y=450,translucency=0,show shadow=false,action="Open URL",url="$(SERVER)/Map/6WRS_PowerRails",bidi="true",target="_self",filter="g10-pdu-all",filtertype="global",datasource="NBN_AGGV",flash="true",w=162,h=72,type="rectangle",arc diameter=20,legend=None,font="Dialog",size=11,font color="black",style="p",image="PowerStrip.png",entity status indicator="Highlight Bar")
icon(name="6WRS.ctrlpc01",label="g10-ctrlpc01",x=975,y=280,translucency=0,show shadow=false,action="Active Event List (AEL)",url="",bidi="true",target="_self",filter="g10-ctrlpc01",filtertype="global",datasource="NBN_AGGV",flash="true",w=220,h=65,type="rectangle",arc diameter=20,legend=Count,font="Dialog",size=11,font color="black",style="p",image="HPRear.png",entity status indicator="Highlight Bar")
icon(name="visual_31",label="g10-rfems01",x=481,y=381,translucency=0,show shadow=false,action="Open URL",url="https://rfems/cgi/host3.php?jnlp=downloads/tn_open.jnlp&cliu=https%3A%2F%2Frfems%2F&open=overview/NBN%20Map/Waroona",bidi="true",target="_self",filter="g10-rfems01",filtertype="global",datasource="NBN_AGGV",flash="true",w=102,h=76,type="rectangle",arc diameter=20,legend=None,font="Dialog",size=11,font color="black",style="p",image="rack_server.png",entity status indicator="Highlight Bar")
icon(name="6WRS.StatisSwitch",label="g10-kvm01",x=1050,y=195,translucency=0,show shadow=false,action="Active Event List (AEL)",url="",bidi="true",target="_self",filter="g10-kvm01",filtertype="global",datasource="NBN_AGGV",flash="true",w=138,h=58,type="rectangle",arc diameter=20,legend=Count,font="Dialog",size=11,font color="black",style="p",image="APC.png",entity status indicator="Highlight Bar")
icon(name="visual_11",label="NCN Network",x=697,y=85,translucency=0,show shadow=false,action="Open URL",url="",bidi="true",target="_self",filter="",filtertype="",datasource="",flash="true",w=78,h=65,type="rectangle",arc diameter=20,legend=None,font="Dialog",size=11,font color="black",style="p",image="cloud.png",entity status indicator="Highlight Bar")
icon(name="visual_12",label="SCN Network",x=282,y=78,translucency=0,show shadow=false,action="Open URL",url="",bidi="true",target="_self",filter="",filtertype="",datasource="",flash="true",w=78,h=65,type="rectangle",arc diameter=20,legend=None,font="Dialog",size=11,font color="black",style="p",image="cloud.png",entity status indicator="Highlight Bar")
line(name="visual_69",label="untitled",x=375,y=106,translucency=0,show shadow=false,color="#cccc00",thickness=3,x2=342,y2=106)
line(name="visual_68",label="untitled",x=447,y=172,translucency=0,show shadow=false,color="#cccc00",thickness=3,x2=373,y2=172)
line(name="visual_64",label="untitled",x=448,y=282,translucency=0,show shadow=false,color="#cccc00",thickness=3,x2=374,y2=282)
line(name="visual_63",label="untitled",x=792,y=103,translucency=0,show shadow=false,color="#cccc00",thickness=3,x2=759,y2=103)
line(name="visual_61",label="untitled",x=793,y=100,translucency=0,show shadow=false,color="#cccc00",thickness=3,x2=793,y2=186)
line(name="visual_60",label="untitled",x=676,y=116,translucency=0,show shadow=false,color="#cccc00",thickness=3,x2=676,y2=299)
line(name="visual_53",label="untitled",x=529,y=101,translucency=0,show shadow=false,color="#cccc00",thickness=3,x2=529,y2=174)
line(name="visual_56",label="untitled",x=414,y=80,translucency=0,show shadow=false,color="#cccc00",thickness=3,x2=414,y2=103)
line(name="visual_55",label="untitled",x=643,y=80,translucency=0,show shadow=false,color="#cccc00",thickness=3,x2=643,y2=101)
line(name="visual_166",label="untitled",x=600,y=395,translucency=0,show shadow=false,color="#339900",thickness=3,x2=532,y2=395)
line(name="visual_165",label="untitled",x=695,y=245,translucency=0,show shadow=false,color="#0033ff",thickness=3,x2=695,y2=191)
line(name="visual_162",label="untitled",x=860,y=390,translucency=0,show shadow=false,color="#0033ff",thickness=3,x2=860,y2=296)
line(name="visual_161",label="untitled",x=1042,y=248,translucency=0,show shadow=false,color="#339900",thickness=3,x2=1042,y2=293)
line(name="visual_160",label="untitled",x=716,y=180,translucency=0,show shadow=false,color="#339900",thickness=3,x2=716,y2=250)
line(name="visual_154",label="untitled",x=885,y=205,translucency=0,show shadow=false,color="#339900",thickness=3,x2=1057,y2=205)
line(name="visual_145",label="untitled",x=870,y=50,translucency=0,show shadow=false,color="#339900",thickness=3,x2=1040,y2=50)
line(name="visual_146",label="untitled",x=870,y=50,translucency=0,show shadow=false,color="#339900",thickness=3,x2=870,y2=182)
line(name="visual_151",label="untitled",x=845,y=240,translucency=0,show shadow=false,color="#339900",thickness=3,x2=845,y2=291)
line(name="visual_147",label="untitled",x=930,y=130,translucency=0,show shadow=false,color="#339900",thickness=3,x2=1040,y2=130)
line(name="visual_144",label="untitled",x=605,y=295,translucency=0,show shadow=false,color="#339900",thickness=3,x2=691,y2=295)
line(name="visual_143",label="untitled",x=610,y=185,translucency=0,show shadow=false,color="#339900",thickness=3,x2=693,y2=185)
line(name="visual_159",label="untitled",x=345,y=290,translucency=0,show shadow=false,color="#0033ff",thickness=3,x2=503,y2=290)
line(name="visual_158",label="untitled",x=345,y=180,translucency=0,show shadow=false,color="#0033ff",thickness=3,x2=499,y2=180)
line(name="visual_157",label="untitled",x=75,y=240,translucency=0,show shadow=false,color="#0033ff",thickness=3,x2=160,y2=240)
line(name="visual_152",label="untitled",x=160,y=185,translucency=0,show shadow=false,color="#0033ff",thickness=3,x2=236,y2=185)
line(name="visual_155",label="untitled",x=160,y=305,translucency=0,show shadow=false,color="#0033ff",thickness=3,x2=240,y2=305)
line(name="visual_14",label="untitled",x=875,y=266,translucency=0,show shadow=false,color="black",thickness=1,x2=875,y2=266)
line(name="visual_15",label="untitled",x=888,y=266,translucency=0,show shadow=false,color="black",thickness=1,x2=888,y2=266)
line(name="visual_16",label="untitled",x=868,y=234,translucency=0,show shadow=false,color="black",thickness=1,x2=868,y2=234)
line(name="visual_17",label="untitled",x=884,y=236,translucency=0,show shadow=false,color="black",thickness=1,x2=884,y2=236)
button(name="visual_9",label="untitled",x=682,y=2,translucency=0,show shadow=false,action="Open URL",url="",bidi="true",target="_self",filter="op-6wrs_ant1b",filtertype="global",datasource="NBN_AGGV",flash="true",w=14,h=14,type="ellipse",arc diameter=20,legend=None,font="Dialog",size=11,font color="black",style="p")
button(name="visual_10",label="untitled",x=448,y=0,translucency=0,show shadow=false,action="Open URL",url="",bidi="true",target="_self",filter="op-6wrs_ant1a",filtertype="global",datasource="NBN_AGGV",flash="true",w=14,h=14,type="ellipse",arc diameter=20,legend=None,font="Dialog",size=11,font color="black",style="p")
text(name="visual_40",label="6WRS",x=0,y=20,translucency=0,show shadow=false,action="Open URL",url="",bidi="true",target="_self",filter="",filtertype="",datasource="",flash="true",font="Dialog",size=25,justify="center",style="p",rotate="0",color="black")
button(name="visual_148",label="untitled",x=115,y=175,translucency=0,show shadow=false,action="Open URL",url="",bidi="true",target="_self",filter="6WRS_Logical_SMTS",filtertype="global",datasource="NBN_AGGV",flash="true",w=14,h=14,type="ellipse",arc diameter=20,legend=None,font="Dialog",size=11,font color="black",style="p")
line(name="visual_153",label="untitled",x=160,y=185,translucency=0,show shadow=false,color="#0033ff",thickness=3,x2=161,y2=307)
line(name="visual_149",label="untitled",x=930,y=130,translucency=0,show shadow=false,color="#339900",thickness=3,x2=930,y2=243)
line(name="visual_156",label="untitled",x=716,y=247,translucency=0,show shadow=false,color="#339900",thickness=3,x2=1041,y2=247)
line(name="visual_163",label="untitled",x=660,y=390,translucency=0,show shadow=false,color="#0033ff",thickness=3,x2=660,y2=247)
line(name="visual_164",label="untitled",x=660,y=245,translucency=0,show shadow=false,color="#0033ff",thickness=3,x2=698,y2=245)
button(name="g10-VC-GWaggSw01-0",label="g10-VC-GWaggSw01-0",x=334,y=158,translucency=0,show shadow=false,action="Open URL",url="",bidi="true",target="_self",filter="op-g10-agg-swi",filtertype="global",datasource="NBN_AGGV",flash="true",w=14,h=14,type="ellipse",arc diameter=20,legend=None,font="Dialog",size=11,font color="black",style="p")
button(name="g10-VC-GWaggSw01-1",label="g10-VC-GWaggSw01-1",x=336,y=268,translucency=0,show shadow=false,action="Open URL",url="",bidi="true",target="_self",filter="op-g10-agg-swi",filtertype="global",datasource="NBN_AGGV",flash="true",w=14,h=14,type="ellipse",arc diameter=20,legend=None,font="Dialog",size=11,font color="black",style="p")
button(name="g10-Brdr01",label="g10-Brdr01",x=625,y=162,translucency=0,show shadow=false,action="Open URL",url="",bidi="true",target="_self",filter="op-g10-sar-rtr-01",filtertype="global",datasource="NBN_AGGV",flash="true",w=14,h=14,type="ellipse",arc diameter=20,legend=None,font="Dialog",size=11,font color="black",style="p")
button(name="g10-VC-GWmgtSw01-0",label="g10-VC-GWmgtSw01-0",x=905,y=175,translucency=0,show shadow=false,action="Open URL",url="",bidi="true",target="_self",filter="op-g10-mgmt-swi",filtertype="global",datasource="NBN_AGGV",flash="true",w=14,h=14,type="ellipse",arc diameter=20,legend=None,font="Dialog",size=11,font color="black",style="p")
button(name="g10-Tser01",label="g10-Tser01",x=1175,y=25,translucency=0,show shadow=false,action="Open URL",url="",bidi="true",target="_self",filter="op-g10-csl-rtr-01",filtertype="global",datasource="NBN_AGGV",flash="true",w=14,h=14,type="ellipse",arc diameter=20,legend=None,font="Dialog",size=11,font color="black",style="p")
button(name="g10-Tser02",label="g10-Tser02",x=1175,y=100,translucency=0,show shadow=false,action="Open URL",url="",bidi="true",target="_self",filter="op-g10-csl-rtr-02",filtertype="global",datasource="NBN_AGGV",flash="true",w=14,h=14,type="ellipse",arc diameter=20,legend=None,font="Dialog",size=11,font color="black",style="p")
button(name="g10-kvm01",label="g10-kvm01",x=1175,y=175,translucency=0,show shadow=false,action="Open URL",url="",bidi="true",target="_self",filter="op-g10-kvm01",filtertype="global",datasource="NBN_AGGV",flash="true",w=14,h=14,type="ellipse",arc diameter=20,legend=None,font="Dialog",size=11,font color="black",style="p")
button(name="visual_187",label="untitled",x=1175,y=260,translucency=0,show shadow=false,action="Open URL",url="",bidi="true",target="_self",filter="op-g10-ctrlpc01",filtertype="global",datasource="NBN_AGGV",flash="true",w=14,h=14,type="ellipse",arc diameter=20,legend=None,font="Dialog",size=11,font color="black",style="p")
button(name="visual_188",label="untitled",x=1025,y=370,translucency=0,show shadow=false,action="Open URL",url="",bidi="true",target="_self",filter="op-g10-rf-swi-02",filtertype="global",datasource="NBN_AGGV",flash="true",w=14,h=14,type="ellipse",arc diameter=20,legend=None,font="Dialog",size=11,font color="black",style="p")
button(name="visual_191",label="untitled",x=849,y=434,translucency=0,show shadow=false,action="Active Event List (AEL)",url="",bidi="true",target="_self",filter="op-g10-pdu-all",filtertype="global",datasource="NBN_AGGV",flash="true",w=14,h=14,type="ellipse",arc diameter=20,legend=None,font="Dialog",size=11,font color="black",style="p")
button(name="visual_192",label="untitled",x=755,y=370,translucency=0,show shadow=false,action="Open URL",url="",bidi="true",target="_self",filter="op-g10-rf-swi-01",filtertype="global",datasource="NBN_AGGV",flash="true",w=14,h=14,type="ellipse",arc diameter=20,legend=None,font="Dialog",size=11,font color="black",style="p")
button(name="g10-VC-GWmgtSw01-1",label="g10-VC-GWmgtSw01-1",x=897,y=287,translucency=0,show shadow=false,action="Open URL",url="",bidi="true",target="_self",filter="op-g10-mgmt-swi",filtertype="global",datasource="NBN_AGGV",flash="true",w=14,h=14,type="ellipse",arc diameter=20,legend=None,font="Dialog",size=11,font color="black",style="p")
button(name="visual_199",label="untitled",x=1129,y=371,translucency=0,show shadow=false,action="Open URL",url="",bidi="true",target="_self",filter="op-g10-rfems02",filtertype="global",datasource="NBN_AGGV",flash="true",w=14,h=14,type="ellipse",arc diameter=20,legend=None,font="Dialog",size=11,font color="black",style="p")
button(name="visual_200",label="untitled",x=561,y=370,translucency=0,show shadow=false,action="Open URL",url="",bidi="true",target="_self",filter="op-g10-rfems01",filtertype="global",datasource="NBN_AGGV",flash="true",w=14,h=14,type="ellipse",arc diameter=20,legend=None,font="Dialog",size=11,font color="black",style="p")
line(name="visual_54",label="untitled",x=643,y=102,translucency=0,show shadow=false,color="#cccc00",thickness=3,x2=412,y2=103)
line(name="visual_58",label="untitled",x=72,y=37,translucency=0,show shadow=false,color="#cccc00",thickness=3,x2=12,y2=37)
text(name="visual_1",label="Single Mode Fiber, Data and Control",x=80,y=40,translucency=0,show shadow=false,action="Open URL",url="",bidi="true",target="_self",filter="",filtertype="",datasource="",flash="true",font="Dialog",size=12,justify="center",style="b",rotate="0",color="black")
line(name="visual_201",label="untitled",x=11,y=54,translucency=0,show shadow=false,color="#0033ff",thickness=3,x2=72,y2=54)
text(name="visual_2",label="10-GigE MM 50/125, Data and Control",x=80,y=60,translucency=0,show shadow=false,action="Open URL",url="",bidi="true",target="_self",filter="",filtertype="",datasource="",flash="true",font="Dialog",size=12,justify="center",style="b",rotate="0",color="black")
text(name="visual_6",label="1-Gigabit Copper Data and Control",x=80,y=80,translucency=0,show shadow=false,action="Open URL",url="",bidi="true",target="_self",filter="",filtertype="",datasource="",flash="true",font="Dialog",size=12,justify="center",style="b",rotate="0",color="black")
text(name="visual_8",label="1-Gigabit Copper MGMT",x=80,y=100,translucency=0,show shadow=false,action="Open URL",url="",bidi="true",target="_self",filter="",filtertype="",datasource="",flash="true",font="Dialog",size=12,justify="center",style="b",rotate="0",color="black")
line(name="visual_202",label="untitled",x=70,y=77,translucency=0,show shadow=false,color="#cc0000",thickness=3,x2=10,y2=77)
line(name="visual_203",label="untitled",x=10,y=94,translucency=0,show shadow=false,color="#339900",thickness=3,x2=73,y2=94)
line(name="visual_62",label="untitled",x=707,y=118,translucency=0,show shadow=false,color="#cccc00",thickness=3,x2=674,y2=118)
line(name="visual_65",label="untitled",x=375,y=104,translucency=0,show shadow=false,color="#cccc00",thickness=3,x2=375,y2=282)
button(name="visual_205",label="g10-Brdr02",x=602,y=259,translucency=0,show shadow=false,action="Open URL",url="",bidi="true",target="_self",filter="op-g10-sar-rtr-02",filtertype="global",datasource="NBN_AGGV",flash="true",w=14,h=14,type="ellipse",arc diameter=20,legend=None,font="Dialog",size=11,font color="black",style="p")
line(name="visual_206",label="untitled",x=816,y=298,translucency=0,show shadow=false,color="#339900",thickness=3,x2=816,y2=459)
line(name="visual_173",label="untitled",x=1028,y=260,translucency=0,show shadow=false,color="#339900",thickness=3,x2=1028,y2=292)
line(name="visual_177",label="untitled",x=295,y=151,translucency=0,show shadow=false,color="#339900",thickness=3,x2=295,y2=183)
line(name="visual_170",label="untitled",x=730,y=260,translucency=0,show shadow=false,color="#339900",thickness=3,x2=730,y2=303)
line(name="visual_181",label="untitled",x=691,y=151,translucency=0,show shadow=false,color="#339900",thickness=3,x2=691,y2=187)
line(name="visual_178",label="untitled",x=296,y=254,translucency=0,show shadow=false,color="#339900",thickness=3,x2=296,y2=286)
line(name="visual_182",label="untitled",x=689,y=254,translucency=0,show shadow=false,color="#339900",thickness=3,x2=689,y2=290)
line(name="visual_183",label="untitled",x=689,y=299,translucency=0,show shadow=false,color="#339900",thickness=3,x2=689,y2=353)
line(name="visual_185",label="untitled",x=697,y=144,translucency=0,show shadow=false,color="#339900",thickness=3,x2=697,y2=191)
line(name="visual_190",label="untitled",x=99,y=300,translucency=0,show shadow=false,color="#339900",thickness=3,x2=99,y2=352)
line(name="visual_189",label="untitled",x=97,y=144,translucency=0,show shadow=false,color="#339900",thickness=3,x2=97,y2=191)
icon(name="visual_5",label="RF Subsystem Sat 1",x=360,y=0,translucency=0,show shadow=false,action="Active Event List (AEL)",url="",bidi="true",target="_self",filter="6wrs_ant1a",filtertype="global",datasource="NBN_AGGV",flash="true",w=112,h=86,type="rectangle",arc diameter=20,legend=Count,font="Dialog",size=11,font color="black",style="p",image="satellite_dish_smaller.png",entity status indicator="Highlight Bar")
icon(name="visual_4",label="RF Subsystem Sat 2",x=593,y=0,translucency=0,show shadow=false,action="Active Event List (AEL)",url="",bidi="true",target="_self",filter="7ges_ant1b",filtertype="global",datasource="NBN_AGGV",flash="true",w=103,h=86,type="rectangle",arc diameter=20,legend=Count,font="Dialog",size=11,font color="black",style="p",image="satellite_dish_smaller.png",entity status indicator="Highlight Bar")
