map(name="7GES_IDU",bgColor="#99ccff",w=520,h=250,numCols=4,acl="*")
text(name="visual_41",label="NTD10",x=440,y=230,translucency=0,show shadow=false,action="Open URL",url="",bidi="true",target="_self",filter="",filtertype="",datasource="",flash="true",font="Dialog",size=11,justify="center",style="p",rotate="0",color="black")
text(name="visual_40",label="NTD09",x=340,y=230,translucency=0,show shadow=false,action="Open URL",url="",bidi="true",target="_self",filter="",filtertype="",datasource="",flash="true",font="Dialog",size=11,justify="center",style="p",rotate="0",color="black")
text(name="visual_39",label="NTD08",x=240,y=230,translucency=0,show shadow=false,action="Open URL",url="",bidi="true",target="_self",filter="",filtertype="",datasource="",flash="true",font="Dialog",size=11,justify="center",style="p",rotate="0",color="black")
text(name="visual_38",label="NTD07",x=140,y=230,translucency=0,show shadow=false,action="Open URL",url="",bidi="true",target="_self",filter="",filtertype="",datasource="",flash="true",font="Dialog",size=11,justify="center",style="p",rotate="0",color="black")
text(name="visual_37",label="NTD06",x=40,y=230,translucency=0,show shadow=false,action="Open URL",url="",bidi="true",target="_self",filter="",filtertype="",datasource="",flash="true",font="Dialog",size=11,justify="center",style="p",rotate="0",color="black")
text(name="visual_36",label="NTD05",x=440,y=130,translucency=0,show shadow=false,action="Open URL",url="",bidi="true",target="_self",filter="",filtertype="",datasource="",flash="true",font="Dialog",size=11,justify="center",style="p",rotate="0",color="black")
text(name="visual_35",label="NTD04",x=340,y=130,translucency=0,show shadow=false,action="Open URL",url="",bidi="true",target="_self",filter="",filtertype="",datasource="",flash="true",font="Dialog",size=11,justify="center",style="",rotate="0",color="black")
text(name="visual_34",label="NTD03",x=240,y=130,translucency=0,show shadow=false,action="Open URL",url="",bidi="true",target="_self",filter="",filtertype="",datasource="",flash="true",font="Dialog",size=11,justify="center",style="p",rotate="0",color="black")
text(name="visual_33",label="NTD02",x=140,y=130,translucency=0,show shadow=false,action="Open URL",url="",bidi="true",target="_self",filter="",filtertype="",datasource="",flash="true",font="Dialog",size=11,justify="center",style="p",rotate="0",color="black")
text(name="visual_32",label="NTD01",x=40,y=130,translucency=0,show shadow=false,action="Open URL",url="",bidi="true",target="_self",filter="",filtertype="",datasource="",flash="true",font="Dialog",size=11,justify="center",style="p",rotate="0",color="black")
button(name="visual_31",label="untitled",x=427,y=185,translucency=0,show shadow=false,action="Open URL",url="",bidi="true",target="_self",filter="g05-ntd10",filtertype="global",datasource="NBN_AGGV",flash="true",w=60,h=19,type="rectangle",arc diameter=20,legend=Count,font="Dialog",size=11,font color="black",style="p")
button(name="visual_30",label="untitled",x=327,y=185,translucency=0,show shadow=false,action="Open URL",url="",bidi="true",target="_self",filter="g05-ntd09",filtertype="global",datasource="NBN_AGGV",flash="true",w=60,h=19,type="rectangle",arc diameter=20,legend=Count,font="Dialog",size=11,font color="black",style="p")
button(name="visual_29",label="untitled",x=227,y=185,translucency=0,show shadow=false,action="Open URL",url="",bidi="true",target="_self",filter="g05-ntd08",filtertype="global",datasource="NBN_AGGV",flash="true",w=60,h=19,type="rectangle",arc diameter=20,legend=Count,font="Dialog",size=11,font color="black",style="p")
button(name="visual_28",label="untitled",x=127,y=185,translucency=0,show shadow=false,action="Open URL",url="",bidi="true",target="_self",filter="g05-ntd07",filtertype="global",datasource="NBN_AGGV",flash="true",w=60,h=19,type="rectangle",arc diameter=20,legend=Count,font="Dialog",size=11,font color="black",style="p")
button(name="visual_27",label="untitled",x=27,y=185,translucency=0,show shadow=false,action="Open URL",url="",bidi="true",target="_self",filter="g05-ntd06",filtertype="global",datasource="NBN_AGGV",flash="true",w=60,h=19,type="rectangle",arc diameter=20,legend=Count,font="Dialog",size=11,font color="black",style="p")
button(name="visual_26",label="untitled",x=427,y=85,translucency=0,show shadow=false,action="Open URL",url="",bidi="true",target="_self",filter="g05-ntd05",filtertype="global",datasource="NBN_AGGV",flash="true",w=60,h=19,type="rectangle",arc diameter=20,legend=Count,font="Dialog",size=11,font color="black",style="p")
button(name="visual_25",label="untitled",x=327,y=85,translucency=0,show shadow=false,action="Open URL",url="",bidi="true",target="_self",filter="g05-ntd05",filtertype="global",datasource="NBN_AGGV",flash="true",w=60,h=19,type="rectangle",arc diameter=20,legend=Count,font="Dialog",size=11,font color="black",style="p")
button(name="visual_24",label="untitled",x=227,y=85,translucency=0,show shadow=false,action="Open URL",url="",bidi="true",target="_self",filter="g05-ntd02",filtertype="global",datasource="NBN_AGGV",flash="true",w=60,h=19,type="rectangle",arc diameter=20,legend=Count,font="Dialog",size=11,font color="black",style="p")
button(name="visual_23",label="untitled",x=127,y=86,translucency=0,show shadow=false,action="Open URL",url="",bidi="true",target="_self",filter="g05-ntd01",filtertype="global",datasource="NBN_AGGV",flash="true",w=60,h=19,type="rectangle",arc diameter=20,legend=Count,font="Dialog",size=11,font color="black",style="p")
button(name="visual_22",label="untitled",x=27,y=85,translucency=0,show shadow=false,action="Open URL",url="",bidi="true",target="_self",filter="g05-ntd02",filtertype="global",datasource="NBN_AGGV",flash="true",w=60,h=19,type="rectangle",arc diameter=20,legend=Count,font="Dialog",size=11,font color="black",style="p")
button(name="visual_21",label="untitled",x=490,y=150,translucency=0,show shadow=false,action="Open URL",url="",bidi="true",target="_self",filter="g05-ntd10",filtertype="global",datasource="NBN_AGGV",flash="true",w=12,h=12,type="ellipse",arc diameter=20,legend=None,font="Dialog",size=11,font color="black",style="p")
button(name="visual_20",label="untitled",x=390,y=150,translucency=0,show shadow=false,action="Open URL",url="",bidi="true",target="_self",filter="g05-ntd09",filtertype="global",datasource="NBN_AGGV",flash="true",w=12,h=12,type="ellipse",arc diameter=20,legend=None,font="Dialog",size=11,font color="black",style="p")
button(name="visual_19",label="untitled",x=290,y=150,translucency=0,show shadow=false,action="Open URL",url="",bidi="true",target="_self",filter="g05-ntd08",filtertype="global",datasource="NBN_AGGV",flash="true",w=12,h=12,type="ellipse",arc diameter=20,legend=None,font="Dialog",size=11,font color="black",style="p")
button(name="visual_18",label="untitled",x=190,y=150,translucency=0,show shadow=false,action="Open URL",url="",bidi="true",target="_self",filter="g05-ntd07",filtertype="global",datasource="NBN_AGGV",flash="true",w=12,h=12,type="ellipse",arc diameter=20,legend=None,font="Dialog",size=11,font color="black",style="p")
button(name="visual_17",label="untitled",x=90,y=150,translucency=0,show shadow=false,action="Open URL",url="",bidi="true",target="_self",filter="g05-ntd06",filtertype="global",datasource="NBN_AGGV",flash="true",w=12,h=12,type="ellipse",arc diameter=20,legend=None,font="Dialog",size=11,font color="black",style="p")
button(name="visual_16",label="untitled",x=490,y=50,translucency=0,show shadow=false,action="Open URL",url="",bidi="true",target="_self",filter="g05-ntd05",filtertype="global",datasource="NBN_AGGV",flash="true",w=12,h=12,type="ellipse",arc diameter=20,legend=None,font="Dialog",size=11,font color="black",style="p")
button(name="visual_15",label="untitled",x=390,y=50,translucency=0,show shadow=false,action="Open URL",url="",bidi="true",target="_self",filter="g05-ntd04",filtertype="global",datasource="NBN_AGGV",flash="true",w=12,h=12,type="ellipse",arc diameter=20,legend=None,font="Dialog",size=11,font color="black",style="p")
button(name="visual_14",label="untitled",x=290,y=50,translucency=0,show shadow=false,action="Open URL",url="",bidi="true",target="_self",filter="g05-ntd02",filtertype="global",datasource="NBN_AGGV",flash="true",w=12,h=12,type="ellipse",arc diameter=20,legend=None,font="Dialog",size=11,font color="black",style="p")
button(name="visual_13",label="untitled",x=190,y=50,translucency=0,show shadow=false,action="Open URL",url="",bidi="true",target="_self",filter="g05-ntd01",filtertype="global",datasource="NBN_AGGV",flash="true",w=12,h=12,type="ellipse",arc diameter=20,legend=None,font="Dialog",size=11,font color="black",style="p")
button(name="visual_12",label="untitled",x=90,y=50,translucency=0,show shadow=false,action="Open URL",url="",bidi="true",target="_self",filter="g05-ntd02",filtertype="global",datasource="NBN_AGGV",flash="true",w=12,h=12,type="ellipse",arc diameter=20,legend=None,font="Dialog",size=11,font color="black",style="p")
icon(name="visual_11",label="g05-ntd10",x=420,y=150,translucency=0,show shadow=false,action="Active Event List (AEL)",url="",bidi="true",target="_self",filter="g05-ntd10",filtertype="global",datasource="NBN_AGGV",flash="true",w=75,h=76,type="rectangle",arc diameter=20,legend=Count,font="Dialog",size=11,font color="black",style="p",image="rack_server.png",entity status indicator="Highlight Bar")
icon(name="visual_10",label="g05-ntd09",x=320,y=150,translucency=0,show shadow=false,action="Active Event List (AEL)",url="",bidi="true",target="_self",filter="g05-ntd09",filtertype="global",datasource="NBN_AGGV",flash="true",w=75,h=76,type="rectangle",arc diameter=20,legend=Count,font="Dialog",size=11,font color="black",style="p",image="rack_server.png",entity status indicator="Highlight Bar")
icon(name="visual_9",label="g05-ntd08",x=220,y=150,translucency=0,show shadow=false,action="Active Event List (AEL)",url="",bidi="true",target="_self",filter="g05-ntd08",filtertype="global",datasource="NBN_AGGV",flash="true",w=75,h=76,type="rectangle",arc diameter=20,legend=Count,font="Dialog",size=11,font color="black",style="p",image="rack_server.png",entity status indicator="Highlight Bar")
icon(name="visual_8",label="g05-ntd07",x=120,y=150,translucency=0,show shadow=false,action="Active Event List (AEL)",url="",bidi="true",target="_self",filter="g05-ntd07",filtertype="global",datasource="NBN_AGGV",flash="true",w=75,h=76,type="rectangle",arc diameter=20,legend=Count,font="Dialog",size=11,font color="black",style="p",image="rack_server.png",entity status indicator="Highlight Bar")
icon(name="visual_7",label="g05-ntd06",x=20,y=150,translucency=0,show shadow=false,action="Active Event List (AEL)",url="",bidi="true",target="_self",filter="g05-ntd06",filtertype="global",datasource="NBN_AGGV",flash="true",w=75,h=76,type="rectangle",arc diameter=20,legend=Count,font="Dialog",size=11,font color="black",style="p",image="rack_server.png",entity status indicator="Highlight Bar")
icon(name="visual_6",label="g05-ntd05",x=420,y=50,translucency=0,show shadow=false,action="Active Event List (AEL)",url="",bidi="true",target="_self",filter="g05-ntd05",filtertype="global",datasource="NBN_AGGV",flash="true",w=75,h=76,type="rectangle",arc diameter=20,legend=Count,font="Dialog",size=11,font color="black",style="p",image="rack_server.png",entity status indicator="Highlight Bar")
icon(name="visual_5",label="g05-ntd04",x=320,y=50,translucency=0,show shadow=false,action="Active Event List (AEL)",url="",bidi="true",target="_self",filter="g05-ntd04",filtertype="global",datasource="NBN_AGGV",flash="true",w=75,h=76,type="rectangle",arc diameter=20,legend=Count,font="Dialog",size=11,font color="black",style="p",image="rack_server.png",entity status indicator="Highlight Bar")
icon(name="visual_4",label="g05-ntd02",x=220,y=50,translucency=0,show shadow=false,action="Active Event List (AEL)",url="",bidi="true",target="_self",filter="g05-ntd02",filtertype="global",datasource="NBN_AGGV",flash="true",w=75,h=76,type="rectangle",arc diameter=20,legend=Count,font="Dialog",size=11,font color="black",style="p",image="rack_server.png",entity status indicator="Highlight Bar")
icon(name="visual_3",label="g05-ntd01",x=120,y=50,translucency=0,show shadow=false,action="Active Event List (AEL)",url="",bidi="true",target="_self",filter="g05-ntd01",filtertype="global",datasource="NBN_AGGV",flash="true",w=75,h=76,type="rectangle",arc diameter=20,legend=Count,font="Dialog",size=11,font color="black",style="p",image="rack_server.png",entity status indicator="Highlight Bar")
icon(name="visual_2",label="g05-ntd02",x=20,y=50,translucency=0,show shadow=false,action="Active Event List (AEL)",url="",bidi="true",target="_self",filter="g05-ntd02",filtertype="global",datasource="NBN_AGGV",flash="true",w=75,h=76,type="rectangle",arc diameter=20,legend=Count,font="Dialog",size=11,font color="black",style="p",image="rack_server.png",entity status indicator="Highlight Bar")
text(name="visual_1",label="7GES IDUs",x=10,y=30,translucency=0,show shadow=false,action="Open URL",url="",bidi="true",target="_self",filter="",filtertype="",datasource="",flash="true",font="Dialog",size=20,justify="center",style="p",rotate="0",color="black")
