map(name="Backlink_Weather_Map",numCols="0",bgImage="NBNCo_Main.png",bgColor="white",w="1356",h="835",acl="*")
text(filtertype="",url="",translucency="0",datasource="",label="Weather Updated: 2019-01-30 16:03:11 UTC",y="806",x="374",filter="",bidi="true",font="Dialog",size="26",show shadow="false",flash="true",color="#ecec85",action="Open URL",rotate="0",style="",target="_self",justify="center",name="Weather_Updated")
icon(filtertype="",legend="None",type="rectangle",url="$(SERVER)/Map/West_AUS",translucency="100",datasource="",label="untitled",y="120",x="100",w="289",filter="",bidi="true",entity status indicator="Highlight Bar",font="Dialog",size="11",image="West_Aust.png",show shadow="false",flash="true",action="Open URL",style="p",h="445",arc diameter="20",font color="black",target="_self",name="visual_92")
button(filtertype="global",legend="None",type="ellipse",url="",translucency="0",datasource="NBN_AGGV",label="untitled",y="506",x="465",w="16",filter="_Clear",bidi="true",font="Dialog",size="11",show shadow="false",flash="true",action="Active Event List (AEL)",style="p",h="16",arc diameter="20",font color="black",target="_self",name="visual_212")
button(filtertype="global",legend="None",type="ellipse",url="",translucency="0",datasource="NBN_AGGV",label="untitled",y="396",x="757",w="16",filter="_Clear",bidi="true",font="Dialog",size="11",show shadow="false",flash="true",action="Active Event List (AEL)",style="p",h="16",arc diameter="20",font color="black",target="_self",name="visual_211")
button(filtertype="global",legend="None",type="ellipse",url="",translucency="0",datasource="NBN_AGGV",label="untitled",y="463",x="689",w="16",filter="_Clear",bidi="true",font="Dialog",size="11",show shadow="false",flash="true",action="Active Event List (AEL)",style="p",h="16",arc diameter="20",font color="black",target="_self",name="visual_210")
button(filtertype="global",legend="None",type="ellipse",url="",translucency="0",datasource="NBN_AGGV",label="untitled",y="505",x="607",w="16",filter="_Clear",bidi="true",font="Dialog",size="11",show shadow="false",flash="true",action="Active Event List (AEL)",style="p",h="16",arc diameter="20",font color="black",target="_self",name="visual_209")
button(filtertype="global",legend="None",type="ellipse",url="",translucency="0",datasource="NBN_AGGV",label="untitled",y="612",x="750",w="16",filter="_Clear",bidi="true",font="Dialog",size="11",show shadow="false",flash="true",action="Active Event List (AEL)",style="p",h="16",arc diameter="20",font color="black",target="_self",name="visual_208")
button(filtertype="global",legend="None",type="ellipse",url="",translucency="0",datasource="NBN_AGGV",label="untitled",y="732",x="714",w="16",filter="_Clear",bidi="true",font="Dialog",size="11",show shadow="false",flash="true",action="Active Event List (AEL)",style="p",h="16",arc diameter="20",font color="black",target="_self",name="visual_207")
button(filtertype="global",legend="None",type="ellipse",url="",translucency="0",datasource="NBN_AGGV",label="untitled",y="357",x="127",w="16",filter="_Clear",bidi="true",font="Dialog",size="11",show shadow="false",flash="true",action="Active Event List (AEL)",style="p",h="16",arc diameter="20",font color="black",target="_self",name="visual_206")
button(filtertype="global",legend="None",type="ellipse",url="",translucency="0",datasource="NBN_AGGV",label="untitled",y="445",x="153",w="16",filter="_Clear",bidi="true",font="Dialog",size="11",show shadow="false",flash="true",action="Active Event List (AEL)",style="p",h="16",arc diameter="20",font color="black",target="_self",name="visual_205")
button(filtertype="global",legend="None",type="ellipse",url="",translucency="0",datasource="NBN_AGGV",label="untitled",y="536",x="170",w="16",filter="_Clear",bidi="true",font="Dialog",size="11",show shadow="false",flash="true",action="Active Event List (AEL)",style="p",h="16",arc diameter="20",font color="black",target="_self",name="visual_204")
button(filtertype="global",legend="None",type="ellipse",url="",translucency="0",datasource="NBN_AGGV",label="untitled",y="469",x="256",w="16",filter="_Clear",bidi="true",font="Dialog",size="11",show shadow="false",flash="true",action="Active Event List (AEL)",style="p",h="16",arc diameter="20",font color="black",target="_self",name="visual_203")
button(filtertype="global",legend="None",type="ellipse",url="",translucency="0",datasource="NBN_AGGV",label="untitled",y="678",x="718",w="13",filter="_Clear",bidi="true",font="Dialog",size="11",show shadow="false",flash="true",action="Active Event List (AEL)",style="p",h="13",arc diameter="20",font color="black",target="_self",name="visual_120")
button(filtertype="global",legend="None",type="ellipse",url="",translucency="0",datasource="NBN_AGGV",label="untitled",y="570",x="673",w="13",filter="_Clear",bidi="true",font="Dialog",size="11",show shadow="false",flash="true",action="Active Event List (AEL)",style="p",h="13",arc diameter="20",font color="black",target="_self",name="visual_119")
button(filtertype="global",legend="None",type="ellipse",url="",translucency="0",datasource="NBN_AGGV",label="untitled",y="476",x="786",w="13",filter="_Minor",bidi="true",font="Dialog",size="11",show shadow="false",flash="true",action="Active Event List (AEL)",style="p",h="13",arc diameter="20",font color="black",target="_self",name="visual_44")
button(filtertype="global",legend="None",type="ellipse",url="",translucency="0",datasource="NBN_AGGV",label="untitled",y="342",x="764",w="13",filter="_Clear",bidi="true",font="Dialog",size="11",show shadow="false",flash="true",action="Active Event List (AEL)",style="p",h="13",arc diameter="20",font color="black",target="_self",name="visual_40")
button(filtertype="global",legend="None",type="ellipse",url="",translucency="0",datasource="NBN_AGGV",label="untitled",y="408",x="694",w="13",filter="_Clear",bidi="true",font="Dialog",size="11",show shadow="false",flash="true",action="Active Event List (AEL)",style="p",h="13",arc diameter="20",font color="black",target="_self",name="visual_34")
button(filtertype="global",legend="None",type="ellipse",url="",translucency="0",datasource="NBN_AGGV",label="untitled",y="455",x="613",w="13",filter="_Clear",bidi="true",font="Dialog",size="11",show shadow="false",flash="true",action="Active Event List (AEL)",style="p",h="13",arc diameter="20",font color="black",target="_self",name="visual_32")
button(filtertype="global",legend="None",type="ellipse",url="",translucency="0",datasource="NBN_AGGV",label="untitled",y="451",x="438",w="13",filter="_Clear",bidi="true",font="Dialog",size="11",show shadow="false",flash="true",action="Active Event List (AEL)",style="p",h="13",arc diameter="20",font color="black",target="_self",name="visual_29")
button(filtertype="global",legend="None",type="ellipse",url="",translucency="0",datasource="NBN_AGGV",label="untitled",y="417",x="229",w="13",filter="_Clear",bidi="true",font="Dialog",size="11",show shadow="false",flash="true",action="Active Event List (AEL)",style="p",h="13",arc diameter="20",font color="black",target="_self",name="visual_26")
button(filtertype="global",legend="None",type="ellipse",url="",translucency="0",datasource="NBN_AGGV",label="untitled",y="485",x="177",w="13",filter="_Clear",bidi="true",font="Dialog",size="11",show shadow="false",flash="true",action="Active Event List (AEL)",style="p",h="13",arc diameter="20",font color="black",target="_self",name="visual_22")
button(filtertype="global",legend="None",type="ellipse",url="",translucency="0",datasource="NBN_AGGV",label="untitled",y="394",x="127",w="13",filter="_Clear",bidi="true",font="Dialog",size="11",show shadow="false",flash="true",action="Active Event List (AEL)",style="p",h="13",arc diameter="20",font color="black",target="_self",name="visual_20")
button(filtertype="global",legend="None",type="ellipse",url="",translucency="0",datasource="NBN_AGGV",label="untitled",y="303",x="103",w="13",filter="_Clear",bidi="true",font="Dialog",size="11",show shadow="false",flash="true",action="Active Event List (AEL)",style="p",h="13",arc diameter="20",font color="black",target="_self",name="visual_17")
button(filtertype="global",legend="Count",type="rectangle",url="",translucency="0",datasource="NBN_AGGV",label="untitled",y="702",x="741",w="18",filter="_Clear",bidi="true",font="Dialog",size="11",show shadow="false",flash="true",action="Active Event List (AEL)",style="p",h="17",arc diameter="20",font color="black",target="_self",name="visual_199")
button(filtertype="global",legend="Count",type="rectangle",url="",translucency="0",datasource="NBN_AGGV",label="untitled",y="704",x="655",w="18",filter="_Clear",bidi="true",font="Dialog",size="11",show shadow="false",flash="true",action="Active Event List (AEL)",style="p",h="17",arc diameter="20",font color="black",target="_self",name="visual_198")
button(filtertype="global",legend="Count",type="rectangle",url="",translucency="0",datasource="NBN_AGGV",label="untitled",y="580",x="771",w="18",filter="_Clear",bidi="true",font="Dialog",size="11",show shadow="false",flash="true",action="Active Event List (AEL)",style="p",h="17",arc diameter="20",font color="black",target="_self",name="visual_197")
button(filtertype="global",legend="Count",type="rectangle",url="",translucency="0",datasource="NBN_AGGV",label="untitled",y="579",x="705",w="18",filter="_Clear",bidi="true",font="Dialog",size="11",show shadow="false",flash="true",action="Active Event List (AEL)",style="p",h="17",arc diameter="20",font color="black",target="_self",name="visual_196")
button(filtertype="global",legend="Count",type="rectangle",url="",translucency="0",datasource="NBN_AGGV",label="untitled",y="366",x="785",w="18",filter="_Clear",bidi="true",font="Dialog",size="11",show shadow="false",flash="true",action="Active Event List (AEL)",style="p",h="17",arc diameter="20",font color="black",target="_self",name="visual_195")
button(filtertype="global",legend="Count",type="rectangle",url="",translucency="0",datasource="NBN_AGGV",label="untitled",y="364",x="710",w="18",filter="_Clear",bidi="true",font="Dialog",size="11",show shadow="false",flash="true",action="Active Event List (AEL)",style="p",h="17",arc diameter="20",font color="black",target="_self",name="visual_194")
button(filtertype="global",legend="Count",type="rectangle",url="",translucency="0",datasource="NBN_AGGV",label="untitled",y="430",x="716",w="18",filter="_Clear",bidi="true",font="Dialog",size="11",show shadow="false",flash="true",action="Active Event List (AEL)",style="p",h="17",arc diameter="20",font color="black",target="_self",name="visual_193")
button(filtertype="global",legend="Count",type="rectangle",url="",translucency="0",datasource="NBN_AGGV",label="untitled",y="432",x="643",w="18",filter="_Clear",bidi="true",font="Dialog",size="11",show shadow="false",flash="true",action="Active Event List (AEL)",style="p",h="17",arc diameter="20",font color="black",target="_self",name="visual_192")
button(filtertype="global",legend="Count",type="rectangle",url="",translucency="0",datasource="NBN_AGGV",label="untitled",y="476",x="632",w="18",filter="_Clear",bidi="true",font="Dialog",size="11",show shadow="false",flash="true",action="Active Event List (AEL)",style="p",h="17",arc diameter="20",font color="black",target="_self",name="visual_191")
button(filtertype="global",legend="Count",type="rectangle",url="",translucency="0",datasource="NBN_AGGV",label="untitled",y="474",x="556",w="18",filter="_Clear",bidi="true",font="Dialog",size="11",show shadow="false",flash="true",action="Active Event List (AEL)",style="p",h="17",arc diameter="20",font color="black",target="_self",name="visual_190")
button(filtertype="global",legend="Count",type="rectangle",url="",translucency="0",datasource="NBN_AGGV",label="untitled",y="472",x="491",w="18",filter="_Clear",bidi="true",font="Dialog",size="11",show shadow="false",flash="true",action="Active Event List (AEL)",style="p",h="17",arc diameter="20",font color="black",target="_self",name="visual_189")
button(filtertype="global",legend="Count",type="rectangle",url="",translucency="0",datasource="NBN_AGGV",label="untitled",y="468",x="416",w="18",filter="_Clear",bidi="true",font="Dialog",size="11",show shadow="false",flash="true",action="Active Event List (AEL)",style="p",h="17",arc diameter="20",font color="black",target="_self",name="visual_188")
button(filtertype="global",legend="Count",type="rectangle",url="",translucency="0",datasource="NBN_AGGV",label="untitled",y="440",x="286",w="18",filter="_Clear",bidi="true",font="Dialog",size="11",show shadow="false",flash="true",action="Active Event List (AEL)",style="p",h="17",arc diameter="20",font color="black",target="_self",name="visual_187")
button(filtertype="global",legend="Count",type="rectangle",url="",translucency="0",datasource="NBN_AGGV",label="untitled",y="444",x="208",w="18",filter="_Clear",bidi="true",font="Dialog",size="11",show shadow="false",flash="true",action="Active Event List (AEL)",style="p",h="17",arc diameter="20",font color="black",target="_self",name="visual_186")
button(filtertype="global",legend="Count",type="rectangle",url="",translucency="0",datasource="NBN_AGGV",label="untitled",y="506",x="196",w="18",filter="_Clear",bidi="true",font="Dialog",size="11",show shadow="false",flash="true",action="Active Event List (AEL)",style="p",h="17",arc diameter="20",font color="black",target="_self",name="visual_185")
button(filtertype="global",legend="Count",type="rectangle",url="",translucency="0",datasource="NBN_AGGV",label="untitled",y="502",x="120",w="18",filter="_Clear",bidi="true",font="Dialog",size="11",show shadow="false",flash="true",action="Active Event List (AEL)",style="p",h="17",arc diameter="20",font color="black",target="_self",name="visual_184")
button(filtertype="global",legend="Count",type="rectangle",url="",translucency="0",datasource="NBN_AGGV",label="untitled",y="416",x="176",w="18",filter="_Clear",bidi="true",font="Dialog",size="11",show shadow="false",flash="true",action="Active Event List (AEL)",style="p",h="17",arc diameter="20",font color="black",target="_self",name="visual_183")
button(filtertype="global",legend="Count",type="rectangle",url="",translucency="0",datasource="NBN_AGGV",label="untitled",y="413",x="102",w="18",filter="_Clear",bidi="true",font="Dialog",size="11",show shadow="false",flash="true",action="Active Event List (AEL)",style="p",h="17",arc diameter="20",font color="black",target="_self",name="visual_182")
button(filtertype="global",legend="Count",type="rectangle",url="",translucency="0",datasource="NBN_AGGV",label="untitled",y="319",x="155",w="18",filter="_Clear",bidi="true",font="Dialog",size="11",show shadow="false",flash="true",action="Active Event List (AEL)",style="p",h="17",arc diameter="20",font color="black",target="_self",name="visual_162")
text(filtertype="",url="",translucency="0",datasource="",label="B",y="732",x="747",filter="",bidi="true",font="Dialog",size="11",show shadow="false",flash="true",color="black",action="Open URL",rotate="0",style="p",target="_self",justify="center",name="visual_181")
text(filtertype="",url="",translucency="0",datasource="",label="B",y="610",x="775",filter="",bidi="true",font="Dialog",size="11",show shadow="false",flash="true",color="black",action="Open URL",rotate="0",style="p",target="_self",justify="center",name="visual_180")
text(filtertype="",url="",translucency="0",datasource="",label="B",y="397",x="791",filter="",bidi="true",font="Dialog",size="11",show shadow="false",flash="true",color="black",action="Open URL",rotate="0",style="p",target="_self",justify="center",name="visual_179")
text(filtertype="",url="",translucency="0",datasource="",label="B",y="460",x="721",filter="",bidi="true",font="Dialog",size="11",show shadow="false",flash="true",color="black",action="Open URL",rotate="0",style="p",target="_self",justify="center",name="visual_178")
text(filtertype="",url="",translucency="0",datasource="",label="B",y="506",x="636",filter="",bidi="true",font="Dialog",size="11",show shadow="false",flash="true",color="black",action="Open URL",rotate="0",style="p",target="_self",justify="center",name="visual_177")
text(filtertype="",url="",translucency="0",datasource="",label="B",y="503",x="494",filter="",bidi="true",font="Dialog",size="11",show shadow="false",flash="true",color="black",action="Open URL",rotate="0",style="p",target="_self",justify="center",name="visual_176")
text(filtertype="",url="",translucency="0",datasource="",label="B",y="470",x="292",filter="",bidi="true",font="Dialog",size="11",show shadow="false",flash="true",color="black",action="Open URL",rotate="0",style="p",target="_self",justify="center",name="visual_175")
text(filtertype="",url="",translucency="0",datasource="",label="B",y="534",x="199",filter="",bidi="true",font="Dialog",size="11",show shadow="false",flash="true",color="black",action="Open URL",rotate="0",style="p",target="_self",justify="center",name="visual_174")
text(filtertype="",url="",translucency="0",datasource="",label="B",y="447",x="178",filter="",bidi="true",font="Dialog",size="11",show shadow="false",flash="true",color="black",action="Open URL",rotate="0",style="p",target="_self",justify="center",name="visual_173")
text(filtertype="",url="",translucency="0",datasource="",label="A",y="608",x="714",filter="",bidi="true",font="Dialog",size="11",show shadow="false",flash="true",color="black",action="Open URL",rotate="0",style="p",target="_self",justify="center",name="visual_171")
text(filtertype="",url="",translucency="0",datasource="",label="A",y="396",x="716",filter="",bidi="true",font="Dialog",size="11",show shadow="false",flash="true",color="black",action="Open URL",rotate="0",style="p",target="_self",justify="center",name="visual_170")
text(filtertype="",url="",translucency="0",datasource="",label="A",y="462",x="650",filter="",bidi="true",font="Dialog",size="11",show shadow="false",flash="true",color="black",action="Open URL",rotate="0",style="p",target="_self",justify="center",name="visual_169")
text(filtertype="",url="",translucency="0",datasource="",label="A",y="734",x="664",filter="",bidi="true",font="Dialog",size="11",show shadow="false",flash="true",color="black",action="Open URL",rotate="0",style="p",target="_self",justify="center",name="visual_168")
text(filtertype="",url="",translucency="0",datasource="",label="A",y="504",x="565",filter="",bidi="true",font="Dialog",size="11",show shadow="false",flash="true",color="black",action="Open URL",rotate="0",style="p",target="_self",justify="center",name="visual_167")
text(filtertype="",url="",translucency="0",datasource="",label="A",y="499",x="424",filter="",bidi="true",font="Dialog",size="11",show shadow="false",flash="true",color="black",action="Open URL",rotate="0",style="p",target="_self",justify="center",name="visual_166")
text(filtertype="",url="",translucency="0",datasource="",label="A",y="474",x="213",filter="",bidi="true",font="Dialog",size="11",show shadow="false",flash="true",color="black",action="Open URL",rotate="0",style="p",target="_self",justify="center",name="visual_165")
text(filtertype="",url="",translucency="0",datasource="",label="A",y="532",x="128",filter="",bidi="true",font="Dialog",size="11",show shadow="false",flash="true",color="black",action="Open URL",rotate="0",style="p",target="_self",justify="center",name="visual_164")
text(filtertype="",url="",translucency="0",datasource="",label="A",y="444",x="110",filter="",bidi="true",font="Dialog",size="11",show shadow="false",flash="true",color="black",action="Open URL",rotate="0",style="p",target="_self",justify="center",name="visual_163")
button(filtertype="global",legend="Count",type="rectangle",url="",translucency="0",datasource="NBN_AGGV",label="untitled",y="319",x="82",w="18",filter="_Clear",bidi="true",font="Dialog",size="11",show shadow="false",flash="true",action="Active Event List (AEL)",style="p",h="17",arc diameter="20",font color="black",target="_self",name="visual_161")
text(filtertype="",url="",translucency="0",datasource="",label="B",y="351",x="160",filter="",bidi="true",font="Dialog",size="11",show shadow="false",flash="true",color="black",action="Open URL",rotate="0",style="p",target="_self",justify="center",name="visual_160")
text(filtertype="",url="",translucency="0",datasource="",label="A",y="348",x="88",filter="",bidi="true",font="Dialog",size="11",show shadow="false",flash="true",color="black",action="Open URL",rotate="0",style="p",target="_self",justify="center",name="visual_159")
button(filtertype="global",legend="Count",type="rectangle",url="",translucency="0",datasource="NBN_AGGV",label="untitled",y="614",x="788",w="17",filter="_Clear",bidi="true",font="Dialog",size="11",show shadow="false",flash="true",action="Active Event List (AEL)",style="p",h="16",arc diameter="20",font color="black",target="_self",name="visual_158")
button(filtertype="global",legend="Count",type="rectangle",url="",translucency="0",datasource="NBN_AGGV",label="untitled",y="450",x="798",w="17",filter="_Clear",bidi="true",font="Dialog",size="11",show shadow="false",flash="true",action="Active Event List (AEL)",style="p",h="16",arc diameter="20",font color="black",target="_self",name="visual_156")
button(filtertype="global",legend="Count",type="rectangle",url="",translucency="0",datasource="NBN_AGGV",label="untitled",y="663",x="695",w="15",filter="_Clear",bidi="true",font="Dialog",size="11",show shadow="false",flash="true",action="Active Event List (AEL)",style="p",h="15",arc diameter="20",font color="black",target="_self",name="visual_157")
button(filtertype="global",legend="Count",type="rectangle",url="",translucency="0",datasource="NBN_AGGV",label="untitled",y="459",x="737",w="17",filter="_Clear",bidi="true",font="Dialog",size="11",show shadow="false",flash="true",action="Active Event List (AEL)",style="p",h="16",arc diameter="20",font color="black",target="_self",name="visual_155")
button(filtertype="global",legend="Count",type="rectangle",url="",translucency="0",datasource="NBN_AGGV",label="untitled",y="613",x="702",w="15",filter="_Clear",bidi="true",font="Dialog",size="11",show shadow="false",flash="true",action="Active Event List (AEL)",style="p",h="16",arc diameter="20",font color="black",target="_self",name="visual_154")
line(datasource="NBN_AGGV",name="visual_153",url="",x2="660",filter="_Clear",action="Open URL",translucency="0",flash="true",target="_self",show shadow="false",filtertype="global",y2="550",y="550",thickness="2",label="untitled",x="671",bidi="true")
button(filtertype="global",legend="Count",type="rectangle",url="",translucency="0",datasource="NBN_AGGV",label="untitled",y="539",x="597",w="63",filter="_Clear",bidi="true",font="Dialog",size="11",show shadow="false",flash="true",action="Active Event List (AEL)",style="p",h="15",arc diameter="20",font color="black",target="_self",name="visual_152")
line(datasource="NBN_AGGV",name="visual_151",url="",x2="585",filter="_Clear",action="Open URL",translucency="0",flash="true",target="_self",show shadow="false",filtertype="global",y2="548",y="521",thickness="2",label="untitled",x="585",bidi="true")
line(datasource="NBN_AGGV",name="visual_150",url="",x2="627",filter="_Clear",action="Open URL",translucency="0",flash="true",target="_self",show shadow="false",filtertype="global",y2="418",y="418",thickness="2",label="untitled",x="657",bidi="true")
button(filtertype="global",legend="Count",type="rectangle",url="",translucency="0",datasource="NBN_AGGV",label="untitled",y="408",x="566",w="63",filter="_Clear",bidi="true",font="Dialog",size="11",show shadow="false",flash="true",action="Active Event List (AEL)",style="p",h="15",arc diameter="20",font color="black",target="_self",name="visual_149")
button(filtertype="global",legend="Count",type="rectangle",url="",translucency="0",datasource="NBN_AGGV",label="untitled",y="573",x="443",w="35",filter="_Clear",bidi="true",font="Dialog",size="11",show shadow="false",flash="true",action="Active Event List (AEL)",style="p",h="15",arc diameter="20",font color="black",target="_self",name="visual_147")
line(datasource="NBN_AGGV",name="visual_142",url="",x2="803",filter="_Clear",action="Open URL",translucency="0",flash="true",target="_self",show shadow="false",filtertype="global",y2="563",y="670",thickness="2",label="untitled",x="818",bidi="true")
button(filtertype="global",legend="Count",type="rectangle",url="",translucency="0",datasource="NBN_AGGV",label="untitled",y="668",x="806",w="24",filter="_Clear",bidi="true",font="Dialog",size="11",show shadow="false",flash="true",action="Active Event List (AEL)",style="p",h="15",arc diameter="20",font color="black",target="_self",name="visual_146")
line(datasource="NBN_AGGV",name="visual_145",url="",x2="742",filter="_Clear",action="Open URL",translucency="0",flash="true",target="_self",show shadow="false",filtertype="global",y2="521",y="521",thickness="2",label="untitled",x="769",bidi="true")
line(datasource="NBN_AGGV",name="visual_144",url="",x2="811",filter="_Clear",action="Open URL",translucency="0",flash="true",target="_self",show shadow="false",filtertype="global",y2="532",y="532",thickness="2",label="untitled",x="841",bidi="true")
button(filtertype="global",legend="Count",type="rectangle",url="",translucency="0",datasource="NBN_AGGV",label="untitled",y="512",x="680",w="63",filter="_Clear",bidi="true",font="Dialog",size="11",show shadow="false",flash="true",action="Active Event List (AEL)",style="p",h="15",arc diameter="20",font color="black",target="_self",name="visual_143")
line(datasource="NBN_AGGV",name="visual_141",url="",x2="841",filter="_Clear",action="Open URL",translucency="0",flash="true",target="_self",show shadow="false",filtertype="global",y2="531",y="312",thickness="2",label="untitled",x="841",bidi="true")
button(filtertype="global",legend="Count",type="rectangle",url="",translucency="0",datasource="NBN_AGGV",label="untitled",y="307",x="445",w="32",filter="_Clear",bidi="true",font="Dialog",size="11",show shadow="false",flash="true",action="Active Event List (AEL)",style="p",h="15",arc diameter="20",font color="black",target="_self",name="visual_139")
line(datasource="NBN_AGGV",name="visual_138",url="",x2="445",filter="_Clear",action="Open URL",translucency="0",flash="true",target="_self",show shadow="false",filtertype="global",y2="311",y="311",thickness="2",label="untitled",x="227",bidi="true")
line(datasource="NBN_AGGV",name="visual_137",url="",x2="226",filter="_Clear",action="Open URL",translucency="0",flash="true",target="_self",show shadow="false",filtertype="global",y2="311",y="499",thickness="2",label="untitled",x="191",bidi="true")
line(datasource="",name="visual_136",url="",x2="638",filter="_Clear",action="Open URL",translucency="0",flash="true",target="_self",show shadow="false",filtertype="global",y2="604",y="604",thickness="2",label="untitled",x="345",bidi="true")
button(filtertype="global",legend="Count",type="rectangle",url="",translucency="0",datasource="NBN_AGGV",label="untitled",y="599",x="319",w="26",filter="_Clear",bidi="true",font="Dialog",size="11",show shadow="false",flash="true",action="Active Event List (AEL)",style="p",h="15",arc diameter="20",font color="black",target="_self",name="visual_135")
button(filtertype="global",legend="Count",type="rectangle",url="",translucency="0",datasource="NBN_AGGV",label="untitled",y="658",x="157",w="29",filter="_Clear",bidi="true",font="Dialog",size="11",show shadow="false",flash="true",action="Active Event List (AEL)",style="p",h="15",arc diameter="20",font color="black",target="_self",name="visual_134")
button(filtertype="global",legend="Count",type="rectangle",url="",translucency="0",datasource="NBN_AGGV",label="untitled",y="633",x="157",w="25",filter="_Clear",bidi="true",font="Dialog",size="11",show shadow="false",flash="true",action="Active Event List (AEL)",style="p",h="15",arc diameter="20",font color="black",target="_self",name="visual_133")
button(filtertype="global",legend="Count",type="rectangle",url="",translucency="0",datasource="NBN_AGGV",label="untitled",y="613",x="157",w="25",filter="_Clear",bidi="true",font="Dialog",size="11",show shadow="false",flash="true",action="Active Event List (AEL)",style="p",h="15",arc diameter="20",font color="black",target="_self",name="visual_132")
line(datasource="NBN_AGGV",name="visual_128",url="",x2="629",filter="_Clear",action="Open URL",translucency="0",flash="true",target="_self",show shadow="false",filtertype="global",y2="359",y="359",thickness="2",label="untitled",x="727",bidi="true")
button(filtertype="global",legend="Count",type="rectangle",url="",translucency="0",datasource="NBN_AGGV",label="untitled",y="349",x="566",w="63",filter="_Clear",bidi="true",font="Dialog",size="11",show shadow="false",flash="true",action="Active Event List (AEL)",style="p",h="15",arc diameter="20",font color="black",target="_self",name="visual_127")
button(filtertype="global",legend="Count",type="rectangle",url="",translucency="0",datasource="NBN_AGGV",label="untitled",y="331",x="438",w="28",filter="_Clear",bidi="true",font="Dialog",size="11",show shadow="false",flash="true",action="Active Event List (AEL)",style="p",h="15",arc diameter="20",font color="black",target="_self",name="visual_126")
button(filtertype="global",legend="Count",type="rectangle",url="",translucency="0",datasource="NBN_AGGV",label="untitled",y="280",x="446",w="27",filter="_Clear",bidi="true",font="Dialog",size="11",show shadow="false",flash="true",action="Active Event List (AEL)",style="p",h="15",arc diameter="20",font color="black",target="_self",name="visual_125")
button(filtertype="global",legend="Count",type="rectangle",url="",translucency="0",datasource="NBN_AGGV",label="untitled",y="261",x="447",w="29",filter="_Clear",bidi="true",font="Dialog",size="11",show shadow="false",flash="true",action="Active Event List (AEL)",style="p",h="15",arc diameter="20",font color="black",target="_self",name="visual_124")
button(filtertype="global",legend="Count",type="rectangle",url="",translucency="0",datasource="NBN_AGGV",label="6CVE",y="731",x="684",w="21",filter="_Clear",bidi="true",font="Dialog",size="11",show shadow="false",flash="true",action="Open URL",style="p",h="18",arc diameter="20",font color="black",target="_self",name="visual_118")
text(filtertype="",url="",translucency="0",datasource="",label="6CVE",y="762",x="696",filter="",bidi="true",font="Dialog",size="11",show shadow="false",flash="true",color="black",action="Open URL",rotate="0",style="p",target="_self",justify="center",name="visual_117")
button(filtertype="global",legend="Count",type="rectangle",url="",translucency="0",datasource="NBN_AGGV",label="6CVE",y="612",x="724",w="21",filter="_Clear",bidi="true",font="Dialog",size="11",show shadow="false",flash="true",action="Open URL",style="p",h="18",arc diameter="20",font color="black",target="_self",name="visual_116")
text(filtertype="",url="",translucency="0",datasource="",label="2WLS",y="641",x="735",filter="",bidi="true",font="Dialog",size="11",show shadow="false",flash="true",color="black",action="Open URL",rotate="0",style="p",target="_self",justify="center",name="visual_115")
button(filtertype="global",legend="Count",type="rectangle",url="",translucency="0",datasource="NBN_AGGV",label="6CVE",y="396",x="730",w="19",filter="_Clear",bidi="true",font="Dialog",size="11",show shadow="false",flash="true",action="Open URL",style="p",h="18",arc diameter="20",font color="black",target="_self",name="visual_114")
text(filtertype="",url="",translucency="0",datasource="",label="4RMS",y="426",x="740",filter="",bidi="true",font="Dialog",size="11",show shadow="false",flash="true",color="black",action="Open URL",rotate="0",style="p",target="_self",justify="center",name="visual_113")
button(filtertype="global",legend="Count",type="rectangle",url="$(SERVER)/Map/2BKS",translucency="0",datasource="NBN_AGGV",label="6CVE",y="463",x="661",w="20",filter="_Clear",bidi="true",font="Dialog",size="11",show shadow="false",flash="true",action="Open URL",style="p",h="18",arc diameter="20",font color="black",target="_self",name="visual_112")
text(filtertype="",url="",translucency="0",datasource="",label="2BKS",y="493",x="674",filter="",bidi="true",font="Dialog",size="11",show shadow="false",flash="true",color="black",action="Open URL",rotate="0",style="p",target="_self",justify="center",name="visual_111")
button(filtertype="global",legend="Count",type="rectangle",url="",translucency="0",datasource="NBN_AGGV",label="6CVE",y="504",x="577",w="23",filter="_Clear",bidi="true",font="Dialog",size="11",show shadow="false",flash="true",action="Open URL",style="p",h="18",arc diameter="20",font color="black",target="_self",name="visual_110")
text(filtertype="",url="",translucency="0",datasource="",label="2BHS",y="534",x="588",filter="",bidi="true",font="Dialog",size="11",show shadow="false",flash="true",color="black",action="Open URL",rotate="0",style="p",target="_self",justify="center",name="visual_109")
button(filtertype="global",legend="Count",type="rectangle",url="",translucency="0",datasource="NBN_AGGV",label="6CVE",y="506",x="437",w="21",filter="_Clear",bidi="true",font="Dialog",size="11",show shadow="false",flash="true",action="Open URL",style="p",h="18",arc diameter="20",font color="black",target="_self",name="visual_108")
text(filtertype="",url="",translucency="0",datasource="",label="5CDS",y="538",x="448",filter="",bidi="true",font="Dialog",size="11",show shadow="false",flash="true",color="black",action="Open URL",rotate="0",style="p",target="_self",justify="center",name="visual_107")
button(filtertype="global",legend="Count",type="rectangle",url="",translucency="0",datasource="NBN_AGGV",label="6CVE",y="467",x="228",w="23",filter="_Clear",bidi="true",font="Dialog",size="11",show shadow="false",flash="true",action="Open URL",style="p",h="18",arc diameter="20",font color="black",target="_self",name="visual_106")
text(filtertype="",url="",translucency="0",datasource="",label="6KGS",y="498",x="238",filter="",bidi="true",font="Dialog",size="11",show shadow="false",flash="true",color="black",action="Open URL",rotate="0",style="p",target="_self",justify="center",name="visual_4")
button(filtertype="global",legend="Count",type="rectangle",url="",translucency="0",datasource="NBN_AGGV",label="6CVE",y="533",x="142",w="22",filter="_Clear",bidi="true",font="Dialog",size="11",show shadow="false",flash="true",action="Open URL",style="p",h="18",arc diameter="20",font color="black",target="_self",name="visual_104")
text(filtertype="",url="",translucency="0",datasource="",label="6WRS",y="566",x="152",filter="",bidi="true",font="Dialog",size="11",show shadow="false",flash="true",color="black",action="Open URL",rotate="0",style="p",target="_self",justify="center",name="visual_103")
button(filtertype="global",legend="Count",type="rectangle",url="",translucency="0",datasource="NBN_AGGV",label="6CVE",y="445",x="123",w="21",filter="_Clear",bidi="true",font="Dialog",size="11",show shadow="false",flash="true",action="Open URL",style="p",h="18",arc diameter="20",font color="black",target="_self",name="visual_102")
text(filtertype="",url="",translucency="0",datasource="",label="6GLS",y="475",x="135",filter="",bidi="true",font="Dialog",size="11",show shadow="false",flash="true",color="black",action="Open URL",rotate="0",style="p",target="_self",justify="center",name="visual_101")
text(filtertype="",url="",translucency="0",datasource="",label="6CVE",y="388",x="112",filter="",bidi="true",font="Dialog",size="11",show shadow="false",flash="true",color="black",action="Open URL",rotate="0",style="p",target="_self",justify="center",name="visual_100")
button(filtertype="global",legend="Count",type="rectangle",url="",translucency="0",datasource="NBN_AGGV",label="6CVE",y="356",x="102",w="20",filter="_Clear",bidi="true",font="Dialog",size="11",show shadow="false",flash="true",action="Open URL",style="p",h="18",arc diameter="20",font color="black",target="_self",name="visual_99")
text(filtertype="",url="",translucency="0",datasource="",label="Failed",y="162",x="56",filter="",bidi="true",font="Dialog",size="11",show shadow="false",flash="true",color="black",action="Open URL",rotate="0",style="p",target="_self",justify="center",name="visual_98")
text(filtertype="",url="",translucency="0",datasource="",label="Stand By",y="142",x="56",filter="",bidi="true",font="Dialog",size="11",show shadow="false",flash="true",color="black",action="Open URL",rotate="0",style="p",target="_self",justify="center",name="visual_97")
text(filtertype="",url="",translucency="0",datasource="",label="Active",y="121",x="56",filter="",bidi="true",font="Dialog",size="11",show shadow="false",flash="true",color="black",action="Open URL",rotate="0",style="p",target="_self",justify="center",name="visual_96")
button(filtertype="global",legend="None",type="ellipse",url="",translucency="0",datasource="NBN_AGGV",label="untitled",y="150",x="38",w="13",filter="_Critical",bidi="true",font="Dialog",size="11",show shadow="false",flash="true",action="Active Event List (AEL)",style="p",h="13",arc diameter="20",font color="black",target="_self",name="visual_95")
button(filtertype="global",legend="None",type="ellipse",url="",translucency="0",datasource="NBN_AGGV",label="untitled",y="130",x="38",w="13",filter="_Minor",bidi="true",font="Dialog",size="11",show shadow="false",flash="true",action="Active Event List (AEL)",style="p",h="13",arc diameter="20",font color="black",target="_self",name="visual_94")
button(filtertype="global",legend="None",type="ellipse",url="",translucency="0",datasource="NBN_AGGV",label="untitled",y="109",x="39",w="13",filter="_Clear",bidi="true",font="Dialog",size="11",show shadow="false",flash="true",action="Active Event List (AEL)",style="p",h="13",arc diameter="20",font color="black",target="_self",name="visual_93")
line(datasource="NBN_AGGV",name="visual_91",url="",x2="662",filter="_Clear",action="Open URL",translucency="0",flash="true",target="_self",show shadow="false",filtertype="global",y2="580",y="567",thickness="2",label="untitled",x="541",bidi="true")
line(datasource="NBN_AGGV",name="visual_90",url="",x2="544",filter="_Clear",action="Open URL",translucency="0",flash="true",target="_self",show shadow="false",filtertype="global",y2="570",y="413",thickness="2",label="untitled",x="544",bidi="true")
line(datasource="NBN_AGGV",name="visual_89",url="",x2="539",filter="_Clear",action="Open URL",translucency="0",flash="true",target="_self",show shadow="false",filtertype="global",y2="416",y="416",thickness="2",label="untitled",x="568",bidi="true")
line(datasource="NBN_AGGV",name="visual_88",url="",x2="671",filter="_Clear",action="Open URL",translucency="0",flash="true",target="_self",show shadow="false",filtertype="global",y2="569",y="549",thickness="2",label="untitled",x="671",bidi="true")
line(datasource="NBN_AGGV",name="visual_61",url="",x2="608",filter="_Clear",action="Open URL",translucency="0",flash="true",target="_self",show shadow="false",filtertype="global",y2="544",y="544",thickness="2",label="untitled",x="580",bidi="true")
line(datasource="NBN_AGGV",name="visual_87",url="",x2="649",filter="_Clear",action="Open URL",translucency="0",flash="true",target="_self",show shadow="false",filtertype="global",y2="584",y="584",thickness="2",label="untitled",x="514",bidi="true")
line(datasource="NBN_AGGV",name="visual_86",url="",x2="516",filter="_Clear",action="Open URL",translucency="0",flash="true",target="_self",show shadow="false",filtertype="global",y2="589",y="355",thickness="2",label="untitled",x="516",bidi="true")
line(datasource="NBN_AGGV",name="visual_85",url="",x2="513",filter="_Clear",action="Open URL",translucency="0",flash="true",target="_self",show shadow="false",filtertype="global",y2="359",y="359",thickness="2",label="untitled",x="566",bidi="true")
line(datasource="NBN_AGGV",name="visual_84",url="",x2="680",filter="_Clear",action="Open URL",translucency="0",flash="true",target="_self",show shadow="false",filtertype="global",y2="516",y="516",thickness="2",label="untitled",x="640",bidi="true")
line(datasource="NBN_AGGV",name="visual_83",url="",x2="778",filter="_Clear",action="Open URL",translucency="0",flash="true",target="_self",show shadow="false",filtertype="global",y2="491",y="466",thickness="2",label="untitled",x="778",bidi="true")
line(datasource="NBN_AGGV",name="visual_82",url="",x2="776",filter="_Clear",action="Open URL",translucency="0",flash="true",target="_self",show shadow="false",filtertype="global",y2="466",y="466",thickness="2",label="untitled",x="722",bidi="true")
line(datasource="NBN_AGGV",name="visual_64",url="",x2="811",filter="_Clear",action="Open URL",translucency="0",flash="true",target="_self",show shadow="false",filtertype="global",y2="502",y="408",thickness="2",label="untitled",x="811",bidi="true")
line(datasource="NBN_AGGV",name="visual_62",url="",x2="809",filter="_Clear",action="Open URL",translucency="0",flash="true",target="_self",show shadow="false",filtertype="global",y2="408",y="408",thickness="2",label="untitled",x="790",bidi="true")
line(datasource="NBN_AGGV",name="visual_81",url="",x2="800",filter="_Clear",action="Open URL",translucency="0",flash="true",target="_self",show shadow="false",filtertype="global",y2="626",y="576",thickness="2",label="untitled",x="800",bidi="true")
line(datasource="NBN_AGGV",name="visual_80",url="",x2="816",filter="_Clear",action="Open URL",translucency="0",flash="true",target="_self",show shadow="false",filtertype="global",y2="683",y="749",thickness="2",label="untitled",x="816",bidi="true")
line(datasource="NBN_AGGV",name="visual_79",url="",x2="820",filter="_Clear",action="Open URL",translucency="0",flash="true",target="_self",show shadow="false",filtertype="global",y2="745",y="745",thickness="2",label="untitled",x="744",bidi="true")
line(datasource="NBN_AGGV",name="visual_78",url="",x2="812",filter="_Clear",action="Open URL",translucency="0",flash="true",target="_self",show shadow="false",filtertype="global",y2="524",y="524",thickness="2",label="untitled",x="825",bidi="true")
line(datasource="NBN_AGGV",name="visual_77",url="",x2="826",filter="_Clear",action="Open URL",translucency="0",flash="true",target="_self",show shadow="false",filtertype="global",y2="522",y="331",thickness="2",label="untitled",x="826",bidi="true")
line(datasource="NBN_AGGV",name="visual_76",url="",x2="439",filter="_Clear",action="Open URL",translucency="0",flash="true",target="_self",show shadow="false",filtertype="global",y2="341",y="341",thickness="2",label="untitled",x="296",bidi="true")
line(datasource="NBN_AGGV",name="visual_75",url="",x2="296",filter="_Clear",action="Open URL",translucency="0",flash="true",target="_self",show shadow="false",filtertype="global",y2="344",y="430",thickness="2",label="untitled",x="280",bidi="true")
line(datasource="NBN_AGGV",name="visual_74",url="",x2="812",filter="_Clear",action="Open URL",translucency="0",flash="true",target="_self",show shadow="false",filtertype="global",y2="546",y="546",thickness="2",label="untitled",x="865",bidi="true")
line(datasource="NBN_AGGV",name="visual_73",url="",x2="865",filter="_Clear",action="Open URL",translucency="0",flash="true",target="_self",show shadow="false",filtertype="global",y2="544",y="286",thickness="2",label="untitled",x="865",bidi="true")
line(datasource="NBN_AGGV",name="visual_72",url="",x2="447",filter="_Clear",action="Open URL",translucency="0",flash="true",target="_self",show shadow="false",filtertype="global",y2="284",y="284",thickness="2",label="untitled",x="201",bidi="true")
line(datasource="NBN_AGGV",name="visual_71",url="",x2="202",filter="_Clear",action="Open URL",translucency="0",flash="true",target="_self",show shadow="false",filtertype="global",y2="286",y="405",thickness="2",label="untitled",x="180",bidi="true")
line(datasource="",name="visual_70",url="",x2="862",filter="",action="Open URL",translucency="0",flash="true",target="_self",show shadow="false",filtertype="",y2="498",y="498",thickness="1",label="untitled",x="862",bidi="true")
line(datasource="NBN_AGGV",name="visual_69",url="",x2="812",filter="_Clear",action="Open URL",translucency="0",flash="true",target="_self",show shadow="false",filtertype="global",y2="556",y="556",thickness="2",label="untitled",x="883",bidi="true")
line(datasource="NBN_AGGV",name="visual_68",url="",x2="884",filter="_Clear",action="Open URL",translucency="0",flash="true",target="_self",show shadow="false",filtertype="global",y2="556",y="268",thickness="2",label="untitled",x="884",bidi="true")
line(datasource="NBN_AGGV",name="visual_67",url="",x2="448",filter="_Clear",action="Open URL",translucency="0",flash="true",target="_self",show shadow="false",filtertype="global",y2="266",y="266",thickness="2",label="untitled",x="127",bidi="true")
line(datasource="NBN_AGGV",name="visual_66",url="",x2="127",filter="_Clear",action="Open URL",translucency="0",flash="true",target="_self",show shadow="false",filtertype="global",y2="265",y="304",thickness="2",label="untitled",x="127",bidi="true")
line(datasource="NBN_AGGV",name="visual_65",url="",x2="695",filter="_Clear",action="Open URL",translucency="0",flash="true",target="_self",show shadow="false",filtertype="global",y2="653",y="690",thickness="2",label="untitled",x="706",bidi="true")
line(datasource="NBN_AGGV",name="visual_63",url="",x2="721",filter="_Clear",action="Open URL",translucency="0",flash="true",target="_self",show shadow="false",filtertype="global",y2="620",y="620",thickness="2",label="untitled",x="697",bidi="true")
line(datasource="NBN_AGGV",name="visual_60",url="",x2="649",filter="_Clear",action="Open URL",translucency="0",flash="true",target="_self",show shadow="false",filtertype="global",y2="594",y="594",thickness="2",label="untitled",x="457",bidi="true")
line(datasource="NBN_AGGV",name="visual_59",url="",x2="462",filter="_Clear",action="Open URL",translucency="0",flash="true",target="_self",show shadow="false",filtertype="global",y2="596",y="586",thickness="2",label="untitled",x="462",bidi="true")
line(datasource="NBN_AGGV",name="visual_58",url="",x2="319",filter="_Clear",action="Open URL",translucency="0",flash="true",target="_self",show shadow="false",filtertype="global",y2="604",y="604",thickness="2",label="untitled",x="242",bidi="true")
line(datasource="NBN_AGGV",name="visual_57",url="",x2="247",filter="_Clear",action="Open URL",translucency="0",flash="true",target="_self",show shadow="false",filtertype="global",y2="604",y="516",thickness="2",label="untitled",x="247",bidi="true")
line(datasource="NBN_AGGV",name="visual_56",url="",x2="162",filter="_Clear",action="Open URL",translucency="0",flash="true",target="_self",show shadow="false",filtertype="global",y2="617",y="617",thickness="2",label="untitled",x="104",bidi="true")
line(datasource="NBN_AGGV",name="visual_55",url="",x2="108",filter="_Clear",action="Open URL",translucency="0",flash="true",target="_self",show shadow="false",filtertype="global",y2="620",y="540",thickness="2",label="untitled",x="108",bidi="true")
line(datasource="NBN_AGGV",name="visual_54",url="",x2="107",filter="_Clear",action="Open URL",translucency="0",flash="true",target="_self",show shadow="false",filtertype="global",y2="545",y="545",thickness="2",label="untitled",x="130",bidi="true")
line(datasource="NBN_AGGV",name="visual_53",url="",x2="161",filter="_Clear",action="Open URL",translucency="0",flash="true",target="_self",show shadow="false",filtertype="global",y2="638",y="638",thickness="2",label="untitled",x="72",bidi="true")
line(datasource="NBN_AGGV",name="visual_52",url="",x2="77",filter="_Clear",action="Open URL",translucency="0",flash="true",target="_self",show shadow="false",filtertype="global",y2="639",y="454",thickness="2",label="untitled",x="77",bidi="true")
line(datasource="NBN_AGGV",name="visual_51",url="",x2="73",filter="_Clear",action="Open URL",translucency="0",flash="true",target="_self",show shadow="false",filtertype="global",y2="459",y="459",thickness="2",label="untitled",x="114",bidi="true")
line(datasource="",name="visual_50",url="",x2="181",filter="",action="Open URL",translucency="0",flash="true",target="_self",show shadow="false",filtertype="",y2="702",y="702",thickness="1",label="untitled",x="181",bidi="true")
line(datasource="",name="visual_49",url="",x2="371",filter="",action="Open URL",translucency="0",flash="true",target="_self",show shadow="false",filtertype="",y2="671",y="670",thickness="1",label="untitled",x="367",bidi="true")
line(datasource="",name="visual_48",url="",x2="570",filter="",action="Open URL",translucency="0",flash="true",target="_self",show shadow="false",filtertype="",y2="643",y="642",thickness="1",label="untitled",x="570",bidi="true")
line(datasource="",name="visual_47",url="",x2="160",filter="_Clear",action="Open URL",translucency="0",flash="true",target="_self",show shadow="false",filtertype="global",y2="663",y="663",thickness="2",label="untitled",x="51",bidi="true")
line(datasource="NBN_AGGV",name="visual_46",url="",x2="56",filter="_Clear",action="Open URL",translucency="0",flash="true",target="_self",show shadow="false",filtertype="global",y2="663",y="364",thickness="2",label="untitled",x="56",bidi="true")
line(datasource="NBN_AGGV",name="visual_45",url="",x2="100",filter="_Clear",action="Open URL",translucency="0",flash="true",target="_self",show shadow="false",filtertype="global",y2="364",y="364",thickness="2",label="untitled",x="55",bidi="true")
button(filtertype="global",legend="None",type="ellipse",url="",translucency="0",datasource="NBN_AGGV",label="untitled",y="409",x="662",w="13",filter="_Clear",bidi="true",font="Dialog",size="11",show shadow="false",flash="true",action="Active Event List (AEL)",style="p",h="13",arc diameter="20",font color="black",target="_self",name="visual_43")
button(filtertype="global",legend="None",type="ellipse",url="",translucency="0",datasource="NBN_AGGV",label="untitled",y="341",x="731",w="13",filter="_Clear",bidi="true",font="Dialog",size="11",show shadow="false",flash="true",action="Active Event List (AEL)",style="p",h="13",arc diameter="20",font color="black",target="_self",name="visual_41")
button(filtertype="global",legend="None",type="ellipse",url="",translucency="0",datasource="NBN_AGGV",label="untitled",y="556",x="724",w="13",filter="_Clear",bidi="true",font="Dialog",size="11",show shadow="false",flash="true",action="Active Event List (AEL)",style="p",h="13",arc diameter="20",font color="black",target="_self",name="visual_38")
button(filtertype="global",legend="None",type="ellipse",url="",translucency="0",datasource="NBN_AGGV",label="untitled",y="556",x="752",w="13",filter="_Clear",bidi="true",font="Dialog",size="11",show shadow="false",flash="true",action="Active Event List (AEL)",style="p",h="13",arc diameter="20",font color="black",target="_self",name="visual_37")
button(filtertype="global",legend="None",type="ellipse",url="",translucency="0",datasource="NBN_AGGV",label="untitled",y="677",x="679",w="13",filter="_Clear",bidi="true",font="Dialog",size="11",show shadow="false",flash="true",action="Active Event List (AEL)",style="p",h="13",arc diameter="20",font color="black",target="_self",name="visual_35")
button(filtertype="global",legend="None",type="ellipse",url="",translucency="0",datasource="NBN_AGGV",label="untitled",y="455",x="577",w="13",filter="_Clear",bidi="true",font="Dialog",size="11",show shadow="false",flash="true",action="Active Event List (AEL)",style="p",h="13",arc diameter="20",font color="black",target="_self",name="visual_31")
button(filtertype="global",legend="None",type="ellipse",url="",translucency="0",datasource="NBN_AGGV",label="untitled",y="451",x="470",w="13",filter="_Clear",bidi="true",font="Dialog",size="11",show shadow="false",flash="true",action="Active Event List (AEL)",style="p",h="13",arc diameter="20",font color="black",target="_self",name="visual_28")
button(filtertype="global",legend="None",type="ellipse",url="",translucency="0",datasource="NBN_AGGV",label="untitled",y="416",x="262",w="13",filter="_Clear",bidi="true",font="Dialog",size="11",show shadow="false",flash="true",action="Active Event List (AEL)",style="p",h="13",arc diameter="20",font color="black",target="_self",name="visual_25")
button(filtertype="global",legend="None",type="ellipse",url="",translucency="0",datasource="NBN_AGGV",label="untitled",y="485",x="143",w="13",filter="_Clear",bidi="true",font="Dialog",size="11",show shadow="false",flash="true",action="Active Event List (AEL)",style="p",h="13",arc diameter="20",font color="black",target="_self",name="visual_23")
button(filtertype="global",legend="None",type="ellipse",url="",translucency="0",datasource="NBN_AGGV",label="untitled",y="394",x="159",w="13",filter="_Clear",bidi="true",font="Dialog",size="11",show shadow="false",flash="true",action="Active Event List (AEL)",style="p",h="13",arc diameter="20",font color="black",target="_self",name="visual_19")
button(filtertype="global",legend="None",type="ellipse",url="",translucency="0",datasource="NBN_AGGV",label="untitled",y="302",x="135",w="13",filter="_Clear",bidi="true",font="Dialog",size="11",show shadow="false",flash="true",action="Active Event List (AEL)",style="p",h="13",arc diameter="20",font color="black",target="_self",name="visual_16")
line(datasource="NBN_AGGV",name="visual_172",url="",x2="791",filter="_Clear",action="Open URL",translucency="0",flash="true",target="_self",show shadow="false",filtertype="global",y2="619",y="619",thickness="2",label="untitled",x="777",bidi="true")
line(datasource="NBN_AGGV",name="visual_123",url="",x2="824",filter="_Clear",action="Open URL",translucency="0",flash="true",target="_self",show shadow="false",filtertype="global",y2="331",y="331",thickness="2",label="untitled",x="466",bidi="true")
line(datasource="NBN_AGGV",name="visual_140",url="",x2="836",filter="_Clear",action="Open URL",translucency="0",flash="true",target="_self",show shadow="false",filtertype="global",y2="312",y="312",thickness="2",label="untitled",x="477",bidi="true")
line(datasource="NBN_AGGV",name="visual_122",url="",x2="864",filter="_Clear",action="Open URL",translucency="0",flash="true",target="_self",show shadow="false",filtertype="global",y2="284",y="284",thickness="2",label="untitled",x="473",bidi="true")
line(datasource="NBN_AGGV",name="visual_121",url="",x2="882",filter="_Clear",action="Open URL",translucency="0",flash="true",target="_self",show shadow="false",filtertype="global",y2="267",y="267",thickness="2",label="untitled",x="474",bidi="true")
line(datasource="",name="visual_130",url="",x2="637",filter="_Clear",action="Open URL",translucency="0",flash="true",target="_self",show shadow="false",filtertype="global",y2="638",y="638",thickness="2",label="untitled",x="182",bidi="true")
line(datasource="",name="visual_131",url="",x2="638",filter="_Clear",action="Open URL",translucency="0",flash="true",target="_self",show shadow="false",filtertype="global",y2="619",y="619",thickness="2",label="untitled",x="182",bidi="true")
line(datasource="",name="visual_129",url="",x2="638",filter="_Clear",action="Open URL",translucency="0",flash="true",target="_self",show shadow="false",filtertype="global",y2="663",y="663",thickness="2",label="untitled",x="186",bidi="true")
line(datasource="NBN_AGGV",name="visual_148",url="",x2="457",filter="_Clear",action="Open URL",translucency="0",flash="true",target="_self",show shadow="false",filtertype="global",y2="540",y="580",thickness="2",label="untitled",x="457",bidi="true")
text(filtertype="",url="",translucency="0",datasource="",label="Weather Updated: ",y="778",x="374",filter="",bidi="true",font="Dialog",size="26",show shadow="false",flash="true",color="#ecec85",action="Open URL",rotate="0",style="",target="_self",justify="center",name="visual_200")
icon(filtertype="",legend="None",type="rectangle",url="",translucency="0",datasource="",label="",y="0",x="60",w="850",filter="",bidi="true",entity status indicator="Glow Background",font="Dialog",size="11",image="localRadarImage.png",show shadow="false",flash="true",action="Open URL",style="p",h="750",arc diameter="20",font color="black",target="_self",name="visual_92")