map(name="DPC01_C7000orig",bgColor="#99ccff",w=1159,h=773,numCols=0,acl="*")
button(name="visual_94",label="untitled",x=640,y=264,translucency=0,show shadow=false,action="Active Event List (AEL)",url="",bidi="true",target="_self",filter="op-d01-vasn02",filtertype="global",datasource="NBN_AGGV",flash="true",w=13,h=12,type="ellipse",arc diameter=20,legend=Count,font="Dialog",size=11,font color="black",style="p")
icon(name="visual_93",label="d02-asngateway",x=558,y=225,translucency=0,show shadow=false,action="Active Event List (AEL)",url="",bidi="true",target="_self",filter="d01-vasn02",filtertype="global",datasource="NBN_AGGV",flash="true",w=101,h=76,type="rectangle",arc diameter=20,legend=Count,font="Dialog",size=11,font color="black",style="p",image="light_rack_server.png",entity status indicator="Highlight Bar")
button(name="visual_92",label="untitled",x=1109,y=687,translucency=0,show shadow=false,action="Active Event List (AEL)",url="",bidi="true",target="_self",filter="d01-smtp02",filtertype="global",datasource="NBN_AGGV",flash="true",w=13,h=12,type="ellipse",arc diameter=20,legend=Count,font="Dialog",size=11,font color="black",style="p")
button(name="visual_91",label="untitled",x=758,y=704,translucency=0,show shadow=false,action="Active Event List (AEL)",url="",bidi="true",target="_self",filter="op-d01-wsus01",filtertype="global",datasource="NBN_AGGV",flash="true",w=13,h=12,type="ellipse",arc diameter=20,legend=Count,font="Dialog",size=11,font color="black",style="p")
button(name="visual_90",label="untitled",x=295,y=702,translucency=0,show shadow=false,action="Active Event List (AEL)",url="",bidi="true",target="_self",filter="op-d01-kick02",filtertype="global",datasource="NBN_AGGV",flash="true",w=13,h=12,type="ellipse",arc diameter=20,legend=Count,font="Dialog",size=11,font color="black",style="p")
button(name="visual_89",label="untitled",x=1107,y=607,translucency=0,show shadow=false,action="Active Event List (AEL)",url="",bidi="true",target="_self",filter="op-d01-smtp01",filtertype="global",datasource="NBN_AGGV",flash="true",w=13,h=12,type="ellipse",arc diameter=20,legend=Count,font="Dialog",size=11,font color="black",style="p")
button(name="visual_36",label="untitled",x=293,y=614,translucency=0,show shadow=false,action="Active Event List (AEL)",url="",bidi="true",target="_self",filter="op-d01-kick01",filtertype="global",datasource="NBN_AGGV",flash="true",w=13,h=12,type="ellipse",arc diameter=20,legend=Count,font="Dialog",size=11,font color="black",style="p")
button(name="visual_35",label="untitled",x=298,y=517,translucency=0,show shadow=false,action="Active Event List (AEL)",url="",bidi="true",target="_self",filter="op-d01-dhcp02",filtertype="global",datasource="NBN_AGGV",flash="true",w=13,h=12,type="ellipse",arc diameter=20,legend=Count,font="Dialog",size=11,font color="black",style="p")
button(name="visual_34",label="untitled",x=188,y=518,translucency=0,show shadow=false,action="Active Event List (AEL)",url="",bidi="true",target="_self",filter="op-d01-dhcp01",filtertype="global",datasource="NBN_AGGV",flash="true",w=13,h=12,type="ellipse",arc diameter=20,legend=Count,font="Dialog",size=11,font color="black",style="p")
button(name="visual_33",label="untitled",x=1102,y=424,translucency=0,show shadow=false,action="Active Event List (AEL)",url="",bidi="true",target="_self",filter="op-d01-cert01",filtertype="global",datasource="NBN_AGGV",flash="true",w=13,h=12,type="ellipse",arc diameter=20,legend=Count,font="Dialog",size=11,font color="black",style="p")
button(name="visual_32",label="untitled",x=873,y=429,translucency=0,show shadow=false,action="Active Event List (AEL)",url="",bidi="true",target="_self",filter="op-d01-ntp02",filtertype="global",datasource="NBN_AGGV",flash="true",w=13,h=12,type="ellipse",arc diameter=20,legend=Count,font="Dialog",size=11,font color="black",style="p")
button(name="visual_31",label="untitled",x=761,y=432,translucency=0,show shadow=false,action="Active Event List (AEL)",url="",bidi="true",target="_self",filter="op-d01-ntp01",filtertype="global",datasource="NBN_AGGV",flash="true",w=13,h=12,type="ellipse",arc diameter=20,legend=Count,font="Dialog",size=11,font color="black",style="p")
button(name="visual_30",label="untitled",x=638,y=424,translucency=0,show shadow=false,action="Active Event List (AEL)",url="",bidi="true",target="_self",filter="op-d01-blkbxmgr01",filtertype="global",datasource="NBN_AGGV",flash="true",w=13,h=12,type="ellipse",arc diameter=20,legend=Count,font="Dialog",size=11,font color="black",style="p")
button(name="visual_29",label="untitled",x=524,y=266,translucency=0,show shadow=false,action="Active Event List (AEL)",url="",bidi="true",target="_self",filter="op-d01-blkbxmgr01",filtertype="global",datasource="NBN_AGGV",flash="true",w=13,h=12,type="ellipse",arc diameter=20,legend=Count,font="Dialog",size=11,font color="black",style="p")
button(name="visual_28",label="untitled",x=524,y=349,translucency=0,show shadow=false,action="Active Event List (AEL)",url="",bidi="true",target="_self",filter="op-d01-dc02",filtertype="global",datasource="NBN_AGGV",flash="true",w=13,h=12,type="ellipse",arc diameter=20,legend=Count,font="Dialog",size=11,font color="black",style="p")
button(name="visual_27",label="untitled",x=407,y=347,translucency=0,show shadow=false,action="Active Event List (AEL)",url="",bidi="true",target="_self",filter="op-d01-dc01",filtertype="global",datasource="NBN_AGGV",flash="true",w=13,h=12,type="ellipse",arc diameter=20,legend=Count,font="Dialog",size=11,font color="black",style="p")
button(name="visual_26",label="untitled",x=295,y=351,translucency=0,show shadow=false,action="Active Event List (AEL)",url="",bidi="true",target="_self",filter="op-d01-dns02",filtertype="global",datasource="NBN_AGGV",flash="true",w=13,h=12,type="ellipse",arc diameter=20,legend=Count,font="Dialog",size=11,font color="black",style="p")
button(name="visual_25",label="untitled",x=191,y=351,translucency=0,show shadow=false,action="Active Event List (AEL)",url="",bidi="true",target="_self",filter="op-d01-dns01",filtertype="global",datasource="NBN_AGGV",flash="true",w=13,h=12,type="ellipse",arc diameter=20,legend=Count,font="Dialog",size=11,font color="black",style="p")
button(name="visual_24",label="untitled",x=192,y=425,translucency=0,show shadow=false,action="Active Event List (AEL)",url="",bidi="true",target="_self",filter="op-d01-aaaapi01",filtertype="global",datasource="NBN_AGGV",flash="true",w=13,h=12,type="ellipse",arc diameter=20,legend=Count,font="Dialog",size=11,font color="black",style="p")
button(name="visual_23",label="untitled",x=87,y=428,translucency=0,show shadow=false,action="Active Event List (AEL)",url="",bidi="true",target="_self",filter="op-d01-aaa02",filtertype="global",datasource="NBN_AGGV",flash="true",w=13,h=12,type="ellipse",arc diameter=20,legend=Count,font="Dialog",size=11,font color="black",style="p")
button(name="visual_22",label="untitled",x=88,y=354,translucency=0,show shadow=false,action="Active Event List (AEL)",url="",bidi="true",target="_self",filter="op-d01-aaa01",filtertype="global",datasource="NBN_AGGV",flash="true",w=13,h=12,type="ellipse",arc diameter=20,legend=Count,font="Dialog",size=11,font color="black",style="p")
icon(name="visual_88",label="d01-smtp02 SVR126",x=1042,y=648,translucency=0,show shadow=false,action="Active Event List (AEL)",url="",bidi="true",target="_self",filter="d01-smtp02",filtertype="global",datasource="NBN_AGGV",flash="true",w=72,h=76,type="rectangle",arc diameter=20,legend=Count,font="Dialog",size=11,font color="black",style="p",image="light_rack_server.png",entity status indicator="Highlight Bar")
icon(name="visual_87",label="d01-kick02 SVR122",x=227,y=664,translucency=0,show shadow=false,action="Active Event List (AEL)",url="",bidi="true",target="_self",filter="d01-kick02",filtertype="global",datasource="NBN_AGGV",flash="true",w=72,h=76,type="rectangle",arc diameter=20,legend=Count,font="Dialog",size=11,font color="black",style="p",image="light_rack_server.png",entity status indicator="Highlight Bar")
icon(name="visual_86",label="d01-dns02 SVR124",x=227,y=312,translucency=0,show shadow=false,action="Active Event List (AEL)",url="",bidi="true",target="_self",filter="d01-dns02",filtertype="global",datasource="NBN_AGGV",flash="true",w=72,h=76,type="rectangle",arc diameter=20,legend=Count,font="Dialog",size=11,font color="black",style="p",image="light_rack_server.png",entity status indicator="Highlight Bar")
icon(name="visual_85",label="d01-dhcp02 SVR106",x=230,y=478,translucency=0,show shadow=false,action="Active Event List (AEL)",url="",bidi="true",target="_self",filter="d01-dhcp02",filtertype="global",datasource="NBN_AGGV",flash="true",w=72,h=76,type="rectangle",arc diameter=20,legend=Count,font="Dialog",size=11,font color="black",style="p",image="light_rack_server.png",entity status indicator="Highlight Bar")
icon(name="visual_84",label="d01-dc02 SVR125",x=456,y=310,translucency=0,show shadow=false,action="Active Event List (AEL)",url="",bidi="true",target="_self",filter="d01-dc02",filtertype="global",datasource="NBN_AGGV",flash="true",w=72,h=76,type="rectangle",arc diameter=20,legend=Count,font="Dialog",size=11,font color="black",style="p",image="light_rack_server.png",entity status indicator="Highlight Bar")
icon(name="visual_83",label="d01-ntp02",x=806,y=389,translucency=0,show shadow=false,action="Active Event List (AEL)",url="",bidi="true",target="_self",filter="d01-ntp02",filtertype="global",datasource="NBN_AGGV",flash="true",w=72,h=76,type="rectangle",arc diameter=20,legend=Count,font="Dialog",size=11,font color="black",style="p",image="light_rack_server.png",entity status indicator="Highlight Bar")
icon(name="visual_82",label="d01-aaa02 SVR123",x=21,y=389,translucency=0,show shadow=false,action="Active Event List (AEL)",url="",bidi="true",target="_self",filter="d01-aaa02",filtertype="global",datasource="NBN_AGGV",flash="true",w=69,h=76,type="rectangle",arc diameter=20,legend=Count,font="Dialog",size=11,font color="black",style="p",image="light_rack_server.png",entity status indicator="Highlight Bar")
icon(name="visual_81",label="d01-asngateway",x=443,y=227,translucency=0,show shadow=false,action="Active Event List (AEL)",url="",bidi="true",target="_self",filter="d01-vasn01",filtertype="global",datasource="NBN_AGGV",flash="true",w=101,h=76,type="rectangle",arc diameter=20,legend=Count,font="Dialog",size=11,font color="black",style="p",image="light_rack_server.png",entity status indicator="Highlight Bar")
icon(name="visual_1",label="C7000 01",x=20,y=61,translucency=0,show shadow=false,action="Active Event List (AEL)",url="https://nmstip01:16311/ibm/console/webtop/SMTS_Config_Tab.html",bidi="true",target="_self",filter="_Clear",filtertype="global",datasource="NBN_AGGV",flash="true",w=100,h=144,type="rectangle",arc diameter=20,legend=Count,font="Dialog",size=11,font color="black",style="p",image="C7000.jpeg",entity status indicator="Highlight Bar")
icon(name="visual_2",label="C7000 02",x=233,y=59,translucency=0,show shadow=false,action="Active Event List (AEL)",url="",bidi="true",target="_self",filter="_Clear",filtertype="global",datasource="NBN_AGGV",flash="true",w=100,h=144,type="rectangle",arc diameter=20,legend=Count,font="Dialog",size=11,font color="black",style="p",image="C7000.jpeg",entity status indicator="Highlight Bar")
icon(name="visual_3",label="C7000 03",x=430,y=58,translucency=0,show shadow=false,action="Active Event List (AEL)",url="",bidi="true",target="_self",filter="_Minor",filtertype="global",datasource="NBN_AGGV",flash="true",w=100,h=144,type="rectangle",arc diameter=20,legend=Count,font="Dialog",size=11,font color="black",style="p",image="C7000.jpeg",entity status indicator="Highlight Bar")
icon(name="visual_4",label="C7000 04",x=635,y=58,translucency=0,show shadow=false,action="Active Event List (AEL)",url="",bidi="true",target="_self",filter="_Clear",filtertype="global",datasource="NBN_AGGV",flash="true",w=100,h=144,type="rectangle",arc diameter=20,legend=Count,font="Dialog",size=11,font color="black",style="p",image="C7000.jpeg",entity status indicator="Highlight Bar")
icon(name="visual_5",label="C7000 05",x=825,y=58,translucency=0,show shadow=false,action="Active Event List (AEL)",url="",bidi="true",target="_self",filter="_Clear",filtertype="global",datasource="NBN_AGGV",flash="true",w=100,h=144,type="rectangle",arc diameter=20,legend=Count,font="Dialog",size=11,font color="black",style="p",image="C7000.jpeg",entity status indicator="Highlight Bar")
icon(name="visual_6",label="C7000 06",x=1027,y=58,translucency=0,show shadow=false,action="Active Event List (AEL)",url="",bidi="true",target="_self",filter="_Warning",filtertype="global",datasource="NBN_AGGV",flash="true",w=100,h=144,type="rectangle",arc diameter=20,legend=Count,font="Dialog",size=11,font color="black",style="p",image="C7000.jpeg",entity status indicator="Highlight Bar")
icon(name="visual_37",label="anems01",x=455,y=385,translucency=0,show shadow=false,action="Active Event List (AEL)",url="",bidi="true",target="_self",filter="_Clear",filtertype="global",datasource="NBN_AGGV",flash="true",w=72,h=76,type="rectangle",arc diameter=20,legend=Count,font="Dialog",size=11,font color="black",style="p",image="light_rack_server.png",entity status indicator="Highlight Bar")
icon(name="visual_38",label="d01-aaa01 SVR05",x=22,y=315,translucency=0,show shadow=false,action="Active Event List (AEL)",url="",bidi="true",target="_self",filter="d01-aaa01",filtertype="global",datasource="NBN_AGGV",flash="true",w=69,h=76,type="rectangle",arc diameter=20,legend=Count,font="Dialog",size=11,font color="black",style="p",image="light_rack_server.png",entity status indicator="Highlight Bar")
icon(name="visual_39",label="aacndb01",x=228,y=385,translucency=0,show shadow=false,action="Active Event List (AEL)",url="",bidi="true",target="_self",filter="_Clear",filtertype="global",datasource="NBN_AGGV",flash="true",w=74,h=76,type="rectangle",arc diameter=20,legend=Count,font="Dialog",size=11,font color="black",style="p",image="light_rack_server.png",entity status indicator="Highlight Bar")
icon(name="visual_40",label="d01-aaaapi01 SVR01",x=120,y=385,translucency=0,show shadow=false,action="Active Event List (AEL)",url="",bidi="true",target="_self",filter="d01-aaaapi01",filtertype="global",datasource="NBN_AGGV",flash="true",w=83,h=76,type="rectangle",arc diameter=20,legend=Count,font="Dialog",size=11,font color="black",style="p",image="light_rack_server.png",entity status indicator="Highlight Bar")
icon(name="visual_41",label="aadcdb01",x=340,y=385,translucency=0,show shadow=false,action="Active Event List (AEL)",url="",bidi="true",target="_self",filter="_Clear",filtertype="global",datasource="NBN_AGGV",flash="true",w=73,h=76,type="rectangle",arc diameter=20,legend=Count,font="Dialog",size=11,font color="black",style="p",image="light_rack_server.png",entity status indicator="Highlight Bar")
icon(name="visual_42",label="d01-blkbxmgr01 SVR73",x=565,y=385,translucency=0,show shadow=false,action="Active Event List (AEL)",url="",bidi="true",target="_self",filter="d01-blkbxmgr01",filtertype="global",datasource="NBN_AGGV",flash="true",w=84,h=76,type="rectangle",arc diameter=20,legend=Count,font="Dialog",size=11,font color="black",style="p",image="light_rack_server.png",entity status indicator="Highlight Bar")
icon(name="visual_43",label="cbldw01",x=570,y=307,translucency=0,show shadow=false,action="Active Event List (AEL)",url="",bidi="true",target="_self",filter="_Clear",filtertype="global",datasource="NBN_AGGV",flash="true",w=72,h=76,type="rectangle",arc diameter=20,legend=Count,font="Dialog",size=11,font color="black",style="p",image="light_rack_server.png",entity status indicator="Highlight Bar")
icon(name="visual_44",label="d01-ntp01 ",x=694,y=393,translucency=0,show shadow=false,action="Active Event List (AEL)",url="",bidi="true",target="_self",filter="d01-ntp01",filtertype="global",datasource="NBN_AGGV",flash="true",w=72,h=76,type="rectangle",arc diameter=20,legend=Count,font="Dialog",size=11,font color="black",style="p",image="light_rack_server.png",entity status indicator="Highlight Bar")
icon(name="visual_45",label="centman",x=920,y=390,translucency=0,show shadow=false,action="Active Event List (AEL)",url="",bidi="true",target="_self",filter="_Clear",filtertype="global",datasource="NBN_AGGV",flash="true",w=72,h=76,type="rectangle",arc diameter=20,legend=Count,font="Dialog",size=11,font color="black",style="p",image="light_rack_server.png",entity status indicator="Highlight Bar")
icon(name="visual_46",label="d01-cert01 SVR04",x=1035,y=385,translucency=0,show shadow=false,action="Active Event List (AEL)",url="",bidi="true",target="_self",filter="d01-cert01",filtertype="global",datasource="NBN_AGGV",flash="true",w=72,h=76,type="rectangle",arc diameter=20,legend=Count,font="Dialog",size=11,font color="black",style="p",image="light_rack_server.png",entity status indicator="Highlight Bar")
icon(name="visual_47",label="cnjump01",x=15,y=480,translucency=0,show shadow=false,action="Active Event List (AEL)",url="",bidi="true",target="_self",filter="_Clear",filtertype="global",datasource="NBN_AGGV",flash="true",w=72,h=76,type="rectangle",arc diameter=20,legend=Count,font="Dialog",size=11,font color="black",style="p",image="light_rack_server.png",entity status indicator="Highlight Bar")
icon(name="visual_48",label="d01-dc01 SVR87",x=340,y=308,translucency=0,show shadow=false,action="Active Event List (AEL)",url="",bidi="true",target="_self",filter="d01-dc01",filtertype="global",datasource="NBN_AGGV",flash="true",w=72,h=76,type="rectangle",arc diameter=20,legend=Count,font="Dialog",size=11,font color="black",style="p",image="light_rack_server.png",entity status indicator="Highlight Bar")
icon(name="visual_49",label="d01-dhcp01 SVR89",x=120,y=478,translucency=0,show shadow=false,action="Active Event List (AEL)",url="",bidi="true",target="_self",filter="d01-dhcp01",filtertype="global",datasource="NBN_AGGV",flash="true",w=72,h=76,type="rectangle",arc diameter=20,legend=Count,font="Dialog",size=11,font color="black",style="p",image="light_rack_server.png",entity status indicator="Highlight Bar")
icon(name="visual_50",label="d01-dns01 SVR92",x=124,y=311,translucency=0,show shadow=false,action="Active Event List (AEL)",url="",bidi="true",target="_self",filter="d01-dns01",filtertype="global",datasource="NBN_AGGV",flash="true",w=72,h=76,type="rectangle",arc diameter=20,legend=Count,font="Dialog",size=11,font color="black",style="p",image="light_rack_server.png",entity status indicator="Highlight Bar")
icon(name="visual_51",label="emscol01",x=455,y=480,translucency=0,show shadow=false,action="Active Event List (AEL)",url="",bidi="true",target="_self",filter="_Clear",filtertype="global",datasource="NBN_AGGV",flash="true",w=72,h=76,type="rectangle",arc diameter=20,legend=Count,font="Dialog",size=11,font color="black",style="p",image="light_rack_server.png",entity status indicator="Highlight Bar")
icon(name="visual_52",label="fmscol01",x=570,y=480,translucency=0,show shadow=false,action="Active Event List (AEL)",url="",bidi="true",target="_self",filter="_Clear",filtertype="global",datasource="NBN_AGGV",flash="true",w=72,h=76,type="rectangle",arc diameter=20,legend=Count,font="Dialog",size=11,font color="black",style="p",image="light_rack_server.png",entity status indicator="Highlight Bar")
icon(name="visual_53",label="fmscol03",x=690,y=480,translucency=0,show shadow=false,action="Active Event List (AEL)",url="",bidi="true",target="_self",filter="_Clear",filtertype="global",datasource="NBN_AGGV",flash="true",w=72,h=76,type="rectangle",arc diameter=20,legend=Count,font="Dialog",size=11,font color="black",style="p",image="light_rack_server.png",entity status indicator="Highlight Bar")
icon(name="visual_54",label="ftp01",x=805,y=480,translucency=0,show shadow=false,action="Active Event List (AEL)",url="",bidi="true",target="_self",filter="_Clear",filtertype="global",datasource="NBN_AGGV",flash="true",w=72,h=76,type="rectangle",arc diameter=20,legend=Count,font="Dialog",size=11,font color="black",style="p",image="light_rack_server.png",entity status indicator="Highlight Bar")
icon(name="visual_55",label="hpsim01",x=920,y=480,translucency=0,show shadow=false,action="Active Event List (AEL)",url="",bidi="true",target="_self",filter="_Clear",filtertype="global",datasource="NBN_AGGV",flash="true",w=72,h=76,type="rectangle",arc diameter=20,legend=Count,font="Dialog",size=11,font color="black",style="p",image="light_rack_server.png",entity status indicator="Highlight Bar")
icon(name="visual_56",label="installportal01",x=1030,y=480,translucency=0,show shadow=false,action="Active Event List (AEL)",url="",bidi="true",target="_self",filter="_Clear",filtertype="global",datasource="NBN_AGGV",flash="true",w=93,h=76,type="rectangle",arc diameter=20,legend=Count,font="Dialog",size=11,font color="black",style="p",image="light_rack_server.png",entity status indicator="Highlight Bar")
icon(name="visual_57",label="jump01",x=15,y=575,translucency=0,show shadow=false,action="Active Event List (AEL)",url="",bidi="true",target="_self",filter="_Clear",filtertype="global",datasource="NBN_AGGV",flash="true",w=72,h=76,type="rectangle",arc diameter=20,legend=Count,font="Dialog",size=11,font color="black",style="p",image="light_rack_server.png",entity status indicator="Highlight Bar")
icon(name="visual_58",label="jump02",x=115,y=575,translucency=0,show shadow=false,action="Active Event List (AEL)",url="",bidi="true",target="_self",filter="_Clear",filtertype="global",datasource="NBN_AGGV",flash="true",w=72,h=76,type="rectangle",arc diameter=20,legend=Count,font="Dialog",size=11,font color="black",style="p",image="light_rack_server.png",entity status indicator="Highlight Bar")
icon(name="visual_59",label="d01-kick01 SVR105",x=225,y=575,translucency=0,show shadow=false,action="Active Event List (AEL)",url="",bidi="true",target="_self",filter="d01-kick01",filtertype="global",datasource="NBN_AGGV",flash="true",w=72,h=76,type="rectangle",arc diameter=20,legend=Count,font="Dialog",size=11,font color="black",style="p",image="light_rack_server.png",entity status indicator="Highlight Bar")
icon(name="visual_60",label="ldap01",x=340,y=575,translucency=0,show shadow=false,action="Active Event List (AEL)",url="",bidi="true",target="_self",filter="_Clear",filtertype="global",datasource="NBN_AGGV",flash="true",w=72,h=76,type="rectangle",arc diameter=20,legend=Count,font="Dialog",size=11,font color="black",style="p",image="light_rack_server.png",entity status indicator="Highlight Bar")
icon(name="visual_61",label="nmsapps01",x=440,y=575,translucency=0,show shadow=false,action="Active Event List (AEL)",url="",bidi="true",target="_self",filter="_Clear",filtertype="global",datasource="NBN_AGGV",flash="true",w=95,h=76,type="rectangle",arc diameter=20,legend=Count,font="Dialog",size=11,font color="black",style="p",image="light_rack_server.png",entity status indicator="Highlight Bar")
icon(name="visual_62",label="nmscms01",x=677,y=223,translucency=0,show shadow=false,action="Active Event List (AEL)",url="",bidi="true",target="_self",filter="_Clear",filtertype="global",datasource="NBN_AGGV",flash="true",w=100,h=76,type="rectangle",arc diameter=20,legend=Count,font="Dialog",size=11,font color="black",style="p",image="light_rack_server.png",entity status indicator="Highlight Bar")
icon(name="visual_63",label="nmscms02",x=689,y=306,translucency=0,show shadow=false,action="Active Event List (AEL)",url="",bidi="true",target="_self",filter="_Clear",filtertype="global",datasource="NBN_AGGV",flash="true",w=83,h=76,type="rectangle",arc diameter=20,legend=Count,font="Dialog",size=11,font color="black",style="p",image="light_rack_server.png",entity status indicator="Highlight Bar")
icon(name="visual_64",label="nsmdb01",x=921,y=222,translucency=0,show shadow=false,action="Active Event List (AEL)",url="",bidi="true",target="_self",filter="_Clear",filtertype="global",datasource="NBN_AGGV",flash="true",w=72,h=76,type="rectangle",arc diameter=20,legend=Count,font="Dialog",size=11,font color="black",style="p",image="light_rack_server.png",entity status indicator="Highlight Bar")
icon(name="visual_65",label="nmsfms01",x=800,y=222,translucency=0,show shadow=false,action="Active Event List (AEL)",url="",bidi="true",target="_self",filter="_Clear",filtertype="global",datasource="NBN_AGGV",flash="true",w=81,h=76,type="rectangle",arc diameter=20,legend=Count,font="Dialog",size=11,font color="black",style="p",image="light_rack_server.png",entity status indicator="Highlight Bar")
icon(name="visual_66",label="nmsfms03",x=801,y=304,translucency=0,show shadow=false,action="Active Event List (AEL)",url="",bidi="true",target="_self",filter="_Clear",filtertype="global",datasource="NBN_AGGV",flash="true",w=83,h=76,type="rectangle",arc diameter=20,legend=Count,font="Dialog",size=11,font color="black",style="p",image="light_rack_server.png",entity status indicator="Highlight Bar")
icon(name="visual_67",label="nmspms01",x=915,y=304,translucency=0,show shadow=false,action="Active Event List (AEL)",url="",bidi="true",target="_self",filter="_Clear",filtertype="global",datasource="NBN_AGGV",flash="true",w=80,h=76,type="rectangle",arc diameter=20,legend=Count,font="Dialog",size=11,font color="black",style="p",image="light_rack_server.png",entity status indicator="Highlight Bar")
icon(name="visual_68",label="nmspms03",x=1030,y=220,translucency=0,show shadow=false,action="Active Event List (AEL)",url="",bidi="true",target="_self",filter="_Clear",filtertype="global",datasource="NBN_AGGV",flash="true",w=77,h=76,type="rectangle",arc diameter=20,legend=Count,font="Dialog",size=11,font color="black",style="p",image="light_rack_server.png",entity status indicator="Highlight Bar")
icon(name="visual_69",label="nmspms04",x=1030,y=300,translucency=0,show shadow=false,action="Active Event List (AEL)",url="",bidi="true",target="_self",filter="_Clear",filtertype="global",datasource="NBN_AGGV",flash="true",w=78,h=76,type="rectangle",arc diameter=20,legend=Count,font="Dialog",size=11,font color="black",style="p",image="light_rack_server.png",entity status indicator="Highlight Bar")
icon(name="visual_70",label="nmstools01",x=800,y=665,translucency=0,show shadow=false,action="Active Event List (AEL)",url="",bidi="true",target="_self",filter="_Clear",filtertype="global",datasource="NBN_AGGV",flash="true",w=82,h=76,type="rectangle",arc diameter=20,legend=Count,font="Dialog",size=11,font color="black",style="p",image="light_rack_server.png",entity status indicator="Highlight Bar")
icon(name="visual_71",label="pmscol01",x=570,y=575,translucency=0,show shadow=false,action="Active Event List (AEL)",url="",bidi="true",target="_self",filter="_Clear",filtertype="global",datasource="NBN_AGGV",flash="true",w=72,h=76,type="rectangle",arc diameter=20,legend=Count,font="Dialog",size=11,font color="black",style="p",image="light_rack_server.png",entity status indicator="Highlight Bar")
icon(name="visual_72",label="pmscol03",x=690,y=575,translucency=0,show shadow=false,action="Active Event List (AEL)",url="",bidi="true",target="_self",filter="_Clear",filtertype="global",datasource="NBN_AGGV",flash="true",w=72,h=76,type="rectangle",arc diameter=20,legend=Count,font="Dialog",size=11,font color="black",style="p",image="light_rack_server.png",entity status indicator="Highlight Bar")
icon(name="visual_73",label="proxy01",x=805,y=570,translucency=0,show shadow=false,action="Active Event List (AEL)",url="",bidi="true",target="_self",filter="_Clear",filtertype="global",datasource="NBN_AGGV",flash="true",w=72,h=76,type="rectangle",arc diameter=20,legend=Count,font="Dialog",size=11,font color="black",style="p",image="light_rack_server.png",entity status indicator="Highlight Bar")
icon(name="visual_74",label="rfemsjump01",x=900,y=570,translucency=0,show shadow=false,action="Active Event List (AEL)",url="",bidi="true",target="_self",filter="_Clear",filtertype="global",datasource="NBN_AGGV",flash="true",w=88,h=76,type="rectangle",arc diameter=20,legend=Count,font="Dialog",size=11,font color="black",style="p",image="light_rack_server.png",entity status indicator="Highlight Bar")
icon(name="visual_75",label="d01-smtp01 SVR118",x=1040,y=568,translucency=0,show shadow=false,action="Active Event List (AEL)",url="",bidi="true",target="_self",filter="d01-smtp01",filtertype="global",datasource="NBN_AGGV",flash="true",w=72,h=76,type="rectangle",arc diameter=20,legend=Count,font="Dialog",size=11,font color="black",style="p",image="light_rack_server.png",entity status indicator="Highlight Bar")
icon(name="visual_76",label="splunk01",x=343,y=668,translucency=0,show shadow=false,action="Active Event List (AEL)",url="",bidi="true",target="_self",filter="_Clear",filtertype="global",datasource="NBN_AGGV",flash="true",w=72,h=76,type="rectangle",arc diameter=20,legend=Count,font="Dialog",size=11,font color="black",style="p",image="light_rack_server.png",entity status indicator="Highlight Bar")
icon(name="visual_77",label="syslog01",x=455,y=667,translucency=0,show shadow=false,action="Active Event List (AEL)",url="",bidi="true",target="_self",filter="_Clear",filtertype="global",datasource="NBN_AGGV",flash="true",w=72,h=76,type="rectangle",arc diameter=20,legend=Count,font="Dialog",size=11,font color="black",style="p",image="light_rack_server.png",entity status indicator="Highlight Bar")
icon(name="visual_78",label="sysrptsan",x=342,y=479,translucency=0,show shadow=false,action="Active Event List (AEL)",url="",bidi="true",target="_self",filter="_Clear",filtertype="global",datasource="NBN_AGGV",flash="true",w=75,h=76,type="rectangle",arc diameter=20,legend=Count,font="Dialog",size=11,font color="black",style="p",image="light_rack_server.png",entity status indicator="Highlight Bar")
icon(name="visual_79",label="tr069acs01",x=565,y=665,translucency=0,show shadow=false,action="Active Event List (AEL)",url="",bidi="true",target="_self",filter="_Clear",filtertype="global",datasource="NBN_AGGV",flash="true",w=82,h=76,type="rectangle",arc diameter=20,legend=Count,font="Dialog",size=11,font color="black",style="p",image="light_rack_server.png",entity status indicator="Highlight Bar")
icon(name="visual_80",label="d01-wsus01 SVR121",x=690,y=665,translucency=0,show shadow=false,action="Active Event List (AEL)",url="",bidi="true",target="_self",filter="d01-wsus01",filtertype="global",datasource="NBN_AGGV",flash="true",w=72,h=76,type="rectangle",arc diameter=20,legend=Count,font="Dialog",size=11,font color="black",style="p",image="light_rack_server.png",entity status indicator="Highlight Bar")
button(name="visual_16",label="untitled",x=124,y=67,translucency=0,show shadow=false,action="Active Event List (AEL)",url="",bidi="true",target="_self",filter="_Clear",filtertype="global",datasource="NBN_AGGV",flash="true",w=13,h=12,type="ellipse",arc diameter=20,legend=Count,font="Dialog",size=11,font color="black",style="p")
button(name="visual_17",label="untitled",x=340,y=63,translucency=0,show shadow=false,action="Active Event List (AEL)",url="",bidi="true",target="_self",filter="_Clear",filtertype="global",datasource="NBN_AGGV",flash="true",w=13,h=12,type="ellipse",arc diameter=20,legend=Count,font="Dialog",size=11,font color="black",style="p")
button(name="visual_18",label="untitled",x=536,y=64,translucency=0,show shadow=false,action="Active Event List (AEL)",url="",bidi="true",target="_self",filter="_Clear",filtertype="global",datasource="NBN_AGGV",flash="true",w=13,h=12,type="ellipse",arc diameter=20,legend=Count,font="Dialog",size=11,font color="black",style="p")
button(name="visual_19",label="untitled",x=743,y=65,translucency=0,show shadow=false,action="Active Event List (AEL)",url="",bidi="true",target="_self",filter="_Clear",filtertype="global",datasource="NBN_AGGV",flash="true",w=12,h=12,type="ellipse",arc diameter=20,legend=Count,font="Dialog",size=11,font color="black",style="p")
button(name="visual_20",label="untitled",x=932,y=61,translucency=0,show shadow=false,action="Active Event List (AEL)",url="",bidi="true",target="_self",filter="_Clear",filtertype="global",datasource="NBN_AGGV",flash="true",w=13,h=12,type="ellipse",arc diameter=20,legend=Count,font="Dialog",size=11,font color="black",style="p")
button(name="visual_21",label="untitled",x=1133,y=62,translucency=0,show shadow=false,action="Active Event List (AEL)",url="",bidi="true",target="_self",filter="_Clear",filtertype="global",datasource="NBN_AGGV",flash="true",w=13,h=12,type="ellipse",arc diameter=20,legend=Count,font="Dialog",size=11,font color="black",style="p")
text(name="visual_15",label="MEL C7000",x=7,y=26,translucency=0,show shadow=false,action="Open URL",url="",bidi="true",target="_self",filter="",filtertype="",datasource="",flash="true",font="Dialog",size=25,justify="center",style="b",rotate="0",color="black")
