map(name="DPC01_C7000",bgColor="#99ccff",w=1140,h=820,numCols=0,acl="*")
button(name="d01-c7k-dc03_2",label="untitled",x=13,y=461,translucency=0,show shadow=false,action="Active Event List (AEL)",url="",bidi="true",target="_self",filter="d01-c7k-dc03",filtertype="global",datasource="NBN_AGGV",flash="true",w=94,h=19,type="rectangle",arc diameter=20,legend=Count,font="Dialog",size=11,font color="black",style="p")
button(name="d01-c7k-dc02_1",label="untitled",x=13,y=302,translucency=0,show shadow=false,action="Active Event List (AEL)",url="",bidi="true",target="_self",filter="d01-c7k-dc02",filtertype="global",datasource="NBN_AGGV",flash="true",w=94,h=19,type="rectangle",arc diameter=20,legend=Count,font="Dialog",size=11,font color="black",style="p")
button(name="d01-c7k-dc01",label="untitled",x=14,y=146,translucency=0,show shadow=false,action="Active Event List (AEL)",url="",bidi="true",target="_self",filter="d01-c7k-dc01",filtertype="global",datasource="NBN_AGGV",flash="true",w=94,h=19,type="rectangle",arc diameter=20,legend=Count,font="Dialog",size=11,font color="black",style="p")
button(name="visual_83",label="untitled",x=1025,y=635,translucency=0,show shadow=false,action="Active Event List (AEL)",url="",bidi="true",target="_self",filter="op-d01-sansysrpt01",filtertype="global",datasource="NBN_AGGV",flash="true",w=12,h=12,type="ellipse",arc diameter=20,legend=Count,font="Dialog",size=11,font color="black",style="p")
icon(name="d01-sansysrpt01",label="d01-sansysrpt01",x=950,y=625,translucency=0,show shadow=false,action="Active Event List (AEL)",url="",bidi="true",target="_self",filter="d01-sansysrpt01",filtertype="global",datasource="NBN_AGGV",flash="true",w=88,h=76,type="rectangle",arc diameter=20,legend=Count,font="Dialog",size=11,font color="black",style="p",image="light_rack_server.png",entity status indicator="Highlight Bar")
text(name="HBC05_3",label="op alerts",x=115,y=60,translucency=0,show shadow=false,action="Open URL",url="",bidi="true",target="_self",filter="",filtertype="",datasource="",flash="true",font="Dialog",size=11,justify="center",style="b",rotate="0",color="black")
text(name="HBC05_2",label="op alerts",x=115,y=215,translucency=0,show shadow=false,action="Open URL",url="",bidi="true",target="_self",filter="",filtertype="",datasource="",flash="true",font="Dialog",size=11,justify="center",style="b",rotate="0",color="black")
text(name="HBC05_1",label="op alerts",x=115,y=375,translucency=0,show shadow=false,action="Open URL",url="",bidi="true",target="_self",filter="",filtertype="",datasource="",flash="true",font="Dialog",size=11,justify="center",style="b",rotate="0",color="black")
text(name="visual_40",label="Jump Boxes",x=50,y=736,translucency=0,show shadow=false,action="Open URL",url="",bidi="true",target="_self",filter="",filtertype="",datasource="",flash="true",font="Dialog",size=13,justify="center",style="",rotate="0",color="black")
text(name="visual_38",label="oa2",x=130,y=290,translucency=0,show shadow=false,action="Open URL",url="",bidi="true",target="_self",filter="",filtertype="",datasource="",flash="true",font="Dialog",size=12,justify="center",style="",rotate="0",color="black")
text(name="visual_37",label="oa2",x=130,y=135,translucency=0,show shadow=false,action="Open URL",url="",bidi="true",target="_self",filter="",filtertype="",datasource="",flash="true",font="Dialog",size=12,justify="center",style="",rotate="0",color="black")
text(name="visual_33",label="oa1",x=130,y=80,translucency=0,show shadow=false,action="Open URL",url="",bidi="true",target="_self",filter="",filtertype="",datasource="",flash="true",font="Dialog",size=12,justify="center",style="",rotate="0",color="black")
text(name="visual_26",label="oa1",x=129,y=235,translucency=0,show shadow=false,action="Open URL",url="",bidi="true",target="_self",filter="",filtertype="",datasource="",flash="true",font="Dialog",size=12,justify="center",style="",rotate="0",color="black")
text(name="visual_20",label="oa1",x=130,y=395,translucency=0,show shadow=false,action="Open URL",url="",bidi="true",target="_self",filter="",filtertype="",datasource="",flash="true",font="Dialog",size=12,justify="center",style="",rotate="0",color="black")
text(name="visual_19",label="oa2",x=130,y=446,translucency=0,show shadow=false,action="Open URL",url="",bidi="true",target="_self",filter="",filtertype="",datasource="",flash="true",font="Dialog",size=12,justify="center",style="",rotate="0",color="black")
button(name="visual_82",label="untitled",x=115,y=436,translucency=0,show shadow=false,action="Active Event List (AEL)",url="",bidi="true",target="_self",filter="op-d01-c7k-dc03-oa2",filtertype="global",datasource="NBN_AGGV",flash="true",w=12,h=12,type="ellipse",arc diameter=20,legend=Count,font="Dialog",size=11,font color="black",style="p")
button(name="visual_81",label="untitled",x=115,y=278,translucency=0,show shadow=false,action="Active Event List (AEL)",url="",bidi="true",target="_self",filter="op-d01-c7k-dc02-oa2",filtertype="global",datasource="NBN_AGGV",flash="true",w=12,h=12,type="ellipse",arc diameter=20,legend=Count,font="Dialog",size=11,font color="black",style="p")
button(name="visual_24",label="untitled",x=116,y=124,translucency=0,show shadow=false,action="Active Event List (AEL)",url="",bidi="true",target="_self",filter="op-d01-c7k-dc01-oa2",filtertype="global",datasource="NBN_AGGV",flash="true",w=12,h=12,type="ellipse",arc diameter=20,legend=None,font="Dialog",size=11,font color="black",style="p")
text(name="visual_18",label="unused",x=300,y=470,translucency=0,show shadow=false,action="Open URL",url="",bidi="true",target="_self",filter="",filtertype="",datasource="",flash="true",font="Dialog",size=12,justify="center",style="",rotate="0",color="black")
text(name="visual_17",label="unused",x=597,y=380,translucency=0,show shadow=false,action="Open URL",url="",bidi="true",target="_self",filter="",filtertype="",datasource="",flash="true",font="Dialog",size=12,justify="center",style="",rotate="0",color="black")
button(name="visual_30",label="untitled",x=245,y=295,translucency=0,show shadow=false,action="Active Event List (AEL)",url="",bidi="true",target="_self",filter="op-d01-vasn02",filtertype="global",datasource="NBN_AGGV",flash="true",w=12,h=12,type="ellipse",arc diameter=20,legend=Count,font="Dialog",size=11,font color="black",style="p")
icon(name="d01-vasn02",label="d01-vasn02",x=170,y=285,translucency=0,show shadow=false,action="Open URL",url="https://nmsweb/webserver/jsp/asngw/asngw?deviceId=asnclustermaster01",bidi="true",target="_self",filter="d01-vasn02",filtertype="global",datasource="NBN_AGGV",flash="true",w=88,h=76,type="rectangle",arc diameter=20,legend=Count,font="Dialog",size=11,font color="black",style="p",image="light_rack_server.png",entity status indicator="Highlight Bar")
text(name="visual_16",label="VMs",x=13,y=558,translucency=0,show shadow=false,action="Open URL",url="",bidi="true",target="_self",filter="",filtertype="",datasource="",flash="true",font="Dialog",size=20,justify="center",style="b",rotate="0",color="black")
button(name="visual_48",label="untitled",x=645,y=635,translucency=0,show shadow=false,action="Active Event List (AEL)",url="",bidi="true",target="_self",filter="op-d01-netauth02",filtertype="global",datasource="NBN_AGGV",flash="true",w=12,h=12,type="ellipse",arc diameter=20,legend=Count,font="Dialog",size=11,font color="black",style="p")
button(name="visual_46",label="untitled",x=645,y=550,translucency=0,show shadow=false,action="Active Event List (AEL)",url="",bidi="true",target="_self",filter="op-d01-netauth01",filtertype="global",datasource="NBN_AGGV",flash="true",w=12,h=12,type="ellipse",arc diameter=20,legend=Count,font="Dialog",size=11,font color="black",style="p")
icon(name="d01-netauth01",label="d01-netauth01",x=570,y=540,translucency=0,show shadow=false,action="Active Event List (AEL)",url="",bidi="true",target="_self",filter="d01-netauth01",filtertype="global",datasource="NBN_AGGV",flash="true",w=88,h=76,type="rectangle",arc diameter=20,legend=Count,font="Dialog",size=11,font color="black",style="p",image="light_rack_server.png",entity status indicator="Highlight Bar")
button(name="visual_25",label="untitled",x=1125,y=550,translucency=0,show shadow=false,action="Active Event List (AEL)",url="",bidi="true",target="_self",filter="op-d01-puppet01",filtertype="global",datasource="NBN_AGGV",flash="true",w=12,h=12,type="ellipse",arc diameter=20,legend=Count,font="Dialog",size=11,font color="black",style="p")
icon(name="d01-puppet01",label="d01-puppet01",x=1050,y=540,translucency=0,show shadow=false,action="Active Event List (AEL)",url="",bidi="true",target="_self",filter="d01-puppet01",filtertype="global",datasource="NBN_AGGV",flash="true",w=88,h=76,type="rectangle",arc diameter=20,legend=Count,font="Dialog",size=11,font color="black",style="p",image="light_rack_server.png",entity status indicator="Highlight Bar")
line(name="visual_2",label="untitled",x=33,y=530,translucency=0,show shadow=false,action="Open URL",url="",bidi="true",target="_self",filter="",filtertype="",datasource="",flash="true",thickness=1,x2=29,y2=527)
line(name="visual_1",label="untitled",x=19,y=526,translucency=0,show shadow=false,action="Open URL",url="",bidi="true",target="_self",filter="",filtertype="",datasource="",flash="true",thickness=1,x2=1112,y2=524)
icon(name="d01_esxdc08",label="d01-esxdc09",x=470,y=360,translucency=0,show shadow=false,action="Active Event List (AEL)",url="",bidi="true",target="_self",filter="d01-esxdc09",filtertype="global",datasource="",flash="true",w=88,h=76,type="rectangle",arc diameter=20,legend=Count,font="Dialog",size=11,font color="black",style="p",image="light_rack_server.png",entity status indicator="Highlight Bar")
button(name="visual_118",label="untitled",x=545,y=370,translucency=0,show shadow=false,action="Active Event List (AEL)",url="",bidi="true",target="_self",filter="op-d01-esxdc09",filtertype="global",datasource="NBN_AGGV",flash="true",w=12,h=12,type="ellipse",arc diameter=20,legend=Count,font="Dialog",size=11,font color="black",style="p")
button(name="visual_107",label="untitled",x=445,y=445,translucency=0,show shadow=false,action="Active Event List (AEL)",url="",bidi="true",target="_self",filter="op-d01-esxdc07",filtertype="global",datasource="NBN_AGGV",flash="true",w=12,h=12,type="ellipse",arc diameter=20,legend=Count,font="Dialog",size=11,font color="black",style="p")
icon(name="d01_esxdc07",label="d01-esxdc07",x=370,y=435,translucency=0,show shadow=false,action="Active Event List (AEL)",url="",bidi="true",target="_self",filter="d01-esxdc07",filtertype="global",datasource="NBN_AGGV",flash="true",w=88,h=76,type="rectangle",arc diameter=20,legend=Count,font="Dialog",size=11,font color="black",style="p",image="light_rack_server.png",entity status indicator="Highlight Bar")
button(name="visual_103",label="untitled",x=445,y=370,translucency=0,show shadow=false,action="Active Event List (AEL)",url="",bidi="true",target="_self",filter="op-d01-esxdc08",filtertype="global",datasource="NBN_AGGV",flash="true",w=12,h=12,type="ellipse",arc diameter=20,legend=Count,font="Dialog",size=11,font color="black",style="p")
icon(name="d01_esxdc09",label="d01-esxdc08",x=370,y=360,translucency=0,show shadow=false,action="Active Event List (AEL)",url="",bidi="true",target="_self",filter="d01-esxdc08",filtertype="global",datasource="NBN_AGGV",flash="true",w=88,h=76,type="rectangle",arc diameter=20,legend=Count,font="Dialog",size=11,font color="black",style="p",image="light_rack_server.png",entity status indicator="Highlight Bar")
button(name="visual_130",label="untitled",x=945,y=220,translucency=0,show shadow=false,action="Active Event List (AEL)",url="",bidi="true",target="_self",filter="op-AVAILABLE",filtertype="global",datasource="NBN_AGGV",flash="true",w=12,h=12,type="ellipse",arc diameter=20,legend=Count,font="Dialog",size=11,font color="black",style="p")
icon(name="AVAILABLE",label="AVAILABLE",x=870,y=210,translucency=0,show shadow=false,action="Active Event List (AEL)",url="",bidi="true",target="_self",filter="AVAILABLE",filtertype="global",datasource="NBN_AGGV",flash="true",w=88,h=76,type="rectangle",arc diameter=20,legend=Count,font="Dialog",size=11,font color="black",style="p",image="light_rack_server.png",entity status indicator="Highlight Bar")
button(name="visual_96",label="untitled",x=545,y=220,translucency=0,show shadow=false,action="Active Event List (AEL)",url="",bidi="true",target="_self",filter="op-d01-esxdc06",filtertype="global",datasource="NBN_AGGV",flash="true",w=12,h=12,type="ellipse",arc diameter=20,legend=Count,font="Dialog",size=11,font color="black",style="p")
icon(name="d01_esxdc06",label="d01-esxdc06",x=470,y=210,translucency=0,show shadow=false,action="Active Event List (AEL)",url="",bidi="true",target="_self",filter="d01-esxdc06",filtertype="global",datasource="NBN_AGGV",flash="true",w=88,h=76,type="rectangle",arc diameter=20,legend=Count,font="Dialog",size=11,font color="black",style="p",image="light_rack_server.png",entity status indicator="Highlight Bar")
button(name="visual_134",label="untitled",x=345,y=295,translucency=0,show shadow=false,action="Open URL",url="",bidi="true",target="_self",filter="op-d01-ntddb02",filtertype="global",datasource="NBN_AGGV",flash="true",w=12,h=12,type="ellipse",arc diameter=20,legend=Count,font="Dialog",size=11,font color="black",style="p")
icon(name="d01_ntddb02",label="d01-ntddb02",x=270,y=285,translucency=0,show shadow=false,action="Active Event List (AEL)",url="",bidi="true",target="_self",filter="d01-ntddb02",filtertype="global",datasource="NBN_AGGV",flash="true",w=88,h=76,type="rectangle",arc diameter=20,legend=Count,font="Dialog",size=11,font color="black",style="p",image="light_rack_server.png",entity status indicator="Highlight Bar")
button(name="visual_127",label="untitled",x=945,y=60,translucency=0,show shadow=false,action="Active Event List (AEL)",url="",bidi="true",target="_self",filter="op-d01-vc01",filtertype="global",datasource="NBN_AGGV",flash="true",w=12,h=12,type="ellipse",arc diameter=20,legend=Count,font="Dialog",size=11,font color="black",style="p")
icon(name="d01_vc01",label="d01-vc01",x=870,y=50,translucency=0,show shadow=false,action="Active Event List (AEL)",url="",bidi="true",target="_self",filter="d01-vc01",filtertype="global",datasource="NBN_AGGV",flash="true",w=88,h=76,type="rectangle",arc diameter=20,legend=Count,font="Dialog",size=11,font color="black",style="p",image="light_rack_server.png",entity status indicator="Highlight Bar")
button(name="visual_126",label="untitled",x=545,y=445,translucency=0,show shadow=false,action="Active Event List (AEL)",url="",bidi="true",target="_self",filter="op-d01-mysqldb02",filtertype="global",datasource="NBN_AGGV",flash="true",w=12,h=12,type="ellipse",arc diameter=20,legend=Count,font="Dialog",size=11,font color="black",style="p")
icon(name="d01-mysqldb02",label="d01-mysqldb02",x=470,y=435,translucency=0,show shadow=false,action="Active Event List (AEL)",url="",bidi="true",target="_self",filter="d01-mysqldb02",filtertype="global",datasource="NBN_AGGV",flash="true",w=88,h=76,type="rectangle",arc diameter=20,legend=Count,font="Dialog",size=11,font color="black",style="p",image="light_rack_server.png",entity status indicator="Highlight Bar")
button(name="visual_121",label="untitled",x=545,y=135,translucency=0,show shadow=false,action="Active Event List (AEL)",url="",bidi="true",target="_self",filter="op-d01-mysqldb01",filtertype="global",datasource="NBN_AGGV",flash="true",w=12,h=12,type="ellipse",arc diameter=20,legend=Count,font="Dialog",size=11,font color="black",style="p")
icon(name="d01-mysqldb01",label="d01-mysqldb01",x=470,y=125,translucency=0,show shadow=false,action="Active Event List (AEL)",url="",bidi="true",target="_self",filter="d01-mysqldb01",filtertype="global",datasource="NBN_AGGV",flash="true",w=88,h=76,type="rectangle",arc diameter=20,legend=Count,font="Dialog",size=11,font color="black",style="p",image="light_rack_server.png",entity status indicator="Highlight Bar")
button(name="visual_117",label="untitled",x=745,y=220,translucency=0,show shadow=false,action="Active Event List (AEL)",url="",bidi="true",target="_self",filter="op-d01-esxb2b02",filtertype="global",datasource="NBN_AGGV",flash="true",w=12,h=12,type="ellipse",arc diameter=20,legend=Count,font="Dialog",size=11,font color="black",style="p")
icon(name="d01_b2bpgdb02",label="d01-b2bpgdb02",x=670,y=210,translucency=0,show shadow=false,action="Active Event List (AEL)",url="",bidi="true",target="_self",filter="d01-b2bpgdb01",filtertype="global",datasource="NBN_AGGV",flash="true",w=88,h=76,type="rectangle",arc diameter=20,legend=Count,font="Dialog",size=11,font color="black",style="p",image="light_rack_server.png",entity status indicator="Highlight Bar")
button(name="visual_102",label="untitled",x=745,y=60,translucency=0,show shadow=false,action="Active Event List (AEL)",url="",bidi="true",target="_self",filter="op-d01-b2bpgdb01",filtertype="global",datasource="NBN_AGGV",flash="true",w=12,h=12,type="ellipse",arc diameter=20,legend=Count,font="Dialog",size=11,font color="black",style="p")
icon(name="d01_b2bpgdb01",label="d01-b2bpgdb01",x=670,y=50,translucency=0,show shadow=false,action="Active Event List (AEL)",url="",bidi="true",target="_self",filter="d01-b2bpgdb01",filtertype="global",datasource="NBN_AGGV",flash="true",w=88,h=76,type="rectangle",arc diameter=20,legend=Count,font="Dialog",size=11,font color="black",style="p",image="light_rack_server.png",entity status indicator="Highlight Bar")
button(name="visual_116",label="untitled",x=545,y=60,translucency=0,show shadow=false,action="Active Event List (AEL)",url="",bidi="true",target="_self",filter="op-d01-esxdc05",filtertype="global",datasource="NBN_AGGV",flash="true",w=12,h=12,type="ellipse",arc diameter=20,legend=Count,font="Dialog",size=11,font color="black",style="p")
button(name="visual_106",label="untitled",x=445,y=295,translucency=0,show shadow=false,action="Active Event List (AEL)",url="",bidi="true",target="_self",filter="op-d01-esxdc02",filtertype="global",datasource="NBN_AGGV",flash="true",w=12,h=12,type="ellipse",arc diameter=20,legend=Count,font="Dialog",size=11,font color="black",style="p")
button(name="visual_86",label="untitled",x=445,y=220,translucency=0,show shadow=false,action="Active Event List (AEL)",url="",bidi="true",target="_self",filter="op-d01-esxdc04",filtertype="global",datasource="NBN_AGGV",flash="true",w=12,h=12,type="ellipse",arc diameter=20,legend=Count,font="Dialog",size=11,font color="black",style="p")
button(name="visual_68",label="untitled",x=445,y=135,translucency=0,show shadow=false,action="Active Event List (AEL)",url="",bidi="true",target="_self",filter="op-d01-esxdc01",filtertype="global",datasource="NBN_AGGV",flash="true",w=12,h=12,type="ellipse",arc diameter=20,legend=Count,font="Dialog",size=11,font color="black",style="p")
icon(name="d01_esxdc04",label="d01-esxdc04",x=370,y=210,translucency=0,show shadow=false,action="Active Event List (AEL)",url="",bidi="true",target="_self",filter="d01-esxdc04",filtertype="global",datasource="NBN_AGGV",flash="true",w=88,h=76,type="rectangle",arc diameter=20,legend=Count,font="Dialog",size=11,font color="black",style="p",image="light_rack_server.png",entity status indicator="Highlight Bar")
icon(name="d01_esxdc02",label="d01-esxdc02",x=370,y=285,translucency=0,show shadow=false,action="Active Event List (AEL)",url="",bidi="true",target="_self",filter="d01-esxdc02",filtertype="global",datasource="NBN_AGGV",flash="true",w=88,h=76,type="rectangle",arc diameter=20,legend=Count,font="Dialog",size=11,font color="black",style="p",image="light_rack_server.png",entity status indicator="Highlight Bar")
icon(name="d01_esxdc05",label="d01-esxdc05",x=470,y=50,translucency=0,show shadow=false,action="Active Event List (AEL)",url="",bidi="true",target="_self",filter="d01-esxdc05",filtertype="global",datasource="NBN_AGGV",flash="true",w=88,h=76,type="rectangle",arc diameter=20,legend=Count,font="Dialog",size=11,font color="black",style="p",image="light_rack_server.png",entity status indicator="Highlight Bar")
icon(name="d01_esxdc01",label="d01-esxdc01",x=370,y=125,translucency=0,show shadow=false,action="Active Event List (AEL)",url="",bidi="true",target="_self",filter="d01-esxdc01",filtertype="global",datasource="NBN_AGGV",flash="true",w=88,h=76,type="rectangle",arc diameter=20,legend=Count,font="Dialog",size=11,font color="black",style="p",image="light_rack_server.png",entity status indicator="Highlight Bar")
button(name="visual_67",label="untitled",x=445,y=60,translucency=0,show shadow=false,action="Active Event List (AEL)",url="",bidi="true",target="_self",filter="op-d01-esxdc03",filtertype="global",datasource="NBN_AGGV",flash="true",w=12,h=12,type="ellipse",arc diameter=20,legend=Count,font="Dialog",size=11,font color="black",style="p")
icon(name="d01_esxdc03",label="d01-esxdc03",x=370,y=50,translucency=0,show shadow=false,action="Active Event List (AEL)",url="",bidi="true",target="_self",filter="d01-esxdc03",filtertype="global",datasource="NBN_AGGV",flash="true",w=88,h=76,type="rectangle",arc diameter=20,legend=Count,font="Dialog",size=11,font color="black",style="p",image="light_rack_server.png",entity status indicator="Highlight Bar")
button(name="visual_42",label="untitled",x=1025,y=550,translucency=0,show shadow=false,action="Active Event List (AEL)",url="",bidi="true",target="_self",filter="op-d01-dhcprc01",filtertype="global",datasource="NBN_AGGV",flash="true",w=12,h=12,type="ellipse",arc diameter=20,legend=Count,font="Dialog",size=11,font color="black",style="p")
icon(name="d01-dhcprc01",label="d01-dhcprc01",x=950,y=540,translucency=0,show shadow=false,action="Active Event List (AEL)",url="",bidi="true",target="_self",filter="d01-dhcprc01",filtertype="global",datasource="NBN_AGGV",flash="true",w=88,h=76,type="rectangle",arc diameter=20,legend=Count,font="Dialog",size=11,font color="black",style="p",image="light_rack_server.png",entity status indicator="Highlight Bar")
text(name="HBC07",label="HBC07",x=46,y=505,translucency=0,show shadow=false,action="Open URL",url="",bidi="true",target="_self",filter="",filtertype="",datasource="",flash="true",font="Dialog",size=12,justify="center",style="b",rotate="0",color="black")
text(name="HBC05",label="HBC05",x=46,y=348,translucency=0,show shadow=false,action="Open URL",url="",bidi="true",target="_self",filter="",filtertype="",datasource="",flash="true",font="Dialog",size=12,justify="center",style="b",rotate="0",color="black")
text(name="HBC06",label="HBC06",x=42,y=191,translucency=0,show shadow=false,action="Open URL",url="",bidi="true",target="_self",filter="",filtertype="",datasource="",flash="true",font="Dialog",size=12,justify="center",style="b",rotate="0",color="black")
button(name="visual_131",label="untitled",x=345,y=135,translucency=0,show shadow=false,action="Open URL",url="",bidi="true",target="_self",filter="op-d01-ntddb01",filtertype="global",datasource="NBN_AGGV",flash="true",w=12,h=12,type="ellipse",arc diameter=20,legend=Count,font="Dialog",size=11,font color="black",style="p")
icon(name="d01_ntddb01",label="d01-ntddb01",x=270,y=125,translucency=0,show shadow=false,action="Active Event List (AEL)",url="",bidi="true",target="_self",filter="d01-ntddb01",filtertype="global",datasource="NBN_AGGV",flash="true",w=88,h=76,type="rectangle",arc diameter=20,legend=Count,font="Dialog",size=11,font color="black",style="p",image="light_rack_server.png",entity status indicator="Highlight Bar")
button(name="vasn01_events",label="untitled",x=186,y=161,translucency=0,show shadow=false,action="Active Event List (AEL)",url="",bidi="true",target="_self",filter="d01-vasn01",filtertype="global",datasource="NBN_AGGV",flash="true",w=60,h=19,type="rectangle",arc diameter=20,legend=Count,font="Dialog",size=11,font color="black",style="p")
button(name="visual_79",label="untitled",x=115,y=386,translucency=0,show shadow=false,action="Active Event List (AEL)",url="",bidi="true",target="_self",filter="op-d01-c7k-dc03-oa1",filtertype="global",datasource="NBN_AGGV",flash="true",w=12,h=12,type="ellipse",arc diameter=20,legend=Count,font="Dialog",size=11,font color="black",style="p")
icon(name="d01-c7k-dc03",label="d01-c7k-dc03",x=10,y=359,translucency=0,show shadow=false,action="Open URL",url="https://d01-c7k-dc03-oa1",bidi="true",target="_blank",filter="d01-c7k-dc03",filtertype="global",datasource="NBN_AGGV",flash="true",w=100,h=144,type="rectangle",arc diameter=20,legend=Count,font="Dialog",size=11,font color="black",style="p",image="C7000.jpeg",entity status indicator="Highlight Bar")
button(name="visual_78",label="untitled",x=115,y=224,translucency=0,show shadow=false,action="Active Event List (AEL)",url="",bidi="true",target="_self",filter="op-d01-c7k-dc02-oa1",filtertype="global",datasource="NBN_AGGV",flash="true",w=12,h=12,type="ellipse",arc diameter=20,legend=Count,font="Dialog",size=11,font color="black",style="p")
button(name="visual_77",label="untitled",x=1125,y=635,translucency=0,show shadow=false,action="Active Event List (AEL)",url="",bidi="true",target="_self",filter="op-d01-srm01",filtertype="global",datasource="NBN_AGGV",flash="true",w=12,h=12,type="ellipse",arc diameter=20,legend=Count,font="Dialog",size=11,font color="black",style="p")
button(name="visual_76",label="untitled",x=945,y=445,translucency=0,show shadow=false,action="Active Event List (AEL)",url="",bidi="true",target="_self",filter="op-d01-snort02",filtertype="global",datasource="NBN_AGGV",flash="true",w=12,h=12,type="ellipse",arc diameter=20,legend=Count,font="Dialog",size=11,font color="black",style="p")
button(name="visual_74",label="untitled",x=945,y=135,translucency=0,show shadow=false,action="Active Event List (AEL)",url="",bidi="true",target="_self",filter="op-d01-snort01",filtertype="global",datasource="NBN_AGGV",flash="true",w=12,h=12,type="ellipse",arc diameter=20,legend=Count,font="Dialog",size=11,font color="black",style="p")
button(name="visual_73",label="untitled",x=645,y=445,translucency=0,show shadow=false,action="Active Event List (AEL)",url="",bidi="true",target="_self",filter="op-d01-pmsdb02",filtertype="global",datasource="NBN_AGGV",flash="true",w=12,h=12,type="ellipse",arc diameter=20,legend=Count,font="Dialog",size=11,font color="black",style="p")
button(name="visual_72",label="untitled",x=645,y=135,translucency=0,show shadow=false,action="Active Event List (AEL)",url="",bidi="true",target="_self",filter="op-d01-pmsdb01",filtertype="global",datasource="NBN_AGGV",flash="true",w=12,h=12,type="ellipse",arc diameter=20,legend=Count,font="Dialog",size=11,font color="black",style="p")
button(name="visual_71",label="untitled",x=745,y=445,translucency=0,show shadow=false,action="Active Event List (AEL)",url="",bidi="true",target="_self",filter="op-d01-nmsdb02",filtertype="global",datasource="NBN_AGGV",flash="true",w=12,h=12,type="ellipse",arc diameter=20,legend=Count,font="Dialog",size=11,font color="black",style="p")
button(name="visual_70",label="untitled",x=745,y=135,translucency=0,show shadow=false,action="Active Event List (AEL)",url="",bidi="true",target="_self",filter="op-d01-nmsdb01",filtertype="global",datasource="NBN_AGGV",flash="true",w=12,h=12,type="ellipse",arc diameter=20,legend=Count,font="Dialog",size=11,font color="black",style="p")
button(name="visual_69",label="untitled",x=845,y=220,translucency=0,show shadow=false,action="Active Event List (AEL)",url="",bidi="true",target="_self",filter="op-d01-mediaserver01",filtertype="global",datasource="NBN_AGGV",flash="true",w=12,h=12,type="ellipse",arc diameter=20,legend=Count,font="Dialog",size=11,font color="black",style="p")
button(name="visual_66",label="untitled",x=745,y=755,translucency=0,show shadow=false,action="Active Event List (AEL)",url="",bidi="true",target="_self",filter="op-d01-jumprfems01",filtertype="global",datasource="NBN_AGGV",flash="true",w=12,h=12,type="ellipse",arc diameter=20,legend=Count,font="Dialog",size=11,font color="black",style="p")
button(name="visual_65",label="untitled",x=645,y=755,translucency=0,show shadow=false,action="Active Event List (AEL)",url="",bidi="true",target="_self",filter="op-d01-jumpnms01",filtertype="global",datasource="NBN_AGGV",flash="true",w=12,h=12,type="ellipse",arc diameter=20,legend=Count,font="Dialog",size=11,font color="black",style="p")
button(name="visual_64",label="untitled",x=545,y=755,translucency=0,show shadow=false,action="Active Event List (AEL)",url="",bidi="true",target="_self",filter="op-d01-jumpit01",filtertype="global",datasource="NBN_AGGV",flash="true",w=12,h=12,type="ellipse",arc diameter=20,legend=Count,font="Dialog",size=11,font color="black",style="p")
button(name="visual_63",label="untitled",x=445,y=755,translucency=0,show shadow=false,action="Active Event List (AEL)",url="",bidi="true",target="_self",filter="op-d01-jumpdcwin01",filtertype="global",datasource="NBN_AGGV",flash="true",w=12,h=12,type="ellipse",arc diameter=20,legend=Count,font="Dialog",size=11,font color="black",style="p")
button(name="visual_62",label="untitled",x=345,y=755,translucency=0,show shadow=false,action="Active Event List (AEL)",url="",bidi="true",target="_self",filter="op-d01-jumpdclin01",filtertype="global",datasource="NBN_AGGV",flash="true",w=12,h=12,type="ellipse",arc diameter=20,legend=Count,font="Dialog",size=11,font color="black",style="p")
button(name="visual_61",label="untitled",x=245,y=755,translucency=0,show shadow=false,action="Active Event List (AEL)",url="",bidi="true",target="_self",filter="op-d01-jumpdatawin01",filtertype="global",datasource="NBN_AGGV",flash="true",w=12,h=12,type="ellipse",arc diameter=20,legend=Count,font="Dialog",size=11,font color="black",style="p")
button(name="visual_60",label="untitled",x=145,y=755,translucency=0,show shadow=false,action="Active Event List (AEL)",url="",bidi="true",target="_self",filter="op-d01-jumpdatalin01",filtertype="global",datasource="NBN_AGGV",flash="true",w=12,h=12,type="ellipse",arc diameter=20,legend=Count,font="Dialog",size=11,font color="black",style="p")
button(name="visual_57",label="untitled",x=245,y=220,translucency=0,show shadow=false,action="Active Event List (AEL)",url="",bidi="true",target="_self",filter="op-d01-esxdata02",filtertype="global",datasource="NBN_AGGV",flash="true",w=12,h=12,type="ellipse",arc diameter=20,legend=Count,font="Dialog",size=11,font color="black",style="p")
button(name="visual_56",label="untitled",x=245,y=60,translucency=0,show shadow=false,action="Active Event List (AEL)",url="",bidi="true",target="_self",filter="op-d01-esxdata01",filtertype="global",datasource="NBN_AGGV",flash="true",w=12,h=12,type="ellipse",arc diameter=20,legend=Count,font="Dialog",size=11,font color="black",style="p")
button(name="visual_53",label="untitled",x=645,y=220,translucency=0,show shadow=false,action="Active Event List (AEL)",url="",bidi="true",target="_self",filter="op-d01-esxb2b02",filtertype="global",datasource="NBN_AGGV",flash="true",w=12,h=12,type="ellipse",arc diameter=20,legend=Count,font="Dialog",size=11,font color="black",style="p")
button(name="visual_52",label="untitled",x=645,y=60,translucency=0,show shadow=false,action="Active Event List (AEL)",url="",bidi="true",target="_self",filter="op-d01-esxb2b01",filtertype="global",datasource="NBN_AGGV",flash="true",w=12,h=12,type="ellipse",arc diameter=20,legend=Count,font="Dialog",size=11,font color="black",style="p")
button(name="visual_47",label="untitled",x=445,y=635,translucency=0,show shadow=false,action="Active Event List (AEL)",url="",bidi="true",target="_self",filter="op-d01-emsacssb02",filtertype="global",datasource="NBN_AGGV",flash="true",w=12,h=12,type="ellipse",arc diameter=20,legend=Count,font="Dialog",size=11,font color="black",style="p")
button(name="visual_45",label="untitled",x=445,y=550,translucency=0,show shadow=false,action="Active Event List (AEL)",url="",bidi="true",target="_self",filter="op-d01-emsacssb01",filtertype="global",datasource="NBN_AGGV",flash="true",w=12,h=12,type="ellipse",arc diameter=20,legend=Count,font="Dialog",size=11,font color="black",style="p")
icon(name="d01_srm01",label="d01-srm01",x=1050,y=625,translucency=0,show shadow=false,action="Active Event List (AEL)",url="",bidi="true",target="_self",filter="d01-srm01",filtertype="global",datasource="NBN_AGGV",flash="true",w=88,h=76,type="rectangle",arc diameter=20,legend=Count,font="Dialog",size=11,font color="black",style="p",image="light_rack_server.png",entity status indicator="Highlight Bar")
icon(name="d01_snort02",label="d01-snort02",x=870,y=425,translucency=0,show shadow=false,action="Active Event List (AEL)",url="",bidi="true",target="_self",filter="d01-snort02",filtertype="global",datasource="NBN_AGGV",flash="true",w=88,h=76,type="rectangle",arc diameter=20,legend=Count,font="Dialog",size=11,font color="black",style="p",image="light_rack_server.png",entity status indicator="Highlight Bar")
icon(name="d01-snort01",label="d01-snort01",x=870,y=125,translucency=0,show shadow=false,action="Active Event List (AEL)",url="",bidi="true",target="_self",filter="d01-snort01",filtertype="global",datasource="NBN_AGGV",flash="true",w=88,h=76,type="rectangle",arc diameter=20,legend=Count,font="Dialog",size=11,font color="black",style="p",image="light_rack_server.png",entity status indicator="Highlight Bar")
icon(name="d01_pmsdb02",label="d01-pmsdb02",x=570,y=435,translucency=0,show shadow=false,action="Active Event List (AEL)",url="",bidi="true",target="_self",filter="d01-pmsdb02",filtertype="global",datasource="NBN_AGGV",flash="true",w=88,h=76,type="rectangle",arc diameter=20,legend=Count,font="Dialog",size=11,font color="black",style="p",image="light_rack_server.png",entity status indicator="Highlight Bar")
icon(name="d01_pmsdb01",label="d01-pmsdb01",x=570,y=125,translucency=0,show shadow=false,action="Active Event List (AEL)",url="",bidi="true",target="_self",filter="d01-pmsdb01",filtertype="global",datasource="NBN_AGGV",flash="true",w=88,h=76,type="rectangle",arc diameter=20,legend=Count,font="Dialog",size=11,font color="black",style="p",image="light_rack_server.png",entity status indicator="Highlight Bar")
icon(name="d01_nmsdb02",label="d01-nmsdb02",x=670,y=435,translucency=0,show shadow=false,action="Active Event List (AEL)",url="",bidi="true",target="_self",filter="d01-nmsdb02",filtertype="global",datasource="NBN_AGGV",flash="true",w=88,h=76,type="rectangle",arc diameter=20,legend=Count,font="Dialog",size=11,font color="black",style="p",image="light_rack_server.png",entity status indicator="Highlight Bar")
icon(name="d01_nmsdb01",label="d01-nmsdb01",x=670,y=125,translucency=0,show shadow=false,action="Active Event List (AEL)",url="",bidi="true",target="_self",filter="d01-nmsdb01",filtertype="global",datasource="NBN_AGGV",flash="true",w=88,h=76,type="rectangle",arc diameter=20,legend=Count,font="Dialog",size=11,font color="black",style="p",image="light_rack_server.png",entity status indicator="Highlight Bar")
icon(name="d01_mediaserver01",label="d01-mediaserver01",x=765,y=210,translucency=0,show shadow=false,action="Active Event List (AEL)",url="",bidi="true",target="_self",filter="d01-mediaserver01",filtertype="global",datasource="NBN_AGGV",flash="true",w=98,h=76,type="rectangle",arc diameter=20,legend=Count,font="Dialog",size=11,font color="black",style="p",image="light_rack_server.png",entity status indicator="Highlight Bar")
icon(name="d01_jumprfems01",label="d01-jumprfems01",x=670,y=745,translucency=0,show shadow=false,action="Active Event List (AEL)",url="",bidi="true",target="_self",filter="d01-jumprfems01",filtertype="global",datasource="NBN_AGGV",flash="true",w=88,h=76,type="rectangle",arc diameter=20,legend=Count,font="Dialog",size=11,font color="black",style="p",image="light_rack_server.png",entity status indicator="Highlight Bar")
icon(name="d01_jumpnms01",label="d01-jumpnms01",x=570,y=745,translucency=0,show shadow=false,action="Active Event List (AEL)",url="",bidi="true",target="_self",filter="d01-jumpnms01",filtertype="global",datasource="NBN_AGGV",flash="true",w=88,h=76,type="rectangle",arc diameter=20,legend=Count,font="Dialog",size=11,font color="black",style="p",image="light_rack_server.png",entity status indicator="Highlight Bar")
icon(name="d01_jumpit01",label="d01-jumpit01",x=470,y=745,translucency=0,show shadow=false,action="Active Event List (AEL)",url="",bidi="true",target="_self",filter="d01-jumpit01",filtertype="global",datasource="NBN_AGGV",flash="true",w=88,h=76,type="rectangle",arc diameter=20,legend=Count,font="Dialog",size=11,font color="black",style="p",image="light_rack_server.png",entity status indicator="Highlight Bar")
icon(name="d01_jumpdcwin01",label="d01-jumpdcwin01",x=370,y=745,translucency=0,show shadow=false,action="Active Event List (AEL)",url="",bidi="true",target="_self",filter="d01-jumpdcwin01",filtertype="global",datasource="NBN_AGGV",flash="true",w=90,h=76,type="rectangle",arc diameter=20,legend=Count,font="Dialog",size=11,font color="black",style="p",image="light_rack_server.png",entity status indicator="Highlight Bar")
icon(name="d01-jumpdclin01",label="d01-jumpdclin01",x=270,y=745,translucency=0,show shadow=false,action="Active Event List (AEL)",url="",bidi="true",target="_self",filter="d01-jumpdclin01",filtertype="global",datasource="NBN_AGGV",flash="true",w=88,h=76,type="rectangle",arc diameter=20,legend=Count,font="Dialog",size=11,font color="black",style="p",image="light_rack_server.png",entity status indicator="Highlight Bar")
icon(name="d01_jumpdatawin01",label="d01-jumpdatawin01",x=160,y=745,translucency=0,show shadow=false,action="Active Event List (AEL)",url="",bidi="true",target="_self",filter="d01-jumpdatawin01",filtertype="global",datasource="NBN_AGGV",flash="true",w=104,h=76,type="rectangle",arc diameter=20,legend=Count,font="Dialog",size=11,font color="black",style="p",image="light_rack_server.png",entity status indicator="Highlight Bar")
icon(name="d01_jumpdatalin01",label="d01-jumpdatalin01",x=70,y=745,translucency=0,show shadow=false,action="Active Event List (AEL)",url="",bidi="true",target="_self",filter="d01-jumpdatalin01",filtertype="global",datasource="NBN_AGGV",flash="true",w=91,h=76,type="rectangle",arc diameter=20,legend=Count,font="Dialog",size=11,font color="black",style="p",image="light_rack_server.png",entity status indicator="Highlight Bar")
icon(name="d01_esxdata02",label="d01-esxdata02",x=170,y=210,translucency=0,show shadow=false,action="Active Event List (AEL)",url="",bidi="true",target="_self",filter="d01-esxdata02",filtertype="global",datasource="NBN_AGGV",flash="true",w=88,h=76,type="rectangle",arc diameter=20,legend=Count,font="Dialog",size=11,font color="black",style="p",image="light_rack_server.png",entity status indicator="Highlight Bar")
icon(name="d01_esxdata01",label="d01-esxdata01",x=170,y=50,translucency=0,show shadow=false,action="Active Event List (AEL)",url="",bidi="true",target="_self",filter="d01-esxdata01",filtertype="global",datasource="NBN_AGGV",flash="true",w=88,h=76,type="rectangle",arc diameter=20,legend=Count,font="Dialog",size=11,font color="black",style="p",image="light_rack_server.png",entity status indicator="Highlight Bar")
icon(name="d01-esxb2b02",label="d01-esxb2b02",x=570,y=210,translucency=0,show shadow=false,action="Active Event List (AEL)",url="",bidi="true",target="_self",filter="d01-esxb2b02",filtertype="global",datasource="NBN_AGGV",flash="true",w=88,h=76,type="rectangle",arc diameter=20,legend=Count,font="Dialog",size=11,font color="black",style="p",image="light_rack_server.png",entity status indicator="Highlight Bar")
icon(name="d01_esxb2b01",label="d01-esxb2b01",x=570,y=50,translucency=0,show shadow=false,action="Active Event List (AEL)",url="",bidi="true",target="_self",filter="d01-esxb2b01",filtertype="global",datasource="NBN_AGGV",flash="true",w=88,h=76,type="rectangle",arc diameter=20,legend=Count,font="Dialog",size=11,font color="black",style="p",image="light_rack_server.png",entity status indicator="Highlight Bar")
icon(name="d01_emsacssb02",label="d01-emsacssb02",x=370,y=625,translucency=0,show shadow=false,action="Active Event List (AEL)",url="",bidi="true",target="_self",filter="d01-emsacssb02",filtertype="global",datasource="NBN_AGGV",flash="true",w=88,h=76,type="rectangle",arc diameter=20,legend=Count,font="Dialog",size=11,font color="black",style="p",image="light_rack_server.png",entity status indicator="Highlight Bar")
icon(name="d01-emsacssb01",label="d01-emsacssb01",x=370,y=540,translucency=0,show shadow=false,action="Active Event List (AEL)",url="",bidi="true",target="_self",filter="d01-emsacssb01",filtertype="global",datasource="NBN_AGGV",flash="true",w=88,h=76,type="rectangle",arc diameter=20,legend=Count,font="Dialog",size=11,font color="black",style="p",image="light_rack_server.png",entity status indicator="Highlight Bar")
button(name="visual_39",label="untitled",x=845,y=60,translucency=0,show shadow=false,action="Active Event List (AEL)",url="",bidi="true",target="_self",filter="op-d01-cellmanager01",filtertype="global",datasource="NBN_AGGV",flash="true",w=12,h=12,type="ellipse",arc diameter=20,legend=Count,font="Dialog",size=11,font color="black",style="p")
icon(name="d01_cellmanager01",label="d01-cellmanager01",x=764,y=50,translucency=0,show shadow=false,action="Active Event List (AEL)",url="",bidi="true",target="_self",filter="d01-cellmanager01",filtertype="global",datasource="NBN_AGGV",flash="true",w=96,h=76,type="rectangle",arc diameter=20,legend=Count,font="Dialog",size=11,font color="black",style="p",image="light_rack_server.png",entity status indicator="Highlight Bar")
button(name="visual_92",label="untitled",x=845,y=635,translucency=0,show shadow=false,action="Active Event List (AEL)",url="",bidi="true",target="_self",filter="d01-smtp02",filtertype="global",datasource="NBN_AGGV",flash="true",w=12,h=12,type="ellipse",arc diameter=20,legend=Count,font="Dialog",size=11,font color="black",style="p")
button(name="visual_91",label="untitled",x=1025,y=710,translucency=0,show shadow=false,action="Active Event List (AEL)",url="",bidi="true",target="_self",filter="op-d01-wsus01",filtertype="global",datasource="NBN_AGGV",flash="true",w=12,h=12,type="ellipse",arc diameter=20,legend=Count,font="Dialog",size=11,font color="black",style="p")
button(name="visual_90",label="untitled",x=545,y=635,translucency=0,show shadow=false,action="Active Event List (AEL)",url="",bidi="true",target="_self",filter="op-d01-kick02",filtertype="global",datasource="NBN_AGGV",flash="true",w=12,h=12,type="ellipse",arc diameter=20,legend=Count,font="Dialog",size=11,font color="black",style="p")
button(name="visual_89",label="untitled",x=845,y=550,translucency=0,show shadow=false,action="Active Event List (AEL)",url="",bidi="true",target="_self",filter="op-d01-smtp01",filtertype="global",datasource="NBN_AGGV",flash="true",w=12,h=12,type="ellipse",arc diameter=20,legend=Count,font="Dialog",size=11,font color="black",style="p")
button(name="visual_36",label="untitled",x=545,y=550,translucency=0,show shadow=false,action="Active Event List (AEL)",url="",bidi="true",target="_self",filter="op-d01-kick01",filtertype="global",datasource="NBN_AGGV",flash="true",w=12,h=12,type="ellipse",arc diameter=20,legend=Count,font="Dialog",size=11,font color="black",style="p")
button(name="visual_35",label="untitled",x=345,y=635,translucency=0,show shadow=false,action="Active Event List (AEL)",url="",bidi="true",target="_self",filter="op-d01-dhcp02",filtertype="global",datasource="NBN_AGGV",flash="true",w=12,h=12,type="ellipse",arc diameter=20,legend=Count,font="Dialog",size=11,font color="black",style="p")
button(name="visual_34",label="untitled",x=345,y=550,translucency=0,show shadow=false,action="Active Event List (AEL)",url="",bidi="true",target="_self",filter="op-d01-dhcp01",filtertype="global",datasource="NBN_AGGV",flash="true",w=12,h=12,type="ellipse",arc diameter=20,legend=Count,font="Dialog",size=11,font color="black",style="p")
button(name="visual_32",label="untitled",x=745,y=635,translucency=0,show shadow=false,action="Active Event List (AEL)",url="",bidi="true",target="_self",filter="op-d01-ntp02",filtertype="global",datasource="NBN_AGGV",flash="true",w=12,h=12,type="ellipse",arc diameter=20,legend=Count,font="Dialog",size=11,font color="black",style="p")
button(name="visual_31",label="untitled",x=745,y=550,translucency=0,show shadow=false,action="Active Event List (AEL)",url="",bidi="true",target="_self",filter="op-d01-ntp01",filtertype="global",datasource="NBN_AGGV",flash="true",w=12,h=12,type="ellipse",arc diameter=20,legend=Count,font="Dialog",size=11,font color="black",style="p")
button(name="visual_29",label="untitled",x=245,y=135,translucency=0,show shadow=false,action="Active Event List (AEL)",url="",bidi="true",target="_self",filter="op-d01-vasn01",filtertype="global",datasource="NBN_AGGV",flash="true",w=12,h=12,type="ellipse",arc diameter=20,legend=Count,font="Dialog",size=11,font color="black",style="p")
button(name="visual_28",label="untitled",x=245,y=635,translucency=0,show shadow=false,action="Active Event List (AEL)",url="",bidi="true",target="_self",filter="op-d01-dc02",filtertype="global",datasource="NBN_AGGV",flash="true",w=12,h=12,type="ellipse",arc diameter=20,legend=Count,font="Dialog",size=11,font color="black",style="p")
button(name="visual_27",label="untitled",x=245,y=550,translucency=0,show shadow=false,action="Active Event List (AEL)",url="",bidi="true",target="_self",filter="op-d01-dc01",filtertype="global",datasource="NBN_AGGV",flash="true",w=12,h=12,type="ellipse",arc diameter=20,legend=Count,font="Dialog",size=11,font color="black",style="p")
button(name="visual_23",label="untitled",x=145,y=635,translucency=0,show shadow=false,action="Active Event List (AEL)",url="",bidi="true",target="_self",filter="op-d01-aaa02",filtertype="global",datasource="NBN_AGGV",flash="true",w=12,h=12,type="ellipse",arc diameter=20,legend=Count,font="Dialog",size=11,font color="black",style="p")
button(name="visual_22",label="untitled",x=145,y=550,translucency=0,show shadow=false,action="Active Event List (AEL)",url="",bidi="true",target="_self",filter="op-d01-aaa01",filtertype="global",datasource="NBN_AGGV",flash="true",w=12,h=12,type="ellipse",arc diameter=20,legend=Count,font="Dialog",size=11,font color="black",style="p")
icon(name="visual_88",label="d01-smtp02",x=770,y=625,translucency=0,show shadow=false,action="Active Event List (AEL)",url="",bidi="true",target="_self",filter="d01-smtp02",filtertype="global",datasource="NBN_AGGV",flash="true",w=88,h=76,type="rectangle",arc diameter=20,legend=Count,font="Dialog",size=11,font color="black",style="p",image="light_rack_server.png",entity status indicator="Highlight Bar")
icon(name="d01_kick02",label="d01-kick02",x=470,y=625,translucency=0,show shadow=false,action="Active Event List (AEL)",url="",bidi="true",target="_self",filter="d01-kick02",filtertype="global",datasource="NBN_AGGV",flash="true",w=88,h=76,type="rectangle",arc diameter=20,legend=Count,font="Dialog",size=11,font color="black",style="p",image="light_rack_server.png",entity status indicator="Highlight Bar")
icon(name="d01_dhcp02",label="d01-dhcp02",x=270,y=625,translucency=0,show shadow=false,action="Active Event List (AEL)",url="",bidi="true",target="_self",filter="d01-dhcp02",filtertype="global",datasource="NBN_AGGV",flash="true",w=88,h=76,type="rectangle",arc diameter=20,legend=Count,font="Dialog",size=11,font color="black",style="p",image="light_rack_server.png",entity status indicator="Highlight Bar")
icon(name="d01_dc02",label="d01-dc02",x=170,y=625,translucency=0,show shadow=false,action="Active Event List (AEL)",url="",bidi="true",target="_self",filter="d01-dc02",filtertype="global",datasource="NBN_AGGV",flash="true",w=88,h=76,type="rectangle",arc diameter=20,legend=Count,font="Dialog",size=11,font color="black",style="p",image="light_rack_server.png",entity status indicator="Highlight Bar")
icon(name="d01_ntp02",label="d01-ntp02",x=670,y=625,translucency=0,show shadow=false,action="Active Event List (AEL)",url="",bidi="true",target="_self",filter="d01-ntp02",filtertype="global",datasource="NBN_AGGV",flash="true",w=88,h=76,type="rectangle",arc diameter=20,legend=Count,font="Dialog",size=11,font color="black",style="p",image="light_rack_server.png",entity status indicator="Highlight Bar")
icon(name="d01_aaa02",label="d01-aaa02",x=70,y=625,translucency=0,show shadow=false,action="Active Event List (AEL)",url="",bidi="true",target="_self",filter="d01-aaa02",filtertype="global",datasource="NBN_AGGV",flash="true",w=88,h=76,type="rectangle",arc diameter=20,legend=Count,font="Dialog",size=11,font color="black",style="p",image="light_rack_server.png",entity status indicator="Highlight Bar")
icon(name="d01_vasn01",label="d01-vasn01",x=170,y=125,translucency=0,show shadow=false,action="Open URL",url="https://nmsweb/webserver/jsp/asngw/asngw?deviceId=asnclustermaster01",bidi="true",target="_self",filter="d01-vasn01",filtertype="global",datasource="NBN_AGGV",flash="true",w=88,h=76,type="rectangle",arc diameter=20,legend=None,font="Dialog",size=11,font color="black",style="p",image="light_rack_server.png",entity status indicator="Highlight Bar")
icon(name="d01_c7k_dc01",label="d01-c7k-dc01",x=11,y=44,translucency=0,show shadow=false,action="Open URL",url="https://d01-c7k-dc01-oa1",bidi="true",target="_blank",filter="d01-c7k-dc01",filtertype="global",datasource="",flash="true",w=100,h=144,type="rectangle",arc diameter=20,legend=Count,font="Dialog",size=11,font color="black",style="p",image="C7000.jpeg",entity status indicator="Highlight Bar")
icon(name="d01_aaa01",label="d01-aaa01",x=70,y=540,translucency=0,show shadow=false,action="Active Event List (AEL)",url="",bidi="true",target="_self",filter="d01-aaa01",filtertype="global",datasource="NBN_AGGV",flash="true",w=88,h=76,type="rectangle",arc diameter=20,legend=Count,font="Dialog",size=11,font color="black",style="p",image="light_rack_server.png",entity status indicator="Highlight Bar")
icon(name="d01_ntp01",label="d01-ntp01",x=670,y=540,translucency=0,show shadow=false,action="Active Event List (AEL)",url="",bidi="true",target="_self",filter="d01-ntp01",filtertype="global",datasource="NBN_AGGV",flash="true",w=88,h=76,type="rectangle",arc diameter=20,legend=Count,font="Dialog",size=11,font color="black",style="p",image="light_rack_server.png",entity status indicator="Highlight Bar")
icon(name="d01_dc01",label="d01-dc01",x=170,y=540,translucency=0,show shadow=false,action="Active Event List (AEL)",url="",bidi="true",target="_self",filter="d01-dc01",filtertype="global",datasource="NBN_AGGV",flash="true",w=88,h=76,type="rectangle",arc diameter=20,legend=Count,font="Dialog",size=11,font color="black",style="p",image="light_rack_server.png",entity status indicator="Highlight Bar")
icon(name="d01-dhcp01",label="d01-dhcp01",x=270,y=540,translucency=0,show shadow=false,action="Active Event List (AEL)",url="",bidi="true",target="_self",filter="d01-dhcp01",filtertype="global",datasource="NBN_AGGV",flash="true",w=88,h=76,type="rectangle",arc diameter=20,legend=Count,font="Dialog",size=11,font color="black",style="p",image="light_rack_server.png",entity status indicator="Highlight Bar")
icon(name="d01_kick01",label="d01-kick01",x=470,y=540,translucency=0,show shadow=false,action="Active Event List (AEL)",url="",bidi="true",target="_self",filter="d01-kick01",filtertype="global",datasource="NBN_AGGV",flash="true",w=88,h=76,type="rectangle",arc diameter=20,legend=Count,font="Dialog",size=11,font color="black",style="p",image="light_rack_server.png",entity status indicator="Highlight Bar")
icon(name="d01_smtp01",label="d01-smtp01",x=770,y=540,translucency=0,show shadow=false,action="Active Event List (AEL)",url="",bidi="true",target="_self",filter="d01-smtp01",filtertype="global",datasource="NBN_AGGV",flash="true",w=88,h=76,type="rectangle",arc diameter=20,legend=Count,font="Dialog",size=11,font color="black",style="p",image="light_rack_server.png",entity status indicator="Highlight Bar")
icon(name="visual_80",label="d01-wsus01",x=950,y=700,translucency=0,show shadow=false,action="Active Event List (AEL)",url="",bidi="true",target="_self",filter="d01-wsus01",filtertype="global",datasource="NBN_AGGV",flash="true",w=88,h=76,type="rectangle",arc diameter=20,legend=Count,font="Dialog",size=11,font color="black",style="p",image="light_rack_server.png",entity status indicator="Highlight Bar")
button(name="visual_21",label="untitled",x=115,y=70,translucency=0,show shadow=false,action="Active Event List (AEL)",url="",bidi="true",target="_self",filter="op-d01-c7k-dc01-oa1",filtertype="global",datasource="NBN_AGGV",flash="true",w=12,h=12,type="ellipse",arc diameter=20,legend=None,font="Dialog",size=11,font color="black",style="p")
text(name="visual_15",label="SYN C7000",x=7,y=26,translucency=0,show shadow=false,action="Open URL",url="",bidi="true",target="_self",filter="",filtertype="",datasource="",flash="true",font="Dialog",size=25,justify="center",style="b",rotate="0",color="black")
icon(name="d01-netauth02",label="d01-netauth02",x=570,y=625,translucency=0,show shadow=false,action="Active Event List (AEL)",url="",bidi="true",target="_self",filter="d01-netauth02",filtertype="global",datasource="NBN_AGGV",flash="true",w=88,h=76,type="rectangle",arc diameter=20,legend=Count,font="Dialog",size=11,font color="black",style="p",image="light_rack_server.png",entity status indicator="Highlight Bar")
icon(name="d01_c7k_dc02",label="d01-c7k-dc02",x=11,y=199,translucency=0,show shadow=false,action="Open URL",url="https://d01-c7k-dc02-oa1",bidi="true",target="_blank",filter="d01-c7k-dc02",filtertype="global",datasource="NBN_AGGV",flash="true",w=100,h=144,type="rectangle",arc diameter=20,legend=Count,font="Dialog",size=11,font color="black",style="p",image="C7000.jpeg",entity status indicator="Highlight Bar")
