map(name="DPC_Weather_Map",numCols="0",bgImage="NBNCo_Main.png",bgColor="white",w="1356",h="835",acl="*")
text(filtertype="",url="",translucency="0",datasource="",label="Weather Updated: 2019-01-30 16:03:11 UTC",y="806",x="374",filter="",bidi="true",font="Dialog",size="26",show shadow="false",flash="true",color="#ecec85",action="Open URL",rotate="0",style="",target="_self",name="Weather_Updated",justify="center")
text(filtertype="",url="",translucency="0",datasource="",label="Weather Updated: ",y="778",x="374",filter="",bidi="true",font="Dialog",size="26",show shadow="false",flash="true",color="#ecec85",action="Open URL",rotate="0",style="",target="_self",name="visual_200",justify="center")
icon(filtertype="",legend="None",type="rectangle",url="",translucency="0",datasource="",label="",y="0",x="60",w="850",filter="",bidi="true",entity status indicator="Glow Background",font="Dialog",size="11",image="localRadarImage.png",flash="true",show shadow="false",action="Open URL",h="750",style="p",arc diameter="20",font color="black",target="_self",name="visual_92")
button(filtertype="global",legend="None",type="ellipse",url="",translucency="0",datasource="NBN_AGGV",label="untitled",y="570",x="673",w="13",filter="_Clear",bidi="true",font="Dialog",size="11",show shadow="false",flash="true",action="Active Event List (AEL)",h="13",style="p",arc diameter="20",font color="black",target="_self",name="visual_119")
button(filtertype="global",legend="None",type="ellipse",url="",translucency="0",datasource="NBN_AGGV",label="untitled",y="476",x="786",w="13",filter="_Minor",bidi="true",font="Dialog",size="11",show shadow="false",flash="true",action="Active Event List (AEL)",h="13",style="p",arc diameter="20",font color="black",target="_self",name="visual_44")
line(datasource="",name="visual_70",url="",x2="862",filter="",action="Open URL",translucency="0",flash="true",show shadow="false",target="_self",filtertype="",y="498",y2="498",x="862",label="untitled",thickness="1",bidi="true")
line(datasource="",name="visual_50",url="",x2="181",filter="",action="Open URL",translucency="0",flash="true",show shadow="false",target="_self",filtertype="",y="702",y2="702",x="181",label="untitled",thickness="1",bidi="true")
line(datasource="",name="visual_49",url="",x2="371",filter="",action="Open URL",translucency="0",flash="true",show shadow="false",target="_self",filtertype="",y="670",y2="671",x="367",label="untitled",thickness="1",bidi="true")
line(datasource="",name="visual_48",url="",x2="570",filter="",action="Open URL",translucency="0",flash="true",show shadow="false",target="_self",filtertype="",y="642",y2="643",x="570",label="untitled",thickness="1",bidi="true")
icon(filtertype="global",legend="Count",type="rectangle",url="$(SERVER)/Map/NBNco_DPCMEL",translucency="0",datasource="NBN_AGGV",label="MEL",y="586",x="653",w="50",filter="_Major",bidi="true",entity status indicator="Highlight Bar",font="Dialog",size="11",image="DPCs.gif",flash="true",show shadow="false",action="Open URL",h="95",style="p",arc diameter="20",font color="black",target="_self",name="visual_12")
icon(filtertype="global",legend="Count",type="rectangle",url="$(SERVER)/Map/NBNco_DPCSYN",translucency="0",datasource="NBN_AGGV",label="SYN",y="490",x="764",w="50",filter="_Critical",bidi="true",entity status indicator="Highlight Bar",font="Dialog",size="11",image="DPCs.gif",flash="true",show shadow="false",action="Open URL",h="95",style="p",arc diameter="20",font color="black",target="_self",name="visual_11")
icon(filtertype="",legend="None",type="rectangle",url="$(SERVER)/Map/West_AUS",translucency="100",datasource="",label="untitled",y="129",x="104",w="289",filter="",bidi="true",entity status indicator="Highlight Bar",font="Dialog",size="11",image="West_Aust.png",flash="true",show shadow="false",action="Open URL",h="445",style="p",arc diameter="20",font color="black",target="_self",name="visual_92")