map(name="DPC_Map",bgImage="NBNCo_Main.png",bgColor="white",w=1356,h=835,numCols=4,acl="*")
button(name="visual_119",label="untitled",x=673,y=570,translucency=0,show shadow=false,action="Active Event List (AEL)",url="",bidi="true",target="_self",filter="_Clear",filtertype="global",datasource="NBN_AGGV",flash="true",w=13,h=13,type="ellipse",arc diameter=20,legend=None,font="Dialog",size=11,font color="black",style="p")
button(name="visual_44",label="untitled",x=786,y=476,translucency=0,show shadow=false,action="Active Event List (AEL)",url="",bidi="true",target="_self",filter="_Minor",filtertype="global",datasource="NBN_AGGV",flash="true",w=13,h=13,type="ellipse",arc diameter=20,legend=None,font="Dialog",size=11,font color="black",style="p")
line(name="visual_70",label="untitled",x=862,y=498,translucency=0,show shadow=false,action="Open URL",url="",bidi="true",target="_self",filter="",filtertype="",datasource="",flash="true",thickness=1,x2=862,y2=498)
line(name="visual_50",label="untitled",x=181,y=702,translucency=0,show shadow=false,action="Open URL",url="",bidi="true",target="_self",filter="",filtertype="",datasource="",flash="true",thickness=1,x2=181,y2=702)
line(name="visual_49",label="untitled",x=367,y=670,translucency=0,show shadow=false,action="Open URL",url="",bidi="true",target="_self",filter="",filtertype="",datasource="",flash="true",thickness=1,x2=371,y2=671)
line(name="visual_48",label="untitled",x=570,y=642,translucency=0,show shadow=false,action="Open URL",url="",bidi="true",target="_self",filter="",filtertype="",datasource="",flash="true",thickness=1,x2=570,y2=643)
icon(name="visual_12",label="MEL",x=653,y=586,translucency=0,show shadow=false,action="Open URL",url="$(SERVER)/Map/NBNco_DPCMEL",bidi="true",target="_self",filter="_Major",filtertype="global",datasource="NBN_AGGV",flash="true",w=50,h=95,type="rectangle",arc diameter=20,legend=Count,font="Dialog",size=11,font color="black",style="p",image="DPCs.gif",entity status indicator="Highlight Bar")
icon(name="visual_11",label="SYN",x=764,y=490,translucency=0,show shadow=false,action="Open URL",url="$(SERVER)/Map/NBNco_DPCSYN",bidi="true",target="_self",filter="_Critical",filtertype="global",datasource="NBN_AGGV",flash="true",w=50,h=95,type="rectangle",arc diameter=20,legend=Count,font="Dialog",size=11,font color="black",style="p",image="DPCs.gif",entity status indicator="Highlight Bar")
icon(name="visual_92",label="untitled",x=104,y=129,translucency=100,show shadow=false,action="Open URL",url="$(SERVER)/Map/West_AUS",bidi="true",target="_self",filter="",filtertype="",datasource="",flash="true",w=289,h=445,type="rectangle",arc diameter=20,legend=None,font="Dialog",size=11,font color="black",style="p",image="West_Aust.png",entity status indicator="Highlight Bar")
