map(name="Fault_Map02",numCols="0",bgImage="NBNCo_Main.png",bgColor="white",w="1356",h="835",acl="*")
line(datasource="NBN_AGGV",name="visual_153",url="",x2="689",filter="BACKHAUL-MEL-TO-SYD",action="Open URL",translucency="0",flash="true",show shadow="false",target="_self",filtertype="global",y="562",y2="574",x="700",label="untitled",thickness="2",bidi="true")
button(filtertype="global",legend="Count",type="rectangle",url="",translucency="0",datasource="NBN_AGGV",label="untitled",y="552",x="688",w="31",filter="BACKHAUL-MEL-TO-SYD",bidi="true",font="Dialog",size="11",show shadow="false",flash="true",action="Active Event List (AEL)",h="15",style="p",arc diameter="20",font color="black",target="_self",name="visual_237")
line(datasource="NBN_AGGV",name="visual_80",url="",x2="623",filter="BACKHAUL-MEL-TO-6CVE",action="Open URL",translucency="0",flash="true",show shadow="false",target="_self",filtertype="global",y="662",y2="662",x="183",label="untitled",thickness="2",bidi="true")
line(datasource="NBN_AGGV",name="visual_76",url="",x2="625",filter="BACKHAUL-MEL-TO-6GLS",action="Open URL",translucency="0",flash="true",show shadow="false",target="_self",filtertype="global",y="637",y2="637",x="175",label="untitled",thickness="2",bidi="true")
line(datasource="NBN_AGGV",name="visual_236",url="",x2="109",filter="BACKHAUL-6CVE-TO-MEL",action="Open URL",translucency="0",flash="true",show shadow="false",target="_self",filtertype="global",y="660",y2="663",x="55",label="untitled",thickness="2",bidi="true")
button(filtertype="global",legend="Count",type="rectangle",url="",translucency="0",datasource="NBN_AGGV",label="untitled",y="460",x="746",w="34",filter="BACKHAUL-SYD-TO-2BKS",bidi="true",font="Dialog",size="11",show shadow="false",flash="true",action="Active Event List (AEL)",h="16",style="p",arc diameter="20",font color="black",target="_self",name="visual_235")
line(datasource="NBN_AGGV",name="visual_234",url="",x2="790",filter="BACKHAUL-SYD-TO-4RMS",action="Open URL",translucency="0",flash="true",show shadow="false",target="_self",filtertype="global",y="445",y2="471",x="785",label="untitled",thickness="2",bidi="true")
button(filtertype="global",legend="Count",type="rectangle",url="",translucency="0",datasource="NBN_AGGV",label="untitled",y="435",x="775",w="34",filter="BACKHAUL-SYD-TO-4RMS",bidi="true",font="Dialog",size="11",show shadow="false",flash="true",action="Active Event List (AEL)",h="16",style="p",arc diameter="20",font color="black",target="_self",name="visual_233")
button(filtertype="global",legend="Count",type="rectangle",url="",translucency="0",datasource="NBN_AGGV",label="untitled",y="540",x="635",w="29",filter="BACKHAUL-MEL-TO-2BHS",bidi="true",font="Dialog",size="11",show shadow="false",flash="true",action="Active Event List (AEL)",h="15",style="p",arc diameter="20",font color="black",target="_self",name="visual_232")
button(filtertype="global",legend="Count",type="rectangle",url="",translucency="0",datasource="NBN_AGGV",label="untitled",y="510",x="675",w="33",filter="BACKHAUL-2BHS-TO-SYD",bidi="true",font="Dialog",size="11",show shadow="false",flash="true",action="Active Event List (AEL)",h="15",style="p",arc diameter="20",font color="black",target="_self",name="visual_231")
button(filtertype="global",legend="Count",type="rectangle",url="",translucency="0",datasource="NBN_AGGV",label="untitled",y="625",x="785",w="31",filter="BACKHAUL-SYD-TO-2WLS",bidi="true",font="Dialog",size="11",show shadow="false",flash="true",action="Active Event List (AEL)",h="16",style="p",arc diameter="20",font color="black",target="_self",name="visual_230")
line(datasource="NBN_AGGV",name="visual_98",url="",x2="727",filter="BACKHAUL-2WLS-TO-MEL",action="Open URL",translucency="0",flash="true",show shadow="false",target="_self",filtertype="global",y="610",y2="595",x="695",label="untitled",thickness="2",bidi="true")
button(filtertype="global",legend="Count",type="rectangle",url="",translucency="0",datasource="NBN_AGGV",label="untitled",y="605",x="690",w="26",filter="BACKHAUL-2WLS-TO-MEL",bidi="true",font="Dialog",size="11",show shadow="false",flash="true",action="Active Event List (AEL)",h="16",style="p",arc diameter="20",font color="black",target="_self",name="visual_229")
line(datasource="NBN_AGGV",name="visual_97",url="",x2="705",filter="BACKHAUL-7GES-TO-MEL",action="Open URL",translucency="0",flash="true",show shadow="false",target="_self",filtertype="global",y="670",y2="704",x="715",label="untitled",thickness="2",bidi="true")
button(filtertype="global",legend="Count",type="rectangle",url="",translucency="0",datasource="NBN_AGGV",label="untitled",y="658",x="687",w="35",filter="BACKHAUL-7GES-TO-MEL",bidi="true",font="Dialog",size="11",show shadow="false",flash="true",action="Active Event List (AEL)",h="15",style="p",arc diameter="20",font color="black",target="_self",name="visual_228")
button(filtertype="global",legend="Count",type="rectangle",url="",translucency="0",datasource="NBN_AGGV",label="untitled",y="700",x="820",w="39",filter="BACKHAUL-SYD-TO-7GES",bidi="true",font="Dialog",size="11",show shadow="false",flash="true",action="Active Event List (AEL)",h="15",style="p",arc diameter="20",font color="black",target="_self",name="visual_227")
button(filtertype="global",legend="Count",type="rectangle",url="",translucency="0",datasource="NBN_AGGV",label="untitled",y="585",x="441",w="35",filter="BACKHAUL-MEL-TO-5CDS",bidi="true",font="Dialog",size="11",show shadow="false",flash="true",action="Active Event List (AEL)",h="15",style="p",arc diameter="20",font color="black",target="_self",name="visual_226")
button(filtertype="global",legend="Count",type="rectangle",url="",translucency="0",datasource="NBN_AGGV",label="untitled",y="410",x="596",w="35",filter="BACKHAUL-2BKS-TO-MEL",bidi="true",font="Dialog",size="11",show shadow="false",flash="true",action="Active Event List (AEL)",h="15",style="p",arc diameter="20",font color="black",target="_self",name="visual_225")
button(filtertype="global",legend="Count",type="rectangle",url="",translucency="0",datasource="NBN_AGGV",label="untitled",y="350",x="615",w="45",filter="BACKHAUL-4RMS-TO-MEL",bidi="true",font="Dialog",size="11",show shadow="false",flash="true",action="Open URL",h="15",style="p",arc diameter="20",font color="black",target="_self",name="visual_224")
button(filtertype="global",legend="Count",type="rectangle",url="",translucency="0",datasource="NBN_AGGV",label="untitled",y="375",x="460",w="33",filter="BACKHAUL-SYD-TO-5CDS",bidi="true",font="Dialog",size="11",show shadow="false",flash="true",action="Active Event List (AEL)",h="15",style="p",arc diameter="20",font color="black",target="_self",name="visual_223")
line(datasource="NBN_AGGV",name="visual_96",url="",x2="475",filter="BACKHAUL-SYD-TO-5CDS",action="Open URL",translucency="0",flash="true",show shadow="false",target="_self",filtertype="global",y="340",y2="377",x="475",label="untitled",thickness="2",bidi="true")
button(filtertype="global",legend="Count",type="rectangle",url="",translucency="0",datasource="NBN_AGGV",label="untitled",y="599",x="362",w="36",filter="BACKHAUL-MEL-TO-6KGS",bidi="true",font="Dialog",size="11",show shadow="false",flash="true",action="Active Event List (AEL)",h="15",style="p",arc diameter="20",font color="black",target="_self",name="visual_222")
button(filtertype="global",legend="Count",type="rectangle",url="",translucency="0",datasource="NBN_AGGV",label="untitled",y="655",x="150",w="36",filter="BACKHAUL-MEL-TO-6CVE",bidi="true",font="Dialog",size="11",show shadow="false",flash="true",action="Active Event List (AEL)",h="15",style="p",arc diameter="20",font color="black",target="_self",name="visual_221")
button(filtertype="global",legend="Count",type="rectangle",url="",translucency="0",datasource="NBN_AGGV",label="untitled",y="630",x="130",w="47",filter="BACKHAUL-MEL-TO-6GLS",bidi="true",font="Dialog",size="11",show shadow="false",flash="true",action="Active Event List (AEL)",h="15",style="p",arc diameter="20",font color="black",target="_self",name="visual_220")
button(filtertype="global",legend="Count",type="rectangle",url="",translucency="0",datasource="NBN_AGGV",label="untitled",y="610",x="135",w="36",filter="BACKHAUL-MEL-TO-6WRS",bidi="true",font="Dialog",size="11",show shadow="false",flash="true",action="Active Event List (AEL)",h="15",style="p",arc diameter="20",font color="black",target="_self",name="visual_219")
button(filtertype="global",legend="Count",type="rectangle",url="",translucency="0",datasource="NBN_AGGV",label="untitled",y="325",x="425",w="36",filter="BACKHAUL-SYD-TO-6KGS",bidi="true",font="Dialog",size="11",show shadow="false",flash="true",action="Active Event List (AEL)",h="15",style="p",arc diameter="20",font color="black",target="_self",name="visual_218")
button(filtertype="global",legend="Count",type="rectangle",url="",translucency="0",datasource="NBN_AGGV",label="untitled",y="305",x="485",w="36",filter="BACKHAUL-SYD-TO-6WRS",bidi="true",font="Dialog",size="11",show shadow="false",flash="true",action="Active Event List (AEL)",h="15",style="p",arc diameter="20",font color="black",target="_self",name="visual_217")
button(filtertype="global",legend="Count",type="rectangle",url="",translucency="0",datasource="NBN_AGGV",label="untitled",y="280",x="485",w="36",filter="BACKHAUL-SYD-TO-6GLS",bidi="true",font="Dialog",size="11",show shadow="false",flash="true",action="Active Event List (AEL)",h="15",style="p",arc diameter="20",font color="black",target="_self",name="visual_216")
button(filtertype="global",legend="Count",type="rectangle",url="",translucency="0",datasource="NBN_AGGV",label="untitled",y="260",x="485",w="36",filter="BACKHAUL-SYD-TO-6CVE",bidi="true",font="Dialog",size="11",show shadow="false",flash="true",action="Active Event List (AEL)",h="15",style="p",arc diameter="20",font color="black",target="_self",name="visual_215")
text(filtertype="",url="",translucency="0",datasource="",label="Fault and Weather Page",y="50",x="1370",filter="",bidi="true",font="Dialog",size="11",show shadow="false",flash="true",color="black",action="Open URL",rotate="0",style="p",target="_self",name="visual_14",justify="center")
text(filtertype="",url="",translucency="0",datasource="",label="Status + Weather only",y="30",x="1370",filter="",bidi="true",font="Dialog",size="11",show shadow="false",flash="true",color="black",action="Open URL",rotate="0",style="p",target="_self",name="visual_13",justify="center")
button(filtertype="global",legend="Count",type="rectangle",url="",translucency="0",datasource="NBN_AGGV",label="untitled",y="640",x="630",w="46",filter="Mel",bidi="true",font="Dialog",size="11",show shadow="false",flash="true",action="Active Event List (AEL)",h="19",style="p",arc diameter="20",font color="black",target="_self",name="visual_214")
button(filtertype="global",legend="Count",type="rectangle",url="",translucency="0",datasource="NBN_AGGV",label="untitled",y="541",x="763",w="46",filter="SYD",bidi="true",font="Dialog",size="11",show shadow="false",flash="true",action="Active Event List (AEL)",h="19",style="p",arc diameter="20",font color="black",target="_self",name="visual_213")
text(filtertype="",url="",translucency="0",datasource="",label="Weather Updated: 2019-01-30 16:03:11 UTC",y="806",x="374",filter="",bidi="true",font="Dialog",size="26",show shadow="false",flash="true",color="#ecec85",action="Open URL",rotate="0",style="",target="_self",name="Weather_Updated",justify="center")
button(filtertype="global",legend="Count",type="rectangle",url="",translucency="0",datasource="NBN_AGGV",label="untitled",y="535",x="690",w="31",filter="BACKHAUL-SYD-TO-MEL",bidi="true",font="Dialog",size="11",show shadow="false",flash="true",action="Active Event List (AEL)",h="15",style="p",arc diameter="20",font color="black",target="_self",name="visual_202")
button(filtertype="global",legend="Count",type="rectangle",url="",translucency="0",datasource="NBN_AGGV",label="untitled",y="395",x="460",w="34",filter="BACKHAUL-5CDS-TO-SYD",bidi="true",font="Dialog",size="11",show shadow="false",flash="true",action="Active Event List (AEL)",h="15",style="p",arc diameter="20",font color="black",target="_self",name="visual_201")
line(datasource="NBN_AGGV",name="visual_95",url="",x2="704",filter="BACKHAUL-SYD-TO-MEL",action="Open URL",translucency="0",flash="true",show shadow="false",target="_self",filtertype="global",y="531",y2="535",x="755",label="untitled",thickness="2",bidi="true")
line(datasource="NBN_AGGV",name="visual_94",url="",x2="815",filter="BACKHAUL-SYD-TO-5CDS",action="Open URL",translucency="0",flash="true",show shadow="false",target="_self",filtertype="global",y="338",y2="486",x="815",label="untitled",thickness="2",bidi="true")
line(datasource="NBN_AGGV",name="visual_200",url="",x2="814",filter="BACKHAUL-SYD-TO-5CDS",action="Open URL",translucency="0",flash="true",show shadow="false",target="_self",filtertype="global",y="340",y2="337",x="475",label="untitled",thickness="2",bidi="true")
line(datasource="NBN_AGGV",name="visual_93",url="",x2="477",filter="BACKHAUL-5CDS-TO-SYD",action="Open URL",translucency="0",flash="true",show shadow="false",target="_self",filtertype="global",y="410",y2="442",x="475",label="untitled",thickness="2",bidi="true")
button(filtertype="global",legend="None",type="ellipse",url="",translucency="0",datasource="NBN_AGGV",label="untitled",y="506",x="465",w="16",filter="5CDS_LocAndNMSAlarmId",bidi="true",font="Dialog",size="11",show shadow="false",flash="true",action="Open URL",h="16",style="p",arc diameter="20",font color="black",target="_blank",name="visual_212")
button(filtertype="global",legend="None",type="ellipse",url="",translucency="0",datasource="NBN_AGGV",label="untitled",y="396",x="757",w="16",filter="4RMS_LocAndNMSAlarmId",bidi="true",font="Dialog",size="11",show shadow="false",flash="true",action="Open URL",h="16",style="p",arc diameter="20",font color="black",target="_blank",name="visual_211")
button(filtertype="global",legend="None",type="ellipse",url="",translucency="0",datasource="NBN_AGGV",label="untitled",y="463",x="689",w="16",filter="2BKS_LocAndNMSAlarmId",bidi="true",font="Dialog",size="11",show shadow="false",flash="true",action="Open URL",h="16",style="p",arc diameter="20",font color="black",target="_blank",name="visual_210")
button(filtertype="global",legend="None",type="ellipse",url="",translucency="0",datasource="NBN_AGGV",label="untitled",y="505",x="607",w="16",filter="2BHS_LocAndNMSAlarmId",bidi="true",font="Dialog",size="11",show shadow="false",flash="true",action="Open URL",h="16",style="p",arc diameter="20",font color="black",target="_blank",name="visual_209")
button(filtertype="global",legend="None",type="ellipse",url="",translucency="0",datasource="NBN_AGGV",label="untitled",y="612",x="755",w="16",filter="2WLS_LocAndNMSAlarmId",bidi="true",font="Dialog",size="11",show shadow="false",flash="true",action="Open URL",h="16",style="p",arc diameter="20",font color="black",target="_blank",name="visual_208")
button(filtertype="global",legend="None",type="ellipse",url="",translucency="0",datasource="NBN_AGGV",label="untitled",y="732",x="714",w="16",filter="7GES_LocAndNMSAlarmId",bidi="true",font="Dialog",size="11",show shadow="false",flash="true",action="Open URL",h="16",style="p",arc diameter="20",font color="black",target="_blank",name="visual_207")
button(filtertype="global",legend="None",type="ellipse",url="",translucency="0",datasource="NBN_AGGV",label="untitled",y="357",x="127",w="16",filter="6CVE_LocAndNMSAlarmId",bidi="true",font="Dialog",size="11",show shadow="false",flash="true",action="Open URL",h="16",style="p",arc diameter="20",font color="black",target="_blank",name="visual_206")
button(filtertype="global",legend="None",type="ellipse",url="",translucency="0",datasource="NBN_AGGV",label="untitled",y="445",x="153",w="16",filter="6GLS_LocAndNMSAlarmId",bidi="true",font="Dialog",size="11",show shadow="false",flash="true",action="Open URL",h="16",style="p",arc diameter="20",font color="black",target="_blank",name="visual_205")
button(filtertype="global",legend="None",type="ellipse",url="",translucency="0",datasource="NBN_AGGV",label="untitled",y="536",x="170",w="16",filter="6WRS_LocAndNMSAlarmId",bidi="true",font="Dialog",size="11",show shadow="false",flash="true",action="Open URL",h="16",style="p",arc diameter="20",font color="black",target="_blank",name="visual_204")
button(filtertype="global",legend="None",type="ellipse",url="",translucency="0",datasource="NBN_AGGV",label="untitled",y="468",x="256",w="16",filter="6KGS_LocAndNMSAlarmId",bidi="true",font="Dialog",size="11",show shadow="false",flash="true",action="Open URL",h="16",style="p",arc diameter="20",font color="black",target="_blank",name="visual_203")
button(filtertype="global",legend="None",type="ellipse",url="",translucency="0",datasource="NBN_AGGV",label="untitled",y="678",x="718",w="13",filter="op-7ges_ant1b",bidi="true",font="Dialog",size="11",show shadow="false",flash="true",action="Open URL",h="13",style="p",arc diameter="20",font color="black",target="_self",name="visual_120")
button(filtertype="global",legend="None",type="ellipse",url="",translucency="0",datasource="NBN_AGGV",label="untitled",y="570",x="673",w="13",filter="Mel_Logical_DPC",bidi="true",font="Dialog",size="11",show shadow="false",flash="true",action="Open URL",h="13",style="p",arc diameter="20",font color="black",target="_self",name="visual_119")
button(filtertype="global",legend="None",type="ellipse",url="",translucency="0",datasource="NBN_AGGV",label="untitled",y="476",x="786",w="13",filter="Syd_Logical_DPC",bidi="true",font="Dialog",size="11",show shadow="false",flash="true",action="Open URL",h="13",style="p",arc diameter="20",font color="black",target="_self",name="visual_44")
button(filtertype="global",legend="None",type="ellipse",url="",translucency="0",datasource="NBN_AGGV",label="untitled",y="342",x="764",w="13",filter="op-4rms_ant1b",bidi="true",font="Dialog",size="11",show shadow="false",flash="true",action="Open URL",h="13",style="p",arc diameter="20",font color="black",target="_self",name="visual_40")
button(filtertype="global",legend="None",type="ellipse",url="",translucency="0",datasource="NBN_AGGV",label="untitled",y="408",x="694",w="13",filter="op-2bks_ant1b",bidi="true",font="Dialog",size="11",show shadow="false",flash="true",action="Open URL",h="13",style="p",arc diameter="20",font color="black",target="_self",name="visual_34")
button(filtertype="global",legend="None",type="ellipse",url="",translucency="0",datasource="NBN_AGGV",label="untitled",y="455",x="613",w="13",filter="op-2bhs_ant1b",bidi="true",font="Dialog",size="11",show shadow="false",flash="true",action="Open URL",h="13",style="p",arc diameter="20",font color="black",target="_self",name="visual_32")
button(filtertype="global",legend="None",type="ellipse",url="",translucency="0",datasource="NBN_AGGV",label="untitled",y="451",x="438",w="13",filter="5cds_ant1a",bidi="true",font="Dialog",size="11",show shadow="false",flash="true",action="Open URL",h="13",style="p",arc diameter="20",font color="black",target="_self",name="visual_29")
button(filtertype="global",legend="None",type="ellipse",url="",translucency="0",datasource="",label="untitled",y="417",x="229",w="13",filter="op-6kgs_ant1a",bidi="true",font="Dialog",size="11",show shadow="false",flash="true",action="Open URL",h="13",style="p",arc diameter="20",font color="black",target="_self",name="visual_26")
button(filtertype="global",legend="None",type="ellipse",url="",translucency="0",datasource="NBN_AGGV",label="untitled",y="485",x="177",w="13",filter="6wrs_ant1b",bidi="true",font="Dialog",size="11",show shadow="false",flash="true",action="Open URL",h="13",style="p",arc diameter="20",font color="black",target="_blank",name="visual_22")
button(filtertype="global",legend="None",type="ellipse",url="",translucency="0",datasource="NBN_AGGV",label="untitled",y="394",x="127",w="13",filter="op-6gls_ant1a",bidi="true",font="Dialog",size="11",show shadow="false",flash="true",action="Open URL",h="13",style="p",arc diameter="20",font color="black",target="_self",name="visual_20")
button(filtertype="global",legend="None",type="ellipse",url="",translucency="0",datasource="NBN_AGGV",label="untitled",y="303",x="103",w="13",filter="op-6cve_ant1a",bidi="true",font="Dialog",size="11",show shadow="false",flash="true",action="Open URL",h="13",style="p",arc diameter="20",font color="black",target="_self",name="visual_17")
button(filtertype="global",legend="Count",type="rectangle",url="",translucency="0",datasource="NBN_AGGV",label="untitled",y="702",x="741",w="36",filter="7ges_ant1b",bidi="true",font="Dialog",size="11",show shadow="false",flash="true",action="Active Event List (AEL)",h="17",style="p",arc diameter="20",font color="black",target="_self",name="visual_199")
button(filtertype="global",legend="Count",type="rectangle",url="",translucency="0",datasource="NBN_AGGV",label="untitled",y="704",x="641",w="36",filter="7ges_ant1a",bidi="true",font="Dialog",size="11",show shadow="false",flash="true",action="Active Event List (AEL)",h="17",style="p",arc diameter="20",font color="black",target="_self",name="visual_198")
button(filtertype="global",legend="Count",type="rectangle",url="",translucency="0",datasource="NBN_AGGV",label="untitled",y="580",x="771",w="33",filter="2wls_ant1b",bidi="true",font="Dialog",size="11",show shadow="false",flash="true",action="Active Event List (AEL)",h="17",style="p",arc diameter="20",font color="black",target="_self",name="visual_197")
button(filtertype="global",legend="Count",type="rectangle",url="",translucency="0",datasource="NBN_AGGV",label="untitled",y="579",x="688",w="36",filter="2wls_ant1a",bidi="true",font="Dialog",size="11",show shadow="false",flash="true",action="Active Event List (AEL)",h="17",style="p",arc diameter="20",font color="black",target="_self",name="visual_196")
button(filtertype="global",legend="Count",type="rectangle",url="",translucency="0",datasource="NBN_AGGV",label="untitled",y="350",x="780",w="28",filter="4rms_ant1b",bidi="true",font="Dialog",size="11",show shadow="false",flash="true",action="Active Event List (AEL)",h="17",style="p",arc diameter="20",font color="black",target="_self",name="visual_195")
button(filtertype="global",legend="Count",type="rectangle",url="",translucency="0",datasource="NBN_AGGV",label="untitled",y="364",x="694",w="36",filter="4rms_ant1a",bidi="true",font="Dialog",size="11",show shadow="false",flash="true",action="Active Event List (AEL)",h="17",style="p",arc diameter="20",font color="black",target="_self",name="visual_194")
button(filtertype="global",legend="Count",type="rectangle",url="",translucency="0",datasource="NBN_AGGV",label="untitled",y="430",x="717",w="36",filter="2bks_ant1b",bidi="true",font="Dialog",size="11",show shadow="false",flash="true",action="Active Event List (AEL)",h="17",style="p",arc diameter="20",font color="black",target="_self",name="visual_193")
button(filtertype="global",legend="Count",type="rectangle",url="",translucency="0",datasource="NBN_AGGV",label="untitled",y="432",x="624",w="36",filter="2bks_ant1a",bidi="true",font="Dialog",size="11",show shadow="false",flash="true",action="Active Event List (AEL)",h="17",style="p",arc diameter="20",font color="black",target="_self",name="visual_192")
button(filtertype="global",legend="Count",type="rectangle",url="",translucency="0",datasource="NBN_AGGV",label="untitled",y="482",x="632",w="36",filter="2bhs_ant1b",bidi="true",font="Dialog",size="11",show shadow="false",flash="true",action="Active Event List (AEL)",h="17",style="p",arc diameter="20",font color="black",target="_self",name="visual_191")
button(filtertype="global",legend="Count",type="rectangle",url="",translucency="0",datasource="NBN_AGGV",label="untitled",y="470",x="545",w="28",filter="2bhs_ant1a",bidi="true",font="Dialog",size="11",show shadow="false",flash="true",action="Active Event List (AEL)",h="17",style="p",arc diameter="20",font color="black",target="_self",name="visual_190")
button(filtertype="global",legend="Count",type="rectangle",url="",translucency="0",datasource="NBN_AGGV",label="untitled",y="469",x="495",w="32",filter="5cds_ant1b",bidi="true",font="Dialog",size="11",show shadow="false",flash="true",action="Active Event List (AEL)",h="17",style="p",arc diameter="20",font color="black",target="_self",name="visual_189")
button(filtertype="global",legend="Count",type="rectangle",url="",translucency="0",datasource="NBN_AGGV",label="untitled",y="468",x="397",w="36",filter="5cds_ant1a",bidi="true",font="Dialog",size="11",show shadow="false",flash="true",action="Active Event List (AEL)",h="17",style="p",arc diameter="20",font color="black",target="_self",name="visual_188")
button(filtertype="global",legend="Count",type="rectangle",url="",translucency="0",datasource="NBN_AGGV",label="untitled",y="440",x="286",w="36",filter="6kgs_ant1b",bidi="true",font="Dialog",size="11",show shadow="false",flash="true",action="Active Event List (AEL)",h="17",style="p",arc diameter="20",font color="black",target="_self",name="visual_187")
button(filtertype="global",legend="Count",type="rectangle",url="",translucency="0",datasource="NBN_AGGV",label="untitled",y="444",x="191",w="36",filter="6kgs_ant1a",bidi="true",font="Dialog",size="11",show shadow="false",flash="true",action="Active Event List (AEL)",h="17",style="p",arc diameter="20",font color="black",target="_self",name="visual_186")
button(filtertype="global",legend="Count",type="rectangle",url="",translucency="0",datasource="NBN_AGGV",label="untitled",y="506",x="196",w="36",filter="6wrs_ant1b",bidi="true",font="Dialog",size="11",show shadow="false",flash="true",action="Active Event List (AEL)",h="17",style="p",arc diameter="20",font color="black",target="_self",name="visual_185")
button(filtertype="global",legend="Count",type="rectangle",url="",translucency="0",datasource="NBN_AGGV",label="untitled",y="502",x="103",w="36",filter="6wrs_ant1a",bidi="true",font="Dialog",size="11",show shadow="false",flash="true",action="Active Event List (AEL)",h="17",style="p",arc diameter="20",font color="black",target="_self",name="visual_184")
button(filtertype="global",legend="Count",type="rectangle",url="",translucency="0",datasource="NBN_AGGV",label="untitled",y="416",x="178",w="36",filter="6gls_ant1b",bidi="true",font="Dialog",size="11",show shadow="false",flash="true",action="Active Event List (AEL)",h="17",style="p",arc diameter="20",font color="black",target="_self",name="visual_183")
button(filtertype="global",legend="Count",type="rectangle",url="",translucency="0",datasource="NBN_AGGV",label="untitled",y="413",x="87",w="36",filter="6gls_ant1a",bidi="true",font="Dialog",size="11",show shadow="false",flash="true",action="Active Event List (AEL)",h="17",style="p",arc diameter="20",font color="black",target="_self",name="visual_182")
button(filtertype="global",legend="Count",type="rectangle",url="",translucency="0",datasource="NBN_AGGV",label="untitled",y="319",x="155",w="36",filter="6cve_ant1b",bidi="true",font="Dialog",size="11",show shadow="false",flash="true",action="Active Event List (AEL)",h="17",style="p",arc diameter="20",font color="black",target="_self",name="visual_162")
text(filtertype="",url="",translucency="0",datasource="",label="B",y="732",x="747",filter="",bidi="true",font="Dialog",size="11",show shadow="false",flash="true",color="black",action="Open URL",rotate="0",style="p",target="_self",name="visual_181",justify="center")
text(filtertype="",url="",translucency="0",datasource="",label="B",y="610",x="775",filter="",bidi="true",font="Dialog",size="11",show shadow="false",flash="true",color="black",action="Open URL",rotate="0",style="p",target="_self",name="visual_180",justify="center")
text(filtertype="",url="",translucency="0",datasource="",label="B",y="397",x="791",filter="",bidi="true",font="Dialog",size="11",show shadow="false",flash="true",color="black",action="Open URL",rotate="0",style="p",target="_self",name="visual_179",justify="center")
text(filtertype="",url="",translucency="0",datasource="",label="B",y="460",x="721",filter="",bidi="true",font="Dialog",size="11",show shadow="false",flash="true",color="black",action="Open URL",rotate="0",style="p",target="_self",name="visual_178",justify="center")
text(filtertype="",url="",translucency="0",datasource="",label="B",y="512",x="636",filter="",bidi="true",font="Dialog",size="11",show shadow="false",flash="true",color="black",action="Open URL",rotate="0",style="p",target="_self",name="visual_177",justify="center")
text(filtertype="",url="",translucency="0",datasource="",label="B",y="503",x="494",filter="",bidi="true",font="Dialog",size="11",show shadow="false",flash="true",color="black",action="Open URL",rotate="0",style="p",target="_self",name="visual_176",justify="center")
text(filtertype="",url="",translucency="0",datasource="",label="B",y="470",x="292",filter="",bidi="true",font="Dialog",size="11",show shadow="false",flash="true",color="black",action="Open URL",rotate="0",style="p",target="_self",name="visual_175",justify="center")
text(filtertype="",url="",translucency="0",datasource="",label="B",y="534",x="199",filter="",bidi="true",font="Dialog",size="11",show shadow="false",flash="true",color="black",action="Open URL",rotate="0",style="p",target="_self",name="visual_174",justify="center")
text(filtertype="",url="",translucency="0",datasource="",label="B",y="447",x="178",filter="",bidi="true",font="Dialog",size="11",show shadow="false",flash="true",color="black",action="Open URL",rotate="0",style="p",target="_self",name="visual_173",justify="center")
text(filtertype="",url="",translucency="0",datasource="",label="A",y="608",x="714",filter="",bidi="true",font="Dialog",size="11",show shadow="false",flash="true",color="black",action="Open URL",rotate="0",style="p",target="_self",name="visual_171",justify="center")
text(filtertype="",url="",translucency="0",datasource="",label="A",y="396",x="716",filter="",bidi="true",font="Dialog",size="11",show shadow="false",flash="true",color="black",action="Open URL",rotate="0",style="p",target="_self",name="visual_170",justify="center")
text(filtertype="",url="",translucency="0",datasource="",label="A",y="462",x="650",filter="",bidi="true",font="Dialog",size="11",show shadow="false",flash="true",color="black",action="Open URL",rotate="0",style="p",target="_self",name="visual_169",justify="center")
text(filtertype="",url="",translucency="0",datasource="",label="A",y="734",x="664",filter="",bidi="true",font="Dialog",size="11",show shadow="false",flash="true",color="black",action="Open URL",rotate="0",style="p",target="_self",name="visual_168",justify="center")
text(filtertype="",url="",translucency="0",datasource="",label="A",y="504",x="565",filter="",bidi="true",font="Dialog",size="11",show shadow="false",flash="true",color="black",action="Open URL",rotate="0",style="p",target="_self",name="visual_167",justify="center")
text(filtertype="",url="",translucency="0",datasource="",label="A",y="499",x="424",filter="",bidi="true",font="Dialog",size="11",show shadow="false",flash="true",color="black",action="Open URL",rotate="0",style="p",target="_self",name="visual_166",justify="center")
text(filtertype="",url="",translucency="0",datasource="",label="A",y="474",x="213",filter="",bidi="true",font="Dialog",size="11",show shadow="false",flash="true",color="black",action="Open URL",rotate="0",style="p",target="_self",name="visual_165",justify="center")
text(filtertype="",url="",translucency="0",datasource="",label="A",y="532",x="128",filter="",bidi="true",font="Dialog",size="11",show shadow="false",flash="true",color="black",action="Open URL",rotate="0",style="p",target="_self",name="visual_164",justify="center")
text(filtertype="",url="",translucency="0",datasource="",label="A",y="444",x="110",filter="",bidi="true",font="Dialog",size="11",show shadow="false",flash="true",color="black",action="Open URL",rotate="0",style="p",target="_self",name="visual_163",justify="center")
button(filtertype="global",legend="Count",type="rectangle",url="",translucency="0",datasource="NBN_AGGV",label="untitled",y="319",x="65",w="36",filter="6cve_ant1a",bidi="true",font="Dialog",size="11",show shadow="false",flash="true",action="Active Event List (AEL)",h="17",style="p",arc diameter="20",font color="black",target="_self",name="visual_161")
text(filtertype="",url="",translucency="0",datasource="",label="B",y="351",x="160",filter="",bidi="true",font="Dialog",size="11",show shadow="false",flash="true",color="black",action="Open URL",rotate="0",style="p",target="_self",name="visual_160",justify="center")
text(filtertype="",url="",translucency="0",datasource="",label="A",y="348",x="88",filter="",bidi="true",font="Dialog",size="11",show shadow="false",flash="true",color="black",action="Open URL",rotate="0",style="p",target="_self",name="visual_159",justify="center")
button(filtertype="global",legend="Count",type="rectangle",url="",translucency="0",datasource="NBN_AGGV",label="untitled",y="644",x="785",w="33",filter="BACKHAUL-2WLS-TO-SYD",bidi="true",font="Dialog",size="11",show shadow="false",flash="true",action="Active Event List (AEL)",h="16",style="p",arc diameter="20",font color="black",target="_self",name="visual_158")
button(filtertype="global",legend="Count",type="rectangle",url="",translucency="0",datasource="NBN_AGGV",label="untitled",y="415",x="775",w="34",filter="BACKHAUL-4RMS-TO-SYD",bidi="true",font="Dialog",size="11",show shadow="false",flash="true",action="Active Event List (AEL)",h="16",style="p",arc diameter="20",font color="black",target="_self",name="visual_156")
button(filtertype="global",legend="Count",type="rectangle",url="",translucency="0",datasource="NBN_AGGV",label="untitled",y="640",x="685",w="39",filter="BACKHAUL-MEL-TO-7GES",bidi="true",font="Dialog",size="11",show shadow="false",flash="true",action="Active Event List (AEL)",h="15",style="p",arc diameter="20",font color="black",target="_self",name="visual_157")
button(filtertype="global",legend="Count",type="rectangle",url="",translucency="0",datasource="NBN_AGGV",label="untitled",y="460",x="715",w="29",filter="BACKHAUL-2BKS-TO-SYD",bidi="true",font="Dialog",size="11",show shadow="false",flash="true",action="Active Event List (AEL)",h="16",style="p",arc diameter="20",font color="black",target="_self",name="visual_155")
button(filtertype="global",legend="Count",type="rectangle",url="",translucency="0",datasource="NBN_AGGV",label="untitled",y="620",x="685",w="29",filter="BACKHAUL-MEL-TO-2WLS",bidi="true",font="Dialog",size="11",show shadow="false",flash="true",action="Active Event List (AEL)",h="16",style="p",arc diameter="20",font color="black",target="_self",name="visual_154")
button(filtertype="global",legend="Count",type="rectangle",url="",translucency="0",datasource="NBN_AGGV",label="untitled",y="540",x="605",w="29",filter="BACKHAUL-2BHS-TO-MEL",bidi="true",font="Dialog",size="11",show shadow="false",flash="true",action="Active Event List (AEL)",h="15",style="p",arc diameter="20",font color="black",target="_self",name="visual_152")
line(datasource="NBN_AGGV",name="visual_151",url="",x2="605",filter="BACKHAUL-2BHS-TO-MEL",action="Open URL",translucency="0",flash="true",show shadow="false",target="_self",filtertype="global",y="520",y2="552",x="575",label="untitled",thickness="2",bidi="true")
line(datasource="NBN_AGGV",name="visual_150",url="",x2="622",filter="BACKHAUL-2BKS-TO-MEL",action="Open URL",translucency="0",flash="true",show shadow="false",target="_self",filtertype="global",y="418",y2="418",x="657",label="untitled",thickness="2",bidi="true")
button(filtertype="global",legend="Count",type="rectangle",url="",translucency="0",datasource="NBN_AGGV",label="untitled",y="410",x="560",w="33",filter="BACKHAUL-MEL-TO-2BKS",bidi="true",font="Dialog",size="11",show shadow="false",flash="true",action="Active Event List (AEL)",h="15",style="p",arc diameter="20",font color="black",target="_self",name="visual_149")
button(filtertype="global",legend="Count",type="rectangle",url="",translucency="0",datasource="NBN_AGGV",label="untitled",y="565",x="440",w="35",filter="BACKHAUL-5CDS-TO-MEL",bidi="true",font="Dialog",size="11",show shadow="false",flash="true",action="Active Event List (AEL)",h="15",style="p",arc diameter="20",font color="black",target="_self",name="visual_147")
line(datasource="NBN_AGGV",name="visual_142",url="",x2="803",filter="BACKHAUL-SYD-TO-7GES",action="Open URL",translucency="0",flash="true",show shadow="false",target="_self",filtertype="global",y="675",y2="563",x="830",label="untitled",thickness="2",bidi="true")
button(filtertype="global",legend="Count",type="rectangle",url="",translucency="0",datasource="NBN_AGGV",label="untitled",y="680",x="820",w="42",filter="BACKHAUL-SYD-TO-7GES",bidi="true",font="Dialog",size="11",show shadow="false",flash="true",action="Active Event List (AEL)",h="15",style="p",arc diameter="20",font color="black",target="_self",name="visual_146")
line(datasource="NBN_AGGV",name="visual_145",url="",x2="737",filter="BACKHAUL-SYD-TO-2BHS",action="Open URL",translucency="0",flash="true",show shadow="false",target="_self",filtertype="global",y="521",y2="521",x="769",label="untitled",thickness="2",bidi="true")
line(datasource="NBN_AGGV",name="visual_144",url="",x2="811",filter="BACKHAUL-SYD-TO-6WRS",action="Open URL",translucency="0",flash="true",show shadow="false",target="_self",filtertype="global",y="532",y2="532",x="841",label="untitled",thickness="2",bidi="true")
button(filtertype="global",legend="Count",type="rectangle",url="",translucency="0",datasource="NBN_AGGV",label="untitled",y="510",x="710",w="33",filter="BACKHAUL-SYD-TO-2BHS",bidi="true",font="Dialog",size="11",show shadow="false",flash="true",action="Active Event List (AEL)",h="15",style="p",arc diameter="20",font color="black",target="_self",name="visual_143")
line(datasource="NBN_AGGV",name="visual_141",url="",x2="841",filter="BACKHAUL-SYD-TO-6WRS",action="Open URL",translucency="0",flash="true",show shadow="false",target="_self",filtertype="global",y="312",y2="531",x="841",label="untitled",thickness="2",bidi="true")
button(filtertype="global",legend="Count",type="rectangle",url="",translucency="0",datasource="NBN_AGGV",label="untitled",y="307",x="445",w="36",filter="BACKHAUL-6WRS-TO-SYD",bidi="true",font="Dialog",size="11",show shadow="false",flash="true",action="Active Event List (AEL)",h="15",style="p",arc diameter="20",font color="black",target="_self",name="visual_139")
line(datasource="NBN_AGGV",name="visual_138",url="",x2="445",filter="BACKHAUL-6WRS-TO-SYD",action="Open URL",translucency="0",flash="true",show shadow="false",target="_self",filtertype="global",y="325",y2="311",x="225",label="untitled",thickness="2",bidi="true")
line(datasource="NBN_AGGV",name="visual_137",url="",x2="226",filter="BACKHAUL-6WRS-TO-SYD",action="Open URL",translucency="0",flash="true",show shadow="false",target="_self",filtertype="global",y="499",y2="325",x="191",label="untitled",thickness="2",bidi="true")
line(datasource="NBN_AGGV",name="visual_136",url="",x2="642",filter="BACKHAUL-MEL-TO-6KGS",action="Open URL",translucency="0",flash="true",show shadow="false",target="_self",filtertype="global",y="607",y2="606",x="394",label="untitled",thickness="2",bidi="true")
button(filtertype="global",legend="Count",type="rectangle",url="",translucency="0",datasource="NBN_AGGV",label="untitled",y="599",x="319",w="36",filter="BACKHAUL-6KGS-TO-MEL",bidi="true",font="Dialog",size="11",show shadow="false",flash="true",action="Active Event List (AEL)",h="15",style="p",arc diameter="20",font color="black",target="_self",name="visual_135")
button(filtertype="global",legend="Count",type="rectangle",url="",translucency="0",datasource="NBN_AGGV",label="untitled",y="655",x="111",w="36",filter="BACKHAUL-6CVE-TO-MEL",bidi="true",font="Dialog",size="11",show shadow="false",flash="true",action="Active Event List (AEL)",h="15",style="p",arc diameter="20",font color="black",target="_self",name="visual_134")
button(filtertype="global",legend="Count",type="rectangle",url="",translucency="0",datasource="NBN_AGGV",label="untitled",y="630",x="75",w="51",filter="BACKHAUL-6GLS-TO-MEL",bidi="true",font="Dialog",size="11",show shadow="false",flash="true",action="Active Event List (AEL)",h="15",style="p",arc diameter="20",font color="black",target="_self",name="visual_133")
button(filtertype="global",legend="Count",type="rectangle",url="",translucency="0",datasource="NBN_AGGV",label="untitled",y="610",x="95",w="36",filter="BACKHAUL-6WRS-TO-MEL",bidi="true",font="Dialog",size="11",show shadow="false",flash="true",action="Active Event List (AEL)",h="15",style="p",arc diameter="20",font color="black",target="_self",name="visual_132")
line(datasource="NBN_AGGV",name="visual_128",url="",x2="656",filter="BACKHAUL-4RMS-TO-MEL",action="Open URL",translucency="0",flash="true",show shadow="false",target="_self",filtertype="global",y="359",y2="359",x="727",label="untitled",thickness="2",bidi="true")
button(filtertype="global",legend="Count",type="rectangle",url="",translucency="0",datasource="NBN_AGGV",label="untitled",y="349",x="566",w="45",filter="BACKHAUL-MEL-TO-4RMS",bidi="true",font="Dialog",size="11",show shadow="false",flash="true",action="Active Event List (AEL)",h="15",style="p",arc diameter="20",font color="black",target="_self",name="visual_127")
button(filtertype="global",legend="Count",type="rectangle",url="",translucency="0",datasource="NBN_AGGV",label="untitled",y="326",x="384",w="36",filter="BACKHAUL-6KGS-TO-SYD",bidi="true",font="Dialog",size="11",show shadow="false",flash="true",action="Active Event List (AEL)",h="15",style="p",arc diameter="20",font color="black",target="_self",name="visual_126")
button(filtertype="global",legend="Count",type="rectangle",url="",translucency="0",datasource="NBN_AGGV",label="untitled",y="280",x="446",w="36",filter="BACKHAUL-6GLS-TO-SYD",bidi="true",font="Dialog",size="11",show shadow="false",flash="true",action="Active Event List (AEL)",h="15",style="p",arc diameter="20",font color="black",target="_self",name="visual_125")
button(filtertype="global",legend="Count",type="rectangle",url="",translucency="0",datasource="NBN_AGGV",label="untitled",y="260",x="447",w="30",filter="BACKHAUL-6CVE-TO-SYD",bidi="true",font="Dialog",size="11",show shadow="false",flash="true",action="Active Event List (AEL)",h="15",style="p",arc diameter="20",font color="black",target="_self",name="visual_124")
button(filtertype="global",legend="Count",type="rectangle",url="",translucency="0",datasource="NBN_AGGV",label="6CVE",y="731",x="676",w="36",filter="7GES",bidi="true",font="Dialog",size="11",show shadow="false",flash="true",action="Active Event List (AEL)",h="18",style="p",arc diameter="20",font color="black",target="_self",name="visual_118")
text(filtertype="",url="",translucency="0",datasource="",label="7GES",y="762",x="696",filter="",bidi="true",font="Dialog",size="11",show shadow="false",flash="true",color="black",action="Active Event List (AEL)",rotate="0",style="p",target="_self",name="visual_117",justify="center")
button(filtertype="global",legend="Count",type="rectangle",url="",translucency="0",datasource="NBN_AGGV",label="6CVE",y="612",x="718",w="36",filter="2WLS",bidi="true",font="Dialog",size="11",show shadow="false",flash="true",action="Active Event List (AEL)",h="18",style="p",arc diameter="20",font color="black",target="_self",name="visual_116")
text(filtertype="",url="",translucency="0",datasource="",label="2WLS",y="641",x="735",filter="",bidi="true",font="Dialog",size="11",show shadow="false",flash="true",color="black",action="Active Event List (AEL)",rotate="0",style="p",target="_self",name="visual_115",justify="center")
button(filtertype="global",legend="Count",type="rectangle",url="",translucency="0",datasource="NBN_AGGV",label="6CVE",y="396",x="720",w="36",filter="4RMS",bidi="true",font="Dialog",size="11",show shadow="false",flash="true",action="Active Event List (AEL)",h="18",style="p",arc diameter="20",font color="black",target="_self",name="visual_114")
text(filtertype="",url="",translucency="0",datasource="",label="4RMS",y="426",x="740",filter="",bidi="true",font="Dialog",size="11",show shadow="false",flash="true",color="black",action="Active Event List (AEL)",rotate="0",style="p",target="_self",name="visual_113",justify="center")
button(filtertype="global",legend="Count",type="rectangle",url="$(SERVER)/Map/2BKS",translucency="0",datasource="NBN_AGGV",label="6CVE",y="463",x="651",w="36",filter="2BKS",bidi="true",font="Dialog",size="11",show shadow="false",flash="true",action="Active Event List (AEL)",h="18",style="p",arc diameter="20",font color="black",target="_self",name="visual_112")
text(filtertype="",url="",translucency="0",datasource="",label="2BKS",y="493",x="674",filter="",bidi="true",font="Dialog",size="11",show shadow="false",flash="true",color="black",action="Active Event List (AEL)",rotate="0",style="p",target="_self",name="visual_111",justify="center")
button(filtertype="global",legend="Count",type="rectangle",url="",translucency="0",datasource="NBN_AGGV",label="6CVE",y="504",x="570",w="36",filter="2BHS",bidi="true",font="Dialog",size="11",show shadow="false",flash="true",action="Active Event List (AEL)",h="18",style="p",arc diameter="20",font color="black",target="_self",name="visual_110")
text(filtertype="",url="",translucency="0",datasource="",label="2BHS",y="534",x="588",filter="",bidi="true",font="Dialog",size="11",show shadow="false",flash="true",color="black",action="Active Event List (AEL)",rotate="0",style="p",target="_self",name="visual_109",justify="center")
button(filtertype="global",legend="Count",type="rectangle",url="",translucency="0",datasource="NBN_AGGV",label="6CVE",y="506",x="427",w="36",filter="5CDS",bidi="true",font="Dialog",size="11",show shadow="false",flash="true",action="Active Event List (AEL)",h="18",style="p",arc diameter="20",font color="black",target="_self",name="visual_108")
text(filtertype="",url="",translucency="0",datasource="",label="5CDS",y="538",x="448",filter="",bidi="true",font="Dialog",size="11",show shadow="false",flash="true",color="black",action="Active Event List (AEL)",rotate="0",style="p",target="_self",name="visual_107",justify="center")
button(filtertype="global",legend="Count",type="rectangle",url="",translucency="0",datasource="NBN_AGGV",label="6CVE",y="467",x="219",w="36",filter="6KGS",bidi="true",font="Dialog",size="11",show shadow="false",flash="true",action="Active Event List (AEL)",h="18",style="p",arc diameter="20",font color="black",target="_self",name="visual_106")
text(filtertype="",url="",translucency="0",datasource="",label="6KGS",y="498",x="238",filter="",bidi="true",font="Dialog",size="11",show shadow="false",flash="true",color="black",action="Active Event List (AEL)",rotate="0",style="p",target="_self",name="visual_4",justify="center")
icon(filtertype="",legend="Count",type="rectangle",url="$(SERVER)/Map/6KGS",translucency="0",datasource="",label="",y="428",x="253",w="36",filter="",bidi="true",entity status indicator="Highlight Bar",font="Dialog",size="11",image="RF_GW_small01.png",flash="true",show shadow="false",action="Open URL",h="41",style="p",arc diameter="20",font color="black",target="_self",name="visual_105")
icon(filtertype="",legend="Count",type="rectangle",url="$(SERVER)/Map/6KGS",translucency="0",datasource="",label="",y="427",x="218",w="36",filter="",bidi="true",entity status indicator="Highlight Bar",font="Dialog",size="11",image="RF_GW_small01.png",flash="true",show shadow="false",action="Open URL",h="41",style="p",arc diameter="20",font color="black",target="_self",name="visual_24")
button(filtertype="global",legend="Count",type="rectangle",url="",translucency="0",datasource="NBN_AGGV",label="6CVE",y="533",x="133",w="36",filter="6WRS",bidi="true",font="Dialog",size="11",show shadow="false",flash="true",action="Active Event List (AEL)",h="18",style="p",arc diameter="20",font color="black",target="_self",name="visual_104")
text(filtertype="",url="",translucency="0",datasource="",label="6WRS",y="566",x="152",filter="",bidi="true",font="Dialog",size="11",show shadow="false",flash="true",color="black",action="Active Event List (AEL)",rotate="0",style="p",target="_self",name="visual_103",justify="center")
button(filtertype="global",legend="Count",type="rectangle",url="",translucency="0",datasource="NBN_AGGV",label="6CVE",y="445",x="115",w="36",filter="6GLS",bidi="true",font="Dialog",size="11",show shadow="false",flash="true",action="Active Event List (AEL)",h="18",style="p",arc diameter="20",font color="black",target="_self",name="visual_102")
text(filtertype="",url="",translucency="0",datasource="",label="6GLS",y="475",x="135",filter="",bidi="true",font="Dialog",size="11",show shadow="false",flash="true",color="black",action="Active Event List (AEL)",rotate="0",style="p",target="_self",name="visual_101",justify="center")
text(filtertype="",url="",translucency="0",datasource="",label="6CVE",y="388",x="112",filter="",bidi="true",font="Dialog",size="11",show shadow="false",flash="true",color="black",action="Active Event List (AEL)",rotate="0",style="p",target="_self",name="visual_100",justify="center")
button(filtertype="global",legend="Count",type="rectangle",url="",translucency="0",datasource="NBN_AGGV",label="6CVE",y="356",x="90",w="36",filter="6CVE",bidi="true",font="Dialog",size="11",show shadow="false",flash="true",action="Active Event List (AEL)",h="18",style="p",arc diameter="20",font color="black",target="_self",name="visual_99")
line(datasource="NBN_AGGV",name="visual_91",url="",x2="662",filter="BACKHAUL-MEL-TO-2BKS",action="Open URL",translucency="0",flash="true",show shadow="false",target="_self",filtertype="global",y="567",y2="580",x="541",label="untitled",thickness="2",bidi="true")
line(datasource="NBN_AGGV",name="visual_90",url="",x2="544",filter="BACKHAUL-MEL-TO-2BKS",action="Open URL",translucency="0",flash="true",show shadow="false",target="_self",filtertype="global",y="415",y2="570",x="544",label="untitled",thickness="2",bidi="true")
line(datasource="NBN_AGGV",name="visual_89",url="",x2="545",filter="BACKHAUL-MEL-TO-2BKS",action="Open URL",translucency="0",flash="true",show shadow="false",target="_self",filtertype="global",y="416",y2="416",x="575",label="untitled",thickness="2",bidi="true")
line(datasource="NBN_AGGV",name="visual_88",url="",x2="671",filter="BACKHAUL-MEL-TO-2BHS",action="Open URL",translucency="0",flash="true",show shadow="false",target="_self",filtertype="global",y="545",y2="569",x="660",label="untitled",thickness="2",bidi="true")
line(datasource="NBN_AGGV",name="visual_87",url="",x2="649",filter="BACKHAUL-MEL-TO-4RMS",action="Open URL",translucency="0",flash="true",show shadow="false",target="_self",filtertype="global",y="585",y2="587",x="535",label="untitled",thickness="2",bidi="true")
line(datasource="NBN_AGGV",name="visual_86",url="",x2="535",filter="BACKHAUL-MEL-TO-4RMS",action="Open URL",translucency="0",flash="true",show shadow="false",target="_self",filtertype="global",y="357",y2="589",x="535",label="untitled",thickness="2",bidi="true")
line(datasource="NBN_AGGV",name="visual_85",url="",x2="535",filter="BACKHAUL-MEL-TO-4RMS",action="Open URL",translucency="0",flash="true",show shadow="false",target="_self",filtertype="global",y="359",y2="359",x="566",label="untitled",thickness="2",bidi="true")
line(datasource="NBN_AGGV",name="visual_84",url="",x2="680",filter="BACKHAUL-2BHS-TO-SYD",action="Open URL",translucency="0",flash="true",show shadow="false",target="_self",filtertype="global",y="515",y2="516",x="625",label="untitled",thickness="2",bidi="true")
line(datasource="NBN_AGGV",name="visual_83",url="",x2="778",filter="BACKHAUL-SYD-TO-2BKS",action="Open URL",translucency="0",flash="true",show shadow="false",target="_self",filtertype="global",y="465",y2="491",x="770",label="untitled",thickness="2",bidi="true")
line(datasource="NBN_AGGV",name="visual_82",url="",x2="741",filter="BACKHAUL-2BKS-TO-SYD",action="Open URL",translucency="0",flash="true",show shadow="false",target="_self",filtertype="global",y="465",y2="466",x="705",label="untitled",thickness="2",bidi="true")
line(datasource="NBN_AGGV",name="visual_64",url="",x2="786",filter="BACKHAUL-4RMS-TO-SYD",action="Open URL",translucency="0",flash="true",show shadow="false",target="_self",filtertype="global",y="399",y2="417",x="786",label="untitled",thickness="2",bidi="true")
line(datasource="NBN_AGGV",name="visual_81",url="",x2="800",filter="BACKHAUL-SYD-TO-2WLS",action="Open URL",translucency="0",flash="true",show shadow="false",target="_self",filtertype="global",y="600",y2="626",x="790",label="untitled",thickness="2",bidi="true")
line(datasource="NBN_AGGV",name="visual_79",url="",x2="831",filter="BACKHAUL-7GES-TO-SYD",action="Open URL",translucency="0",flash="true",show shadow="false",target="_self",filtertype="global",y="745",y2="714",x="744",label="untitled",thickness="2",bidi="true")
line(datasource="NBN_AGGV",name="visual_78",url="",x2="812",filter="BACKHAUL-SYD-TO-6KGS",action="Open URL",translucency="0",flash="true",show shadow="false",target="_self",filtertype="global",y="524",y2="524",x="825",label="untitled",thickness="2",bidi="true")
line(datasource="NBN_AGGV",name="visual_77",url="",x2="826",filter="BACKHAUL-SYD-TO-6KGS",action="Open URL",translucency="0",flash="true",show shadow="false",target="_self",filtertype="global",y="327",y2="522",x="826",label="untitled",thickness="2",bidi="true")
line(datasource="NBN_AGGV",name="visual_75",url="",x2="385",filter="BACKHAUL-6KGS-TO-SYD",action="Open URL",translucency="0",flash="true",show shadow="false",target="_self",filtertype="global",y="429",y2="338",x="279",label="untitled",thickness="2",bidi="true")
line(datasource="NBN_AGGV",name="visual_74",url="",x2="812",filter="BACKHAUL-SYD-TO-6GLS",action="Open URL",translucency="0",flash="true",show shadow="false",target="_self",filtertype="global",y="546",y2="546",x="865",label="untitled",thickness="2",bidi="true")
line(datasource="NBN_AGGV",name="visual_73",url="",x2="865",filter="BACKHAUL-SYD-TO-6GLS",action="Open URL",translucency="0",flash="true",show shadow="false",target="_self",filtertype="global",y="286",y2="544",x="865",label="untitled",thickness="2",bidi="true")
line(datasource="NBN_AGGV",name="visual_72",url="",x2="449",filter="BACKHAUL-6GLS-TO-SYD",action="Open URL",translucency="0",flash="true",show shadow="false",target="_self",filtertype="global",y="305",y2="288",x="215",label="untitled",thickness="2",bidi="true")
line(datasource="NBN_AGGV",name="visual_71",url="",x2="216",filter="BACKHAUL-6GLS-TO-SYD",action="Open URL",translucency="0",flash="true",show shadow="false",target="_self",filtertype="global",y="405",y2="308",x="180",label="untitled",thickness="2",bidi="true")
line(datasource="",name="visual_70",url="",x2="862",filter="",action="Open URL",translucency="0",flash="true",show shadow="false",target="_self",filtertype="",y="498",y2="498",x="862",label="untitled",thickness="1",bidi="true")
line(datasource="NBN_AGGV",name="visual_69",url="",x2="812",filter="BACKHAUL-SYD-TO-6CVE",action="Open URL",translucency="0",flash="true",show shadow="false",target="_self",filtertype="global",y="556",y2="556",x="883",label="untitled",thickness="2",bidi="true")
line(datasource="NBN_AGGV",name="visual_68",url="",x2="884",filter="BACKHAUL-SYD-TO-6CVE",action="Open URL",translucency="0",flash="true",show shadow="false",target="_self",filtertype="global",y="268",y2="556",x="884",label="untitled",thickness="2",bidi="true")
line(datasource="NBN_AGGV",name="visual_67",url="",x2="448",filter="BACKHAUL-6CVE-TO-SYD",action="Open URL",translucency="0",flash="true",show shadow="false",target="_self",filtertype="global",y="295",y2="266",x="125",label="untitled",thickness="2",bidi="true")
line(datasource="NBN_AGGV",name="visual_65",url="",x2="669",filter="BACKHAUL-MEL-TO-7GES",action="Open URL",translucency="0",flash="true",show shadow="false",target="_self",filtertype="global",y="645",y2="629",x="685",label="untitled",thickness="2",bidi="true")
line(datasource="NBN_AGGV",name="visual_63",url="",x2="690",filter="BACKHAUL-MEL-TO-2WLS",action="Open URL",translucency="0",flash="true",show shadow="false",target="_self",filtertype="global",y="620",y2="633",x="680",label="untitled",thickness="2",bidi="true")
line(datasource="NBN_AGGV",name="visual_60",url="",x2="649",filter="BACKHAUL-MEL-TO-5CDS",action="Open URL",translucency="0",flash="true",show shadow="false",target="_self",filtertype="global",y="594",y2="594",x="457",label="untitled",thickness="2",bidi="true")
line(datasource="NBN_AGGV",name="visual_57",url="",x2="316",filter="BACKHAUL-6KGS-TO-MEL",action="Open URL",translucency="0",flash="true",show shadow="false",target="_self",filtertype="global",y="516",y2="604",x="247",label="untitled",thickness="2",bidi="true")
line(datasource="NBN_AGGV",name="visual_55",url="",x2="106",filter="BACKHAUL-6WRS-TO-MEL",action="Open URL",translucency="0",flash="true",show shadow="false",target="_self",filtertype="global",y="535",y2="618",x="125",label="untitled",thickness="2",bidi="true")
line(datasource="NBN_AGGV",name="visual_52",url="",x2="77",filter="BACKHAUL-6GLS-TO-MEL",action="Open URL",translucency="0",flash="true",show shadow="false",target="_self",filtertype="global",y="445",y2="639",x="95",label="untitled",thickness="2",bidi="true")
line(datasource="",name="visual_50",url="",x2="181",filter="",action="Open URL",translucency="0",flash="true",show shadow="false",target="_self",filtertype="",y="702",y2="702",x="181",label="untitled",thickness="1",bidi="true")
line(datasource="",name="visual_49",url="",x2="371",filter="",action="Open URL",translucency="0",flash="true",show shadow="false",target="_self",filtertype="",y="670",y2="671",x="367",label="untitled",thickness="1",bidi="true")
line(datasource="",name="visual_48",url="",x2="570",filter="",action="Open URL",translucency="0",flash="true",show shadow="false",target="_self",filtertype="",y="642",y2="643",x="570",label="untitled",thickness="1",bidi="true")
line(datasource="NBN_AGGV",name="visual_46",url="",x2="56",filter="BACKHAUL-6CVE-TO-MEL",action="Open URL",translucency="0",flash="true",show shadow="false",target="_self",filtertype="global",y="350",y2="663",x="75",label="untitled",thickness="2",bidi="true")
button(filtertype="global",legend="None",type="ellipse",url="",translucency="0",datasource="NBN_AGGV",label="untitled",y="409",x="662",w="13",filter="op-2bks_ant1a",bidi="true",font="Dialog",size="11",show shadow="false",flash="true",action="Open URL",h="13",style="p",arc diameter="20",font color="black",target="_self",name="visual_43")
icon(filtertype="",legend="Count",type="rectangle",url="$(SERVER)/Map/2BKS",translucency="0",datasource="",label="",y="422",x="685",w="36",filter="",bidi="true",entity status indicator="Highlight Bar",font="Dialog",size="11",image="RF_GW_small01.png",flash="true",show shadow="false",action="Open URL",h="41",style="p",arc diameter="20",font color="black",target="_self",name="visual_42")
button(filtertype="global",legend="None",type="ellipse",url="",translucency="0",datasource="NBN_AGGV",label="untitled",y="341",x="731",w="13",filter="op-4rms_ant1a",bidi="true",font="Dialog",size="11",show shadow="false",flash="true",action="Open URL",h="13",style="p",arc diameter="20",font color="black",target="_self",name="visual_41")
icon(filtertype="",legend="Count",type="rectangle",url="$(SERVER)/Map/4RMS",translucency="0",datasource="",label="",y="355",x="722",w="36",filter="",bidi="true",entity status indicator="Highlight Bar",font="Dialog",size="11",image="RF_GW_small01.png",flash="true",show shadow="false",action="Open URL",h="41",style="p",arc diameter="20",font color="black",target="_self",name="visual_39")
button(filtertype="global",legend="None",type="ellipse",url="",translucency="0",datasource="NBN_AGGV",label="untitled",y="556",x="724",w="13",filter="op-2wls_ant1a",bidi="true",font="Dialog",size="11",show shadow="false",flash="true",action="Open URL",h="13",style="p",arc diameter="20",font color="black",target="_self",name="visual_38")
button(filtertype="global",legend="None",type="ellipse",url="",translucency="0",datasource="NBN_AGGV",label="untitled",y="556",x="752",w="13",filter="op-2wls_ant1b",bidi="true",font="Dialog",size="11",show shadow="false",flash="true",action="Open URL",h="13",style="p",arc diameter="20",font color="black",target="_self",name="visual_37")
icon(filtertype="",legend="Count",type="rectangle",url="$(SERVER)/Map/2WLS",translucency="0",datasource="",label="",y="570",x="715",w="36",filter="",bidi="true",entity status indicator="Highlight Bar",font="Dialog",size="11",image="RF_GW_small01.png",flash="true",show shadow="false",action="Open URL",h="41",style="p",arc diameter="20",font color="black",target="_self",name="visual_36")
button(filtertype="global",legend="None",type="ellipse",url="",translucency="0",datasource="NBN_AGGV",label="untitled",y="677",x="679",w="13",filter="op-7ges_ant1a",bidi="true",font="Dialog",size="11",show shadow="false",flash="true",action="Open URL",h="13",style="p",arc diameter="20",font color="black",target="_self",name="visual_35")
icon(filtertype="",legend="Count",type="rectangle",url="$(SERVER)/Map/7GES",translucency="0",datasource="",label="",y="690",x="709",w="36",filter="",bidi="true",entity status indicator="Highlight Bar",font="Dialog",size="11",image="RF_GW_small01.png",flash="true",show shadow="false",action="Open URL",h="41",style="p",arc diameter="20",font color="black",target="_self",name="visual_33")
button(filtertype="global",legend="None",type="ellipse",url="",translucency="0",datasource="NBN_AGGV",label="untitled",y="455",x="577",w="13",filter="op-2bhs_ant1a",bidi="true",font="Dialog",size="11",show shadow="false",flash="true",action="Open URL",h="13",style="p",arc diameter="20",font color="black",target="_self",name="visual_31")
icon(filtertype="",legend="Count",type="rectangle",url="$(SERVER)/Map/2BHS",translucency="0",datasource="",label="",y="464",x="601",w="36",filter="",bidi="true",entity status indicator="Highlight Bar",font="Dialog",size="11",image="RF_GW_small01.png",flash="true",show shadow="false",action="Open URL",h="41",style="p",arc diameter="20",font color="black",target="_self",name="visual_30")
button(filtertype="global",legend="None",type="ellipse",url="",translucency="0",datasource="NBN_AGGV",label="untitled",y="450",x="470",w="13",filter="5cds_ant1b",bidi="true",font="Dialog",size="11",show shadow="false",flash="true",action="Open URL",h="13",style="p",arc diameter="20",font color="black",target="_blank",name="visual_28")
icon(filtertype="",legend="Count",type="rectangle",url="$(SERVER)/Map/5CDS",translucency="0",datasource="",label="",y="465",x="461",w="36",filter="",bidi="true",entity status indicator="Highlight Bar",font="Dialog",size="11",image="RF_GW_small01.png",flash="true",show shadow="false",action="Open URL",h="41",style="p",arc diameter="20",font color="black",target="_self",name="visual_27")
button(filtertype="global",legend="None",type="ellipse",url="",translucency="0",datasource="NBN_AGGV",label="untitled",y="416",x="262",w="13",filter="op-6kgs_ant1b",bidi="true",font="Dialog",size="11",show shadow="false",flash="true",action="Open URL",h="13",style="p",arc diameter="20",font color="black",target="_self",name="visual_25")
button(filtertype="global",legend="None",type="ellipse",url="",translucency="0",datasource="NBN_AGGV",label="untitled",y="485",x="143",w="13",filter="6wrs_ant1a",bidi="true",font="Dialog",size="11",show shadow="false",flash="true",action="Open URL",h="13",style="p",arc diameter="20",font color="black",target="_self",name="visual_23")
icon(filtertype="",legend="Count",type="rectangle",url="$(SERVER)/Map/6WRS",translucency="0",datasource="",label="",y="494",x="165",w="36",filter="",bidi="true",entity status indicator="Highlight Bar",font="Dialog",size="11",image="RF_GW_small01.png",flash="true",show shadow="false",action="Open URL",h="41",style="p",arc diameter="20",font color="black",target="_self",name="visual_21")
button(filtertype="global",legend="None",type="ellipse",url="",translucency="0",datasource="NBN_AGGV",label="untitled",y="394",x="159",w="13",filter="op-6gls_ant1b",bidi="true",font="Dialog",size="11",show shadow="false",flash="true",action="Open URL",h="13",style="p",arc diameter="20",font color="black",target="_self",name="visual_19")
icon(filtertype="",legend="Count",type="rectangle",url="$(SERVER)/Map/6GLS",translucency="0",datasource="",label="",y="405",x="146",w="36",filter="",bidi="true",entity status indicator="Highlight Bar",font="Dialog",size="11",image="RF_GW_small01.png",flash="true",show shadow="false",action="Open URL",h="41",style="p",arc diameter="20",font color="black",target="_self",name="visual_18")
button(filtertype="global",legend="None",type="ellipse",url="",translucency="0",datasource="NBN_AGGV",label="untitled",y="302",x="135",w="13",filter="op-6cve_ant1b",bidi="true",font="Dialog",size="11",show shadow="false",flash="true",action="Open URL",h="13",style="p",arc diameter="20",font color="black",target="_self",name="visual_16")
icon(filtertype="",legend="Count",type="rectangle",url="$(SERVER)/Map/6CVE",translucency="0",datasource="",label="",y="314",x="123",w="36",filter="",bidi="true",entity status indicator="Highlight Bar",font="Dialog",size="11",image="RF_GW_small01.png",flash="true",show shadow="false",action="Open URL",h="41",style="p",arc diameter="20",font color="black",target="_self",name="visual_15")
icon(filtertype="global",legend="Count",type="rectangle",url="$(SERVER)/Map/NBNco_DPCMEL",translucency="0",datasource="NBN_AGGV",label="MEL",y="586",x="630",w="50",filter="Mel",bidi="true",entity status indicator="Highlight Bar",font="Dialog",size="11",image="DPCs.gif",flash="true",show shadow="false",action="Open URL",h="95",style="p",arc diameter="20",font color="black",target="_self",name="visual_12")
icon(filtertype="global",legend="Count",type="rectangle",url="$(SERVER)/Map/NBNco_DPCSYN",translucency="0",datasource="NBN_AGGV",label="SYN",y="487",x="761",w="50",filter="SYD",bidi="true",entity status indicator="Highlight Bar",font="Dialog",size="11",image="DPCs.gif",flash="true",show shadow="false",action="Open URL",h="95",style="p",arc diameter="20",font color="black",target="_self",name="visual_11")
icon(filtertype="",legend="Count",type="rectangle",url="$(SERVER)/Map/7GES",translucency="0",datasource="",label="",y="690",x="669",w="36",filter="",bidi="true",entity status indicator="Highlight Bar",font="Dialog",size="11",image="RF_GW_small01.png",flash="true",show shadow="false",action="Open URL",h="41",style="p",arc diameter="20",font color="black",target="_self",name="visual_10")
icon(filtertype="",legend="Count",type="rectangle",url="$(SERVER)/Map/2WLS",translucency="0",datasource="",label="",y="570",x="741",w="36",filter="",bidi="true",entity status indicator="Highlight Bar",font="Dialog",size="11",image="RF_GW_small01.png",flash="true",show shadow="false",action="Open URL",h="41",style="p",arc diameter="20",font color="black",target="_self",name="visual_9")
icon(filtertype="",legend="Count",type="rectangle",url="$(SERVER)/Map/4RMS",translucency="0",datasource="",label="",y="355",x="754",w="36",filter="",bidi="true",entity status indicator="Highlight Bar",font="Dialog",size="11",image="RF_GW_small01.png",flash="true",show shadow="false",action="Open URL",h="41",style="p",arc diameter="20",font color="black",target="_self",name="visual_8")
icon(filtertype="",legend="Count",type="rectangle",url="$(SERVER)/Map/2BKS",translucency="0",datasource="",label="",y="422",x="653",w="36",filter="",bidi="true",entity status indicator="Highlight Bar",font="Dialog",size="11",image="RF_GW_small01.png",flash="true",show shadow="false",action="Open URL",h="41",style="p",arc diameter="20",font color="black",target="_self",name="visual_7")
icon(filtertype="",legend="Count",type="rectangle",url="$(SERVER)/Map/2BHS",translucency="0",datasource="",label="",y="464",x="568",w="36",filter="",bidi="true",entity status indicator="Highlight Bar",font="Dialog",size="11",image="RF_GW_small01.png",flash="true",show shadow="false",action="Open URL",h="41",style="p",arc diameter="20",font color="black",target="_self",name="visual_6")
icon(filtertype="",legend="Count",type="rectangle",url="$(SERVER)/Map/5CDS",translucency="0",datasource="",label="",y="465",x="428",w="36",filter="",bidi="true",entity status indicator="Highlight Bar",font="Dialog",size="11",image="RF_GW_small01.png",flash="true",show shadow="false",action="Open URL",h="41",style="p",arc diameter="20",font color="black",target="_self",name="visual_5")
icon(filtertype="",legend="Count",type="rectangle",url="$(SERVER)/Map/6WRS",translucency="0",datasource="",label="",y="494",x="132",w="36",filter="",bidi="true",entity status indicator="Highlight Bar",font="Dialog",size="11",image="RF_GW_small01.png",flash="true",show shadow="false",action="Open URL",h="41",style="p",arc diameter="20",font color="black",target="_self",name="visual_3")
icon(filtertype="",legend="Count",type="rectangle",url="$(SERVER)/Map/6GLS",translucency="0",datasource="",label="",y="405",x="115",w="36",filter="",bidi="true",entity status indicator="Highlight Bar",font="Dialog",size="11",image="RF_GW_small01.png",flash="true",show shadow="false",action="Open URL",h="41",style="p",arc diameter="20",font color="black",target="_self",name="visual_2")
icon(filtertype="",legend="Count",type="rectangle",url="$(SERVER)/Map/6CVE",translucency="0",datasource="",label="",y="314",x="93",w="36",filter="",bidi="true",entity status indicator="Highlight Bar",font="Dialog",size="11",image="RF_GW_small01.png",flash="true",show shadow="false",action="Open URL",h="41",style="p",arc diameter="20",font color="black",target="_self",name="visual_1")
line(datasource="NBN_AGGV",name="visual_172",url="",x2="782",filter="BACKHAUL-2WLS-TO-SYD",action="Open URL",translucency="0",flash="true",show shadow="false",target="_self",filtertype="global",y="643",y2="650",x="754",label="untitled",thickness="2",bidi="true")
line(datasource="NBN_AGGV",name="visual_123",url="",x2="824",filter="BACKHAUL-SYD-TO-6KGS",action="Open URL",translucency="0",flash="true",show shadow="false",target="_self",filtertype="global",y="330",y2="327",x="455",label="untitled",thickness="2",bidi="true")
line(datasource="NBN_AGGV",name="visual_140",url="",x2="840",filter="BACKHAUL-SYD-TO-6WRS",action="Open URL",translucency="0",flash="true",show shadow="false",target="_self",filtertype="global",y="312",y2="312",x="510",label="untitled",thickness="2",bidi="true")
line(datasource="NBN_AGGV",name="visual_122",url="",x2="863",filter="BACKHAUL-SYD-TO-6GLS",action="Open URL",translucency="0",flash="true",show shadow="false",target="_self",filtertype="global",y="284",y2="286",x="515",label="untitled",thickness="2",bidi="true")
line(datasource="NBN_AGGV",name="visual_121",url="",x2="882",filter="BACKHAUL-SYD-TO-6CVE",action="Open URL",translucency="0",flash="true",show shadow="false",target="_self",filtertype="global",y="267",y2="269",x="510",label="untitled",thickness="2",bidi="true")
line(datasource="NBN_AGGV",name="visual_131",url="",x2="633",filter="BACKHAUL-MEL-TO-6WRS",action="Open URL",translucency="0",flash="true",show shadow="false",target="_self",filtertype="global",y="619",y2="618",x="165",label="untitled",thickness="2",bidi="true")
line(datasource="NBN_AGGV",name="visual_148",url="",x2="457",filter="BACKHAUL-5CDS-TO-MEL",action="Open URL",translucency="0",flash="true",show shadow="false",target="_self",filtertype="global",y="580",y2="540",x="457",label="untitled",thickness="2",bidi="true")
icon(filtertype="",legend="None",type="rectangle",url="",translucency="0",datasource="",label="",y="0",x="53",w="850",filter="",bidi="true",entity status indicator="Glow Background",font="Dialog",size="11",image="localRadarImage.png",flash="true",show shadow="false",action="Open URL",h="750",style="p",arc diameter="20",font color="black",target="_self",name="visual_92")