map(name="Gateway_SatMap",bgImage="NBNCo_Main.png",bgColor="white",w=1356,h=835,numCols=0,acl="*")
button(name="visual_212",label="untitled",x=465,y=506,translucency=0,show shadow=false,action="Active Event List (AEL)",url="",bidi="true",target="_self",filter="5CDS_LocAndNMSAlarmId",filtertype="global",datasource="NBN_AGGV",flash="true",w=16,h=16,type="ellipse",arc diameter=20,legend=None,font="Dialog",size=11,font color="black",style="p")
button(name="visual_211",label="untitled",x=757,y=396,translucency=0,show shadow=false,action="Active Event List (AEL)",url="",bidi="true",target="_self",filter="4RMS_LocAndNMSAlarmId",filtertype="global",datasource="NBN_AGGV",flash="true",w=16,h=16,type="ellipse",arc diameter=20,legend=None,font="Dialog",size=11,font color="black",style="p")
button(name="visual_210",label="untitled",x=689,y=463,translucency=0,show shadow=false,action="Active Event List (AEL)",url="",bidi="true",target="_self",filter="2BKS_LocAndNMSAlarmId",filtertype="global",datasource="NBN_AGGV",flash="true",w=16,h=16,type="ellipse",arc diameter=20,legend=None,font="Dialog",size=11,font color="black",style="p")
button(name="visual_209",label="untitled",x=607,y=505,translucency=0,show shadow=false,action="Active Event List (AEL)",url="",bidi="true",target="_self",filter="2BHS_LocAndNMSAlarmId",filtertype="global",datasource="NBN_AGGV",flash="true",w=16,h=16,type="ellipse",arc diameter=20,legend=None,font="Dialog",size=11,font color="black",style="p")
button(name="visual_208",label="untitled",x=750,y=612,translucency=0,show shadow=false,action="Active Event List (AEL)",url="",bidi="true",target="_self",filter="2WLS_LocAndNMSAlarmId",filtertype="global",datasource="NBN_AGGV",flash="true",w=16,h=16,type="ellipse",arc diameter=20,legend=None,font="Dialog",size=11,font color="black",style="p")
button(name="visual_207",label="untitled",x=714,y=732,translucency=0,show shadow=false,action="Active Event List (AEL)",url="",bidi="true",target="_self",filter="7GES_LocAndNMSAlarmId",filtertype="global",datasource="NBN_AGGV",flash="true",w=16,h=16,type="ellipse",arc diameter=20,legend=None,font="Dialog",size=11,font color="black",style="p")
button(name="visual_206",label="untitled",x=127,y=357,translucency=0,show shadow=false,action="Active Event List (AEL)",url="",bidi="true",target="_self",filter="6CVE_LocAndNMSAlarmId",filtertype="global",datasource="NBN_AGGV",flash="true",w=16,h=16,type="ellipse",arc diameter=20,legend=None,font="Dialog",size=11,font color="black",style="p")
button(name="visual_205",label="untitled",x=153,y=445,translucency=0,show shadow=false,action="Active Event List (AEL)",url="",bidi="true",target="_self",filter="6GLS_LocAndNMSAlarmId",filtertype="global",datasource="NBN_AGGV",flash="true",w=16,h=16,type="ellipse",arc diameter=20,legend=None,font="Dialog",size=11,font color="black",style="p")
button(name="visual_204",label="untitled",x=170,y=536,translucency=0,show shadow=false,action="Active Event List (AEL)",url="",bidi="true",target="_self",filter="6WRS_LocAndNMSAlarmId",filtertype="global",datasource="NBN_AGGV",flash="true",w=16,h=16,type="ellipse",arc diameter=20,legend=None,font="Dialog",size=11,font color="black",style="p")
button(name="visual_203",label="untitled",x=256,y=469,translucency=0,show shadow=false,action="Active Event List (AEL)",url="",bidi="true",target="_self",filter="6KGS_LocAndNMSAlarmId",filtertype="global",datasource="NBN_AGGV",flash="true",w=16,h=16,type="ellipse",arc diameter=20,legend=None,font="Dialog",size=11,font color="black",style="p")
button(name="visual_120",label="untitled",x=718,y=678,translucency=0,show shadow=false,action="Active Event List (AEL)",url="",bidi="true",target="_self",filter="7ges_ant1b",filtertype="global",datasource="NBN_AGGV",flash="true",w=13,h=13,type="ellipse",arc diameter=20,legend=None,font="Dialog",size=11,font color="black",style="p")
button(name="visual_40",label="untitled",x=764,y=342,translucency=0,show shadow=false,action="Active Event List (AEL)",url="",bidi="true",target="_self",filter="4rms_ant1b",filtertype="global",datasource="NBN_AGGV",flash="true",w=13,h=13,type="ellipse",arc diameter=20,legend=None,font="Dialog",size=11,font color="black",style="p")
button(name="visual_34",label="untitled",x=694,y=408,translucency=0,show shadow=false,action="Active Event List (AEL)",url="",bidi="true",target="_self",filter="2bks_ant1b",filtertype="global",datasource="NBN_AGGV",flash="true",w=13,h=13,type="ellipse",arc diameter=20,legend=None,font="Dialog",size=11,font color="black",style="p")
button(name="visual_32",label="untitled",x=613,y=455,translucency=0,show shadow=false,action="Active Event List (AEL)",url="",bidi="true",target="_self",filter="2bhs_ant1b",filtertype="global",datasource="NBN_AGGV",flash="true",w=13,h=13,type="ellipse",arc diameter=20,legend=None,font="Dialog",size=11,font color="black",style="p")
button(name="visual_29",label="untitled",x=438,y=451,translucency=0,show shadow=false,action="Active Event List (AEL)",url="",bidi="true",target="_self",filter="5cds_ant1a",filtertype="global",datasource="NBN_AGGV",flash="true",w=13,h=13,type="ellipse",arc diameter=20,legend=None,font="Dialog",size=11,font color="black",style="p")
button(name="visual_26",label="untitled",x=229,y=417,translucency=0,show shadow=false,action="Active Event List (AEL)",url="",bidi="true",target="_self",filter="6kgs_ant1a",filtertype="global",datasource="NBN_AGGV",flash="true",w=13,h=13,type="ellipse",arc diameter=20,legend=None,font="Dialog",size=11,font color="black",style="p")
button(name="visual_22",label="untitled",x=177,y=485,translucency=0,show shadow=false,action="Active Event List (AEL)",url="",bidi="true",target="_self",filter="6wrs_ant1b",filtertype="global",datasource="NBN_AGGV",flash="true",w=13,h=13,type="ellipse",arc diameter=20,legend=None,font="Dialog",size=11,font color="black",style="p")
button(name="visual_20",label="untitled",x=127,y=394,translucency=0,show shadow=false,action="Active Event List (AEL)",url="",bidi="true",target="_self",filter="6gls_ant1a",filtertype="global",datasource="NBN_AGGV",flash="true",w=13,h=13,type="ellipse",arc diameter=20,legend=None,font="Dialog",size=11,font color="black",style="p")
button(name="visual_17",label="untitled",x=103,y=303,translucency=0,show shadow=false,action="Active Event List (AEL)",url="",bidi="true",target="_self",filter="6cve_ant1a",filtertype="global",datasource="NBN_AGGV",flash="true",w=13,h=13,type="ellipse",arc diameter=20,legend=None,font="Dialog",size=11,font color="black",style="p")
button(name="visual_199",label="untitled",x=741,y=702,translucency=0,show shadow=false,action="Active Event List (AEL)",url="",bidi="true",target="_self",filter="_Clear",filtertype="global",datasource="NBN_AGGV",flash="true",w=32,h=17,type="rectangle",arc diameter=20,legend=Count,font="Dialog",size=11,font color="black",style="p")
button(name="visual_198",label="untitled",x=645,y=700,translucency=0,show shadow=false,action="Active Event List (AEL)",url="",bidi="true",target="_self",filter="_Clear",filtertype="global",datasource="NBN_AGGV",flash="true",w=28,h=17,type="rectangle",arc diameter=20,legend=Count,font="Dialog",size=11,font color="black",style="p")
button(name="visual_197",label="untitled",x=771,y=580,translucency=0,show shadow=false,action="Active Event List (AEL)",url="",bidi="true",target="_self",filter="_Clear",filtertype="global",datasource="NBN_AGGV",flash="true",w=29,h=17,type="rectangle",arc diameter=20,legend=Count,font="Dialog",size=11,font color="black",style="p")
button(name="visual_196",label="untitled",x=695,y=575,translucency=0,show shadow=false,action="Active Event List (AEL)",url="",bidi="true",target="_self",filter="_Clear",filtertype="global",datasource="NBN_AGGV",flash="true",w=28,h=17,type="rectangle",arc diameter=20,legend=Count,font="Dialog",size=11,font color="black",style="p")
button(name="visual_195",label="untitled",x=785,y=366,translucency=0,show shadow=false,action="Active Event List (AEL)",url="",bidi="true",target="_self",filter="_Clear",filtertype="global",datasource="NBN_AGGV",flash="true",w=32,h=17,type="rectangle",arc diameter=20,legend=Count,font="Dialog",size=11,font color="black",style="p")
button(name="visual_194",label="untitled",x=695,y=360,translucency=0,show shadow=false,action="Active Event List (AEL)",url="",bidi="true",target="_self",filter="_Clear",filtertype="global",datasource="NBN_AGGV",flash="true",w=29,h=17,type="rectangle",arc diameter=20,legend=Count,font="Dialog",size=11,font color="black",style="p")
button(name="visual_193",label="untitled",x=716,y=430,translucency=0,show shadow=false,action="Active Event List (AEL)",url="",bidi="true",target="_self",filter="_Clear",filtertype="global",datasource="NBN_AGGV",flash="true",w=31,h=17,type="rectangle",arc diameter=20,legend=Count,font="Dialog",size=11,font color="black",style="p")
button(name="visual_192",label="untitled",x=620,y=430,translucency=0,show shadow=false,action="Active Event List (AEL)",url="",bidi="true",target="_self",filter="_Clear",filtertype="global",datasource="NBN_AGGV",flash="true",w=40,h=17,type="rectangle",arc diameter=20,legend=Count,font="Dialog",size=11,font color="black",style="p")
button(name="visual_191",label="untitled",x=630,y=480,translucency=0,show shadow=false,action="Active Event List (AEL)",url="",bidi="true",target="_self",filter="_Clear",filtertype="global",datasource="NBN_AGGV",flash="true",w=30,h=17,type="rectangle",arc diameter=20,legend=Count,font="Dialog",size=11,font color="black",style="p")
button(name="visual_190",label="untitled",x=540,y=470,translucency=0,show shadow=false,action="Active Event List (AEL)",url="",bidi="true",target="_self",filter="_Clear",filtertype="global",datasource="NBN_AGGV",flash="true",w=34,h=17,type="rectangle",arc diameter=20,legend=Count,font="Dialog",size=11,font color="black",style="p")
button(name="visual_189",label="untitled",x=491,y=472,translucency=0,show shadow=false,action="Active Event List (AEL)",url="",bidi="true",target="_self",filter="_Clear",filtertype="global",datasource="NBN_AGGV",flash="true",w=27,h=17,type="rectangle",arc diameter=20,legend=Count,font="Dialog",size=11,font color="black",style="p")
button(name="visual_188",label="untitled",x=400,y=465,translucency=0,show shadow=false,action="Active Event List (AEL)",url="",bidi="true",target="_self",filter="_Clear",filtertype="global",datasource="NBN_AGGV",flash="true",w=30,h=17,type="rectangle",arc diameter=20,legend=Count,font="Dialog",size=11,font color="black",style="p")
button(name="visual_187",label="untitled",x=286,y=440,translucency=0,show shadow=false,action="Active Event List (AEL)",url="",bidi="true",target="_self",filter="_Clear",filtertype="global",datasource="NBN_AGGV",flash="true",w=30,h=17,type="rectangle",arc diameter=20,legend=Count,font="Dialog",size=11,font color="black",style="p")
button(name="visual_186",label="untitled",x=195,y=440,translucency=0,show shadow=false,action="Active Event List (AEL)",url="",bidi="true",target="_self",filter="_Clear",filtertype="global",datasource="NBN_AGGV",flash="true",w=28,h=17,type="rectangle",arc diameter=20,legend=Count,font="Dialog",size=11,font color="black",style="p")
button(name="visual_185",label="untitled",x=196,y=506,translucency=0,show shadow=false,action="Active Event List (AEL)",url="",bidi="true",target="_self",filter="_Clear",filtertype="global",datasource="NBN_AGGV",flash="true",w=31,h=17,type="rectangle",arc diameter=20,legend=Count,font="Dialog",size=11,font color="black",style="p")
button(name="visual_184",label="untitled",x=100,y=500,translucency=0,show shadow=false,action="Active Event List (AEL)",url="",bidi="true",target="_self",filter="_Clear",filtertype="global",datasource="NBN_AGGV",flash="true",w=35,h=17,type="rectangle",arc diameter=20,legend=Count,font="Dialog",size=11,font color="black",style="p")
button(name="visual_183",label="untitled",x=176,y=416,translucency=0,show shadow=false,action="Active Event List (AEL)",url="",bidi="true",target="_self",filter="_Clear",filtertype="global",datasource="NBN_AGGV",flash="true",w=29,h=17,type="rectangle",arc diameter=20,legend=Count,font="Dialog",size=11,font color="black",style="p")
button(name="visual_182",label="untitled",x=85,y=410,translucency=0,show shadow=false,action="Active Event List (AEL)",url="",bidi="true",target="_self",filter="_Clear",filtertype="global",datasource="NBN_AGGV",flash="true",w=33,h=17,type="rectangle",arc diameter=20,legend=Count,font="Dialog",size=11,font color="black",style="p")
button(name="visual_162",label="untitled",x=155,y=319,translucency=0,show shadow=false,action="Active Event List (AEL)",url="",bidi="true",target="_self",filter="_Clear",filtertype="global",datasource="NBN_AGGV",flash="true",w=30,h=17,type="rectangle",arc diameter=20,legend=Count,font="Dialog",size=11,font color="black",style="p")
text(name="visual_181",label="B",x=747,y=732,translucency=0,show shadow=false,action="Open URL",url="",bidi="true",target="_self",filter="",filtertype="",datasource="",flash="true",font="Dialog",size=11,justify="center",style="p",rotate="0",color="black")
text(name="visual_180",label="B",x=775,y=610,translucency=0,show shadow=false,action="Open URL",url="",bidi="true",target="_self",filter="",filtertype="",datasource="",flash="true",font="Dialog",size=11,justify="center",style="p",rotate="0",color="black")
text(name="visual_179",label="B",x=791,y=397,translucency=0,show shadow=false,action="Open URL",url="",bidi="true",target="_self",filter="",filtertype="",datasource="",flash="true",font="Dialog",size=11,justify="center",style="p",rotate="0",color="black")
text(name="visual_178",label="B",x=721,y=460,translucency=0,show shadow=false,action="Open URL",url="",bidi="true",target="_self",filter="",filtertype="",datasource="",flash="true",font="Dialog",size=11,justify="center",style="p",rotate="0",color="black")
text(name="visual_177",label="B",x=636,y=506,translucency=0,show shadow=false,action="Open URL",url="",bidi="true",target="_self",filter="",filtertype="",datasource="",flash="true",font="Dialog",size=11,justify="center",style="p",rotate="0",color="black")
text(name="visual_176",label="B",x=494,y=503,translucency=0,show shadow=false,action="Open URL",url="",bidi="true",target="_self",filter="",filtertype="",datasource="",flash="true",font="Dialog",size=11,justify="center",style="p",rotate="0",color="black")
text(name="visual_175",label="B",x=292,y=470,translucency=0,show shadow=false,action="Open URL",url="",bidi="true",target="_self",filter="",filtertype="",datasource="",flash="true",font="Dialog",size=11,justify="center",style="p",rotate="0",color="black")
text(name="visual_174",label="B",x=199,y=534,translucency=0,show shadow=false,action="Open URL",url="",bidi="true",target="_self",filter="",filtertype="",datasource="",flash="true",font="Dialog",size=11,justify="center",style="p",rotate="0",color="black")
text(name="visual_173",label="B",x=178,y=447,translucency=0,show shadow=false,action="Open URL",url="",bidi="true",target="_self",filter="",filtertype="",datasource="",flash="true",font="Dialog",size=11,justify="center",style="p",rotate="0",color="black")
text(name="visual_171",label="A",x=714,y=608,translucency=0,show shadow=false,action="Open URL",url="",bidi="true",target="_self",filter="",filtertype="",datasource="",flash="true",font="Dialog",size=11,justify="center",style="p",rotate="0",color="black")
text(name="visual_170",label="A",x=716,y=396,translucency=0,show shadow=false,action="Open URL",url="",bidi="true",target="_self",filter="",filtertype="",datasource="",flash="true",font="Dialog",size=11,justify="center",style="p",rotate="0",color="black")
text(name="visual_169",label="A",x=650,y=462,translucency=0,show shadow=false,action="Open URL",url="",bidi="true",target="_self",filter="",filtertype="",datasource="",flash="true",font="Dialog",size=11,justify="center",style="p",rotate="0",color="black")
text(name="visual_168",label="A",x=664,y=734,translucency=0,show shadow=false,action="Open URL",url="",bidi="true",target="_self",filter="",filtertype="",datasource="",flash="true",font="Dialog",size=11,justify="center",style="p",rotate="0",color="black")
text(name="visual_167",label="A",x=565,y=504,translucency=0,show shadow=false,action="Open URL",url="",bidi="true",target="_self",filter="",filtertype="",datasource="",flash="true",font="Dialog",size=11,justify="center",style="p",rotate="0",color="black")
text(name="visual_166",label="A",x=424,y=499,translucency=0,show shadow=false,action="Open URL",url="",bidi="true",target="_self",filter="",filtertype="",datasource="",flash="true",font="Dialog",size=11,justify="center",style="p",rotate="0",color="black")
text(name="visual_165",label="A",x=213,y=474,translucency=0,show shadow=false,action="Open URL",url="",bidi="true",target="_self",filter="",filtertype="",datasource="",flash="true",font="Dialog",size=11,justify="center",style="p",rotate="0",color="black")
text(name="visual_164",label="A",x=128,y=532,translucency=0,show shadow=false,action="Open URL",url="",bidi="true",target="_self",filter="",filtertype="",datasource="",flash="true",font="Dialog",size=11,justify="center",style="p",rotate="0",color="black")
text(name="visual_163",label="A",x=110,y=444,translucency=0,show shadow=false,action="Open URL",url="",bidi="true",target="_self",filter="",filtertype="",datasource="",flash="true",font="Dialog",size=11,justify="center",style="p",rotate="0",color="black")
button(name="visual_161",label="untitled",x=70,y=315,translucency=0,show shadow=false,action="Active Event List (AEL)",url="",bidi="true",target="_self",filter="6cve_ant1a",filtertype="global",datasource="NBN_AGGV",flash="true",w=27,h=17,type="rectangle",arc diameter=20,legend=Count,font="Dialog",size=11,font color="black",style="p")
text(name="visual_160",label="B",x=160,y=351,translucency=0,show shadow=false,action="Open URL",url="",bidi="true",target="_self",filter="",filtertype="",datasource="",flash="true",font="Dialog",size=11,justify="center",style="p",rotate="0",color="black")
text(name="visual_159",label="A",x=88,y=348,translucency=0,show shadow=false,action="Open URL",url="",bidi="true",target="_self",filter="",filtertype="",datasource="",flash="true",font="Dialog",size=11,justify="center",style="p",rotate="0",color="black")
button(name="visual_118",label="6CVE",x=675,y=730,translucency=0,show shadow=false,action="Open URL",url="",bidi="true",target="_self",filter="_Clear",filtertype="global",datasource="NBN_AGGV",flash="true",w=28,h=18,type="rectangle",arc diameter=20,legend=Count,font="Dialog",size=11,font color="black",style="p")
text(name="visual_117",label="7GES",x=696,y=762,translucency=0,show shadow=false,action="Open URL",url="",bidi="true",target="_self",filter="",filtertype="",datasource="",flash="true",font="Dialog",size=11,justify="center",style="p",rotate="0",color="black")
button(name="visual_116",label="6CVE",x=715,y=610,translucency=0,show shadow=false,action="Open URL",url="",bidi="true",target="_self",filter="_Clear",filtertype="global",datasource="NBN_AGGV",flash="true",w=29,h=18,type="rectangle",arc diameter=20,legend=Count,font="Dialog",size=11,font color="black",style="p")
text(name="visual_115",label="2WLS",x=735,y=641,translucency=0,show shadow=false,action="Open URL",url="",bidi="true",target="_self",filter="",filtertype="",datasource="",flash="true",font="Dialog",size=11,justify="center",style="p",rotate="0",color="black")
button(name="visual_114",label="6CVE",x=715,y=395,translucency=0,show shadow=false,action="Open URL",url="",bidi="true",target="_self",filter="_Clear",filtertype="global",datasource="NBN_AGGV",flash="true",w=31,h=18,type="rectangle",arc diameter=20,legend=Count,font="Dialog",size=11,font color="black",style="p")
text(name="visual_113",label="4RMS",x=740,y=426,translucency=0,show shadow=false,action="Open URL",url="",bidi="true",target="_self",filter="",filtertype="",datasource="",flash="true",font="Dialog",size=11,justify="center",style="p",rotate="0",color="black")
button(name="visual_112",label="6CVE",x=645,y=460,translucency=0,show shadow=false,action="Open URL",url="$(SERVER)/Map/2BKS",bidi="true",target="_self",filter="_Clear",filtertype="global",datasource="NBN_AGGV",flash="true",w=33,h=18,type="rectangle",arc diameter=20,legend=Count,font="Dialog",size=11,font color="black",style="p")
text(name="visual_111",label="2BKS",x=674,y=493,translucency=0,show shadow=false,action="Open URL",url="",bidi="true",target="_self",filter="",filtertype="",datasource="",flash="true",font="Dialog",size=11,justify="center",style="p",rotate="0",color="black")
button(name="visual_110",label="6CVE",x=565,y=500,translucency=0,show shadow=false,action="Open URL",url="",bidi="true",target="_self",filter="_Clear",filtertype="global",datasource="NBN_AGGV",flash="true",w=35,h=18,type="rectangle",arc diameter=20,legend=Count,font="Dialog",size=11,font color="black",style="p")
text(name="visual_109",label="2BHS",x=588,y=534,translucency=0,show shadow=false,action="Open URL",url="",bidi="true",target="_self",filter="",filtertype="",datasource="",flash="true",font="Dialog",size=11,justify="center",style="p",rotate="0",color="black")
button(name="visual_108",label="6CVE",x=425,y=505,translucency=0,show shadow=false,action="Open URL",url="",bidi="true",target="_self",filter="_Clear",filtertype="global",datasource="NBN_AGGV",flash="true",w=31,h=18,type="rectangle",arc diameter=20,legend=Count,font="Dialog",size=11,font color="black",style="p")
text(name="visual_107",label="5CDS",x=448,y=538,translucency=0,show shadow=false,action="Open URL",url="",bidi="true",target="_self",filter="",filtertype="",datasource="",flash="true",font="Dialog",size=11,justify="center",style="p",rotate="0",color="black")
button(name="visual_106",label="6CVE",x=225,y=465,translucency=0,show shadow=false,action="Open URL",url="",bidi="true",target="_self",filter="_Clear",filtertype="global",datasource="NBN_AGGV",flash="true",w=28,h=18,type="rectangle",arc diameter=20,legend=Count,font="Dialog",size=11,font color="black",style="p")
text(name="visual_4",label="6KGS",x=238,y=498,translucency=0,show shadow=false,action="Open URL",url="",bidi="true",target="_self",filter="",filtertype="",datasource="",flash="true",font="Dialog",size=11,justify="center",style="p",rotate="0",color="black")
icon(name="visual_105",label="",x=253,y=428,translucency=0,show shadow=false,action="Open URL",url="$(SERVER)/Map/6KGS",bidi="true",target="_self",filter="",filtertype="",datasource="",flash="true",w=36,h=41,type="rectangle",arc diameter=20,legend=Count,font="Dialog",size=11,font color="black",style="p",image="RF_GW_small01.png",entity status indicator="Highlight Bar")
icon(name="visual_24",label="",x=218,y=427,translucency=0,show shadow=false,action="Open URL",url="$(SERVER)/Map/6KGS",bidi="true",target="_self",filter="",filtertype="",datasource="",flash="true",w=36,h=41,type="rectangle",arc diameter=20,legend=Count,font="Dialog",size=11,font color="black",style="p",image="RF_GW_small01.png",entity status indicator="Highlight Bar")
button(name="visual_104",label="6CVE",x=130,y=530,translucency=0,show shadow=false,action="Open URL",url="",bidi="true",target="_self",filter="_Clear",filtertype="global",datasource="NBN_AGGV",flash="true",w=30,h=18,type="rectangle",arc diameter=20,legend=Count,font="Dialog",size=11,font color="black",style="p")
text(name="visual_103",label="6WRS",x=152,y=566,translucency=0,show shadow=false,action="Open URL",url="",bidi="true",target="_self",filter="",filtertype="",datasource="",flash="true",font="Dialog",size=11,justify="center",style="p",rotate="0",color="black")
button(name="visual_102",label="6CVE",x=105,y=445,translucency=0,show shadow=false,action="Open URL",url="",bidi="true",target="_self",filter="_Clear",filtertype="global",datasource="NBN_AGGV",flash="true",w=36,h=18,type="rectangle",arc diameter=20,legend=Count,font="Dialog",size=11,font color="black",style="p")
text(name="visual_101",label="6GLS",x=135,y=475,translucency=0,show shadow=false,action="Open URL",url="",bidi="true",target="_self",filter="",filtertype="",datasource="",flash="true",font="Dialog",size=11,justify="center",style="p",rotate="0",color="black")
text(name="visual_100",label="6CVE",x=112,y=388,translucency=0,show shadow=false,action="Open URL",url="",bidi="true",target="_self",filter="",filtertype="",datasource="",flash="true",font="Dialog",size=11,justify="center",style="p",rotate="0",color="black")
button(name="visual_99",label="6CVE",x=90,y=355,translucency=0,show shadow=false,action="Open URL",url="",bidi="true",target="_self",filter="_Clear",filtertype="global",datasource="NBN_AGGV",flash="true",w=28,h=18,type="rectangle",arc diameter=20,legend=Count,font="Dialog",size=11,font color="black",style="p")
line(name="visual_70",label="untitled",x=862,y=498,translucency=0,show shadow=false,action="Open URL",url="",bidi="true",target="_self",filter="",filtertype="",datasource="",flash="true",thickness=1,x2=862,y2=498)
line(name="visual_50",label="untitled",x=181,y=702,translucency=0,show shadow=false,action="Open URL",url="",bidi="true",target="_self",filter="",filtertype="",datasource="",flash="true",thickness=1,x2=181,y2=702)
line(name="visual_49",label="untitled",x=367,y=670,translucency=0,show shadow=false,action="Open URL",url="",bidi="true",target="_self",filter="",filtertype="",datasource="",flash="true",thickness=1,x2=371,y2=671)
line(name="visual_48",label="untitled",x=570,y=642,translucency=0,show shadow=false,action="Open URL",url="",bidi="true",target="_self",filter="",filtertype="",datasource="",flash="true",thickness=1,x2=570,y2=643)
button(name="visual_43",label="untitled",x=662,y=409,translucency=0,show shadow=false,action="Active Event List (AEL)",url="",bidi="true",target="_self",filter="2bks_ant1a",filtertype="global",datasource="NBN_AGGV",flash="true",w=13,h=13,type="ellipse",arc diameter=20,legend=None,font="Dialog",size=11,font color="black",style="p")
icon(name="visual_42",label="",x=685,y=422,translucency=0,show shadow=false,action="Open URL",url="$(SERVER)/Map/2BKS",bidi="true",target="_self",filter="",filtertype="",datasource="",flash="true",w=36,h=41,type="rectangle",arc diameter=20,legend=Count,font="Dialog",size=11,font color="black",style="p",image="RF_GW_small01.png",entity status indicator="Highlight Bar")
button(name="visual_41",label="untitled",x=731,y=341,translucency=0,show shadow=false,action="Active Event List (AEL)",url="",bidi="true",target="_self",filter="4rms_ant1a",filtertype="global",datasource="NBN_AGGV",flash="true",w=13,h=13,type="ellipse",arc diameter=20,legend=None,font="Dialog",size=11,font color="black",style="p")
icon(name="visual_39",label="",x=722,y=355,translucency=0,show shadow=false,action="Open URL",url="$(SERVER)/Map/4RMS",bidi="true",target="_self",filter="",filtertype="",datasource="",flash="true",w=36,h=41,type="rectangle",arc diameter=20,legend=Count,font="Dialog",size=11,font color="black",style="p",image="RF_GW_small01.png",entity status indicator="Highlight Bar")
button(name="visual_38",label="untitled",x=724,y=556,translucency=0,show shadow=false,action="Active Event List (AEL)",url="",bidi="true",target="_self",filter="2wls_ant1a",filtertype="global",datasource="NBN_AGGV",flash="true",w=13,h=13,type="ellipse",arc diameter=20,legend=None,font="Dialog",size=11,font color="black",style="p")
button(name="visual_37",label="untitled",x=752,y=556,translucency=0,show shadow=false,action="Active Event List (AEL)",url="",bidi="true",target="_self",filter="2wls_ant1b",filtertype="global",datasource="NBN_AGGV",flash="true",w=13,h=13,type="ellipse",arc diameter=20,legend=None,font="Dialog",size=11,font color="black",style="p")
icon(name="visual_36",label="",x=715,y=570,translucency=0,show shadow=false,action="Open URL",url="$(SERVER)/Map/2WLS",bidi="true",target="_self",filter="",filtertype="",datasource="",flash="true",w=36,h=41,type="rectangle",arc diameter=20,legend=Count,font="Dialog",size=11,font color="black",style="p",image="RF_GW_small01.png",entity status indicator="Highlight Bar")
button(name="visual_35",label="untitled",x=679,y=677,translucency=0,show shadow=false,action="Active Event List (AEL)",url="",bidi="true",target="_self",filter="7ges_ant1a",filtertype="global",datasource="NBN_AGGV",flash="true",w=13,h=13,type="ellipse",arc diameter=20,legend=None,font="Dialog",size=11,font color="black",style="p")
icon(name="visual_33",label="",x=709,y=690,translucency=0,show shadow=false,action="Open URL",url="$(SERVER)/Map/7GES",bidi="true",target="_self",filter="",filtertype="",datasource="",flash="true",w=36,h=41,type="rectangle",arc diameter=20,legend=Count,font="Dialog",size=11,font color="black",style="p",image="RF_GW_small01.png",entity status indicator="Highlight Bar")
button(name="visual_31",label="untitled",x=577,y=455,translucency=0,show shadow=false,action="Active Event List (AEL)",url="",bidi="true",target="_self",filter="2bhs_ant1a",filtertype="global",datasource="NBN_AGGV",flash="true",w=13,h=13,type="ellipse",arc diameter=20,legend=None,font="Dialog",size=11,font color="black",style="p")
icon(name="visual_30",label="",x=601,y=464,translucency=0,show shadow=false,action="Open URL",url="$(SERVER)/Map/2BHS",bidi="true",target="_self",filter="",filtertype="",datasource="",flash="true",w=36,h=41,type="rectangle",arc diameter=20,legend=Count,font="Dialog",size=11,font color="black",style="p",image="RF_GW_small01.png",entity status indicator="Highlight Bar")
button(name="visual_28",label="untitled",x=470,y=451,translucency=0,show shadow=false,action="Active Event List (AEL)",url="",bidi="true",target="_self",filter="5cds_ant1b",filtertype="global",datasource="NBN_AGGV",flash="true",w=13,h=13,type="ellipse",arc diameter=20,legend=None,font="Dialog",size=11,font color="black",style="p")
icon(name="visual_27",label="",x=461,y=465,translucency=0,show shadow=false,action="Open URL",url="$(SERVER)/Map/5CDS",bidi="true",target="_self",filter="",filtertype="",datasource="",flash="true",w=36,h=41,type="rectangle",arc diameter=20,legend=Count,font="Dialog",size=11,font color="black",style="p",image="RF_GW_small01.png",entity status indicator="Highlight Bar")
button(name="visual_25",label="untitled",x=262,y=416,translucency=0,show shadow=false,action="Active Event List (AEL)",url="",bidi="true",target="_self",filter="6kgs_ant1b",filtertype="global",datasource="NBN_AGGV",flash="true",w=13,h=13,type="ellipse",arc diameter=20,legend=None,font="Dialog",size=11,font color="black",style="p")
button(name="visual_23",label="untitled",x=143,y=485,translucency=0,show shadow=false,action="Active Event List (AEL)",url="",bidi="true",target="_self",filter="6wrs_ant1a",filtertype="global",datasource="NBN_AGGV",flash="true",w=13,h=13,type="ellipse",arc diameter=20,legend=None,font="Dialog",size=11,font color="black",style="p")
icon(name="visual_21",label="",x=165,y=494,translucency=0,show shadow=false,action="Open URL",url="$(SERVER)/Map/6WRS",bidi="true",target="_self",filter="",filtertype="",datasource="",flash="true",w=36,h=41,type="rectangle",arc diameter=20,legend=Count,font="Dialog",size=11,font color="black",style="p",image="RF_GW_small01.png",entity status indicator="Highlight Bar")
button(name="visual_19",label="untitled",x=159,y=394,translucency=0,show shadow=false,action="Active Event List (AEL)",url="",bidi="true",target="_self",filter="6gls_ant1b",filtertype="global",datasource="NBN_AGGV",flash="true",w=13,h=13,type="ellipse",arc diameter=20,legend=None,font="Dialog",size=11,font color="black",style="p")
icon(name="visual_18",label="",x=146,y=405,translucency=0,show shadow=false,action="Open URL",url="$(SERVER)/Map/6GLS",bidi="true",target="_self",filter="",filtertype="",datasource="",flash="true",w=36,h=41,type="rectangle",arc diameter=20,legend=Count,font="Dialog",size=11,font color="black",style="p",image="RF_GW_small01.png",entity status indicator="Highlight Bar")
button(name="visual_16",label="untitled",x=135,y=302,translucency=0,show shadow=false,action="Active Event List (AEL)",url="",bidi="true",target="_self",filter="6cve_ant1b",filtertype="global",datasource="NBN_AGGV",flash="true",w=13,h=13,type="ellipse",arc diameter=20,legend=None,font="Dialog",size=11,font color="black",style="p")
icon(name="visual_15",label="",x=123,y=314,translucency=0,show shadow=false,action="Open URL",url="$(SERVER)/Map/6CVE",bidi="true",target="_self",filter="",filtertype="",datasource="",flash="true",w=36,h=41,type="rectangle",arc diameter=20,legend=Count,font="Dialog",size=11,font color="black",style="p",image="RF_GW_small01.png",entity status indicator="Highlight Bar")
icon(name="visual_10",label="",x=669,y=690,translucency=0,show shadow=false,action="Open URL",url="$(SERVER)/Map/7GES",bidi="true",target="_self",filter="",filtertype="",datasource="",flash="true",w=36,h=41,type="rectangle",arc diameter=20,legend=Count,font="Dialog",size=11,font color="black",style="p",image="RF_GW_small01.png",entity status indicator="Highlight Bar")
icon(name="visual_9",label="",x=741,y=570,translucency=0,show shadow=false,action="Open URL",url="$(SERVER)/Map/2WLS",bidi="true",target="_self",filter="",filtertype="",datasource="",flash="true",w=36,h=41,type="rectangle",arc diameter=20,legend=Count,font="Dialog",size=11,font color="black",style="p",image="RF_GW_small01.png",entity status indicator="Highlight Bar")
icon(name="visual_8",label="",x=754,y=355,translucency=0,show shadow=false,action="Open URL",url="$(SERVER)/Map/4RMS",bidi="true",target="_self",filter="",filtertype="",datasource="",flash="true",w=36,h=41,type="rectangle",arc diameter=20,legend=Count,font="Dialog",size=11,font color="black",style="p",image="RF_GW_small01.png",entity status indicator="Highlight Bar")
icon(name="visual_7",label="",x=653,y=422,translucency=0,show shadow=false,action="Open URL",url="$(SERVER)/Map/2BKS",bidi="true",target="_self",filter="",filtertype="",datasource="",flash="true",w=36,h=41,type="rectangle",arc diameter=20,legend=Count,font="Dialog",size=11,font color="black",style="p",image="RF_GW_small01.png",entity status indicator="Highlight Bar")
icon(name="visual_6",label="",x=568,y=464,translucency=0,show shadow=false,action="Open URL",url="$(SERVER)/Map/2BHS",bidi="true",target="_self",filter="",filtertype="",datasource="",flash="true",w=36,h=41,type="rectangle",arc diameter=20,legend=Count,font="Dialog",size=11,font color="black",style="p",image="RF_GW_small01.png",entity status indicator="Highlight Bar")
icon(name="visual_5",label="",x=428,y=465,translucency=0,show shadow=false,action="Open URL",url="$(SERVER)/Map/5CDS",bidi="true",target="_self",filter="",filtertype="",datasource="",flash="true",w=36,h=41,type="rectangle",arc diameter=20,legend=Count,font="Dialog",size=11,font color="black",style="p",image="RF_GW_small01.png",entity status indicator="Highlight Bar")
icon(name="visual_3",label="",x=132,y=494,translucency=0,show shadow=false,action="Open URL",url="$(SERVER)/Map/6WRS",bidi="true",target="_self",filter="",filtertype="",datasource="",flash="true",w=36,h=41,type="rectangle",arc diameter=20,legend=Count,font="Dialog",size=11,font color="black",style="p",image="RF_GW_small01.png",entity status indicator="Highlight Bar")
icon(name="visual_2",label="",x=115,y=405,translucency=0,show shadow=false,action="Open URL",url="$(SERVER)/Map/6GLS",bidi="true",target="_self",filter="",filtertype="",datasource="",flash="true",w=36,h=41,type="rectangle",arc diameter=20,legend=Count,font="Dialog",size=11,font color="black",style="p",image="RF_GW_small01.png",entity status indicator="Highlight Bar")
icon(name="visual_1",label="",x=92,y=316,translucency=0,show shadow=false,action="Open URL",url="$(SERVER)/Map/6CVE",bidi="true",target="_self",filter="",filtertype="",datasource="",flash="true",w=36,h=41,type="rectangle",arc diameter=20,legend=Count,font="Dialog",size=11,font color="black",style="p",image="RF_GW_small01.png",entity status indicator="Highlight Bar")
icon(name="visual_92",label="untitled",x=104,y=129,translucency=100,show shadow=false,action="Open URL",url="$(SERVER)/Map/West_AUS",bidi="true",target="_self",filter="",filtertype="",datasource="",flash="true",w=289,h=445,type="rectangle",arc diameter=20,legend=None,font="Dialog",size=11,font color="black",style="p",image="West_Aust.png",entity status indicator="Highlight Bar")
text(name="visual_20",label="Western Island",x=21,y=183,translucency=0,show shadow=false,action="Open URL",url="",bidi="true",target="_self",filter="",filtertype="",datasource="",flash="true",font="Dialog",size=11,justify="center",style="p",rotate="0",color="black")
text(name="visual_21",label="South Island",x=873,y=657,translucency=0,show shadow=false,action="Open URL",url="",bidi="true",target="_self",filter="",filtertype="",datasource="",flash="true",font="Dialog",size=11,justify="center",style="p",rotate="0",color="black")
line(name="visual_19",label="untitled",x=987,y=772,translucency=0,show shadow=false,color="black",thickness=3,x2=831,y2=772)
line(name="visual_5",label="untitled",x=987,y=662,translucency=0,show shadow=false,color="black",thickness=3,x2=987,y2=772)
line(name="visual_4",label="untitled",x=987,y=664,translucency=0,show shadow=false,color="black",thickness=3,x2=831,y2=664)
line(name="visual_3",label="untitled",x=834,y=662,translucency=0,show shadow=false,color="black",thickness=3,x2=834,y2=772)
button(name="visual_195",label="untitled",x=886,y=697,translucency=75,show shadow=false,action="Active Event List (AEL)",url="",bidi="true",target="_self",filter="_Clear",filtertype="global",datasource="NBN_AGGV",flash="true",w=48,h=49,type="ellipse",arc diameter=20,legend=None,font="Dialog",size=11,font color="black",style="p")
button(name="visual_194",label="untitled",x=29,y=93,translucency=75,show shadow=false,action="Active Event List (AEL)",url="",bidi="true",target="_self",filter="_Clear",filtertype="global",datasource="NBN_AGGV",flash="true",w=57,h=56,type="ellipse",arc diameter=20,legend=None,font="Dialog",size=11,font color="black",style="p")
button(name="visual_193",label="untitled",x=134,y=13,translucency=75,show shadow=false,action="Active Event List (AEL)",url="",bidi="true",target="_self",filter="_Clear",filtertype="global",datasource="NBN_AGGV",flash="true",w=67,h=59,type="ellipse",arc diameter=20,legend=None,font="Dialog",size=11,font color="black",style="p")
line(name="visual_2",label="untitled",x=230,y=0,translucency=0,show shadow=false,color="black",thickness=3,x2=230,y2=164)
line(name="visual_1",label="untitled",x=1,y=163,translucency=0,show shadow=false,color="black",thickness=3,x2=229,y2=163)
button(name="visual_192",label="untitled",x=157,y=493,translucency=75,show shadow=false,action="Active Event List (AEL)",url="",bidi="true",target="_self",filter="_Clear",filtertype="global",datasource="NBN_AGGV",flash="true",w=48,h=49,type="ellipse",arc diameter=20,legend=None,font="Dialog",size=11,font color="black",style="p")
button(name="visual_191",label="untitled",x=150,y=460,translucency=75,show shadow=false,action="Active Event List (AEL)",url="",bidi="true",target="_self",filter="_Clear",filtertype="global",datasource="NBN_AGGV",flash="true",w=48,h=49,type="ellipse",arc diameter=20,legend=None,font="Dialog",size=11,font color="black",style="p")
button(name="visual_190",label="untitled",x=113,y=449,translucency=75,show shadow=false,action="Active Event List (AEL)",url="",bidi="true",target="_self",filter="_Clear",filtertype="global",datasource="NBN_AGGV",flash="true",w=48,h=49,type="ellipse",arc diameter=20,legend=None,font="Dialog",size=11,font color="black",style="p")
button(name="visual_189",label="untitled",x=120,y=488,translucency=75,show shadow=false,action="Active Event List (AEL)",url="",bidi="true",target="_self",filter="_Clear",filtertype="global",datasource="NBN_AGGV",flash="true",w=48,h=49,type="ellipse",arc diameter=20,legend=None,font="Dialog",size=11,font color="black",style="p")
button(name="visual_188",label="untitled",x=216,y=517,translucency=75,show shadow=false,action="Active Event List (AEL)",url="",bidi="true",target="_self",filter="_Clear",filtertype="global",datasource="NBN_AGGV",flash="true",w=48,h=49,type="ellipse",arc diameter=20,legend=None,font="Dialog",size=11,font color="black",style="p")
button(name="visual_187",label="untitled",x=173,y=527,translucency=75,show shadow=false,action="Active Event List (AEL)",url="",bidi="true",target="_self",filter="_Clear",filtertype="global",datasource="NBN_AGGV",flash="true",w=48,h=49,type="ellipse",arc diameter=20,legend=None,font="Dialog",size=11,font color="black",style="p")
button(name="visual_186",label="untitled",x=131,y=524,translucency=75,show shadow=false,action="Active Event List (AEL)",url="",bidi="true",target="_self",filter="_Clear",filtertype="global",datasource="NBN_AGGV",flash="true",w=48,h=49,type="ellipse",arc diameter=20,legend=None,font="Dialog",size=11,font color="black",style="p")
button(name="visual_185",label="untitled",x=637,y=641,translucency=75,show shadow=false,action="Active Event List (AEL)",url="",bidi="true",target="_self",filter="_Clear",filtertype="global",datasource="NBN_AGGV",flash="true",w=48,h=49,type="ellipse",arc diameter=20,legend=None,font="Dialog",size=11,font color="black",style="p")
button(name="visual_184",label="untitled",x=677,y=650,translucency=75,show shadow=false,action="Active Event List (AEL)",url="",bidi="true",target="_self",filter="_Clear",filtertype="global",datasource="NBN_AGGV",flash="true",w=48,h=49,type="ellipse",arc diameter=20,legend=None,font="Dialog",size=11,font color="black",style="p")
button(name="visual_183",label="untitled",x=662,y=673,translucency=75,show shadow=false,action="Active Event List (AEL)",url="",bidi="true",target="_self",filter="_Clear",filtertype="global",datasource="NBN_AGGV",flash="true",w=48,h=49,type="ellipse",arc diameter=20,legend=None,font="Dialog",size=11,font color="black",style="p")
button(name="visual_182",label="untitled",x=679,y=704,translucency=75,show shadow=false,action="Active Event List (AEL)",url="",bidi="true",target="_self",filter="_Clear",filtertype="global",datasource="NBN_AGGV",flash="true",w=58,h=59,type="ellipse",arc diameter=20,legend=None,font="Dialog",size=11,font color="black",style="p")
button(name="visual_181",label="untitled",x=710,y=678,translucency=75,show shadow=false,action="Active Event List (AEL)",url="",bidi="true",target="_self",filter="_Clear",filtertype="global",datasource="NBN_AGGV",flash="true",w=48,h=49,type="ellipse",arc diameter=20,legend=None,font="Dialog",size=11,font color="black",style="p")
button(name="visual_180",label="untitled",x=707,y=641,translucency=75,show shadow=false,action="Active Event List (AEL)",url="",bidi="true",target="_self",filter="_Clear",filtertype="global",datasource="NBN_AGGV",flash="true",w=48,h=49,type="ellipse",arc diameter=20,legend=None,font="Dialog",size=11,font color="black",style="p")
button(name="visual_179",label="untitled",x=661,y=505,translucency=75,show shadow=false,action="Active Event List (AEL)",url="",bidi="true",target="_self",filter="_Clear",filtertype="global",datasource="NBN_AGGV",flash="true",w=48,h=49,type="ellipse",arc diameter=20,legend=None,font="Dialog",size=11,font color="black",style="p")
button(name="visual_178",label="untitled",x=696,y=482,translucency=75,show shadow=false,action="Active Event List (AEL)",url="",bidi="true",target="_self",filter="_Clear",filtertype="global",datasource="NBN_AGGV",flash="true",w=48,h=49,type="ellipse",arc diameter=20,legend=None,font="Dialog",size=11,font color="black",style="p")
button(name="visual_177",label="untitled",x=675,y=457,translucency=75,show shadow=false,action="Active Event List (AEL)",url="",bidi="true",target="_self",filter="_Clear",filtertype="global",datasource="NBN_AGGV",flash="true",w=48,h=49,type="ellipse",arc diameter=20,legend=None,font="Dialog",size=11,font color="black",style="p")
button(name="visual_176",label="untitled",x=643,y=477,translucency=75,show shadow=false,action="Active Event List (AEL)",url="",bidi="true",target="_self",filter="_Clear",filtertype="global",datasource="NBN_AGGV",flash="true",w=48,h=49,type="ellipse",arc diameter=20,legend=None,font="Dialog",size=11,font color="black",style="p")
button(name="visual_175",label="untitled",x=713,y=444,translucency=75,show shadow=false,action="Active Event List (AEL)",url="",bidi="true",target="_self",filter="_Clear",filtertype="global",datasource="NBN_AGGV",flash="true",w=48,h=49,type="ellipse",arc diameter=20,legend=None,font="Dialog",size=11,font color="black",style="p")
button(name="visual_174",label="untitled",x=682,y=422,translucency=75,show shadow=false,action="Active Event List (AEL)",url="",bidi="true",target="_self",filter="_Clear",filtertype="global",datasource="NBN_AGGV",flash="true",w=48,h=49,type="ellipse",arc diameter=20,legend=None,font="Dialog",size=11,font color="black",style="p")
button(name="visual_173",label="untitled",x=638,y=434,translucency=75,show shadow=false,action="Active Event List (AEL)",url="",bidi="true",target="_self",filter="_Clear",filtertype="global",datasource="NBN_AGGV",flash="true",w=48,h=49,type="ellipse",arc diameter=20,legend=None,font="Dialog",size=11,font color="black",style="p")
button(name="visual_172",label="untitled",x=682,y=527,translucency=75,show shadow=false,action="Active Event List (AEL)",url="",bidi="true",target="_self",filter="_Clear",filtertype="global",datasource="NBN_AGGV",flash="true",w=48,h=49,type="ellipse",arc diameter=20,legend=None,font="Dialog",size=11,font color="black",style="p")
button(name="visual_171",label="untitled",x=649,y=546,translucency=75,show shadow=false,action="Active Event List (AEL)",url="",bidi="true",target="_self",filter="_Clear",filtertype="global",datasource="NBN_AGGV",flash="true",w=48,h=49,type="ellipse",arc diameter=20,legend=None,font="Dialog",size=11,font color="black",style="p")
button(name="visual_170",label="untitled",x=625,y=525,translucency=75,show shadow=false,action="Active Event List (AEL)",url="",bidi="true",target="_self",filter="_Clear",filtertype="global",datasource="NBN_AGGV",flash="true",w=48,h=49,type="ellipse",arc diameter=20,legend=None,font="Dialog",size=11,font color="black",style="p")
button(name="visual_169",label="untitled",x=603,y=493,translucency=75,show shadow=false,action="Active Event List (AEL)",url="",bidi="true",target="_self",filter="_Clear",filtertype="global",datasource="NBN_AGGV",flash="true",w=48,h=49,type="ellipse",arc diameter=20,legend=None,font="Dialog",size=11,font color="black",style="p")
button(name="visual_168",label="untitled",x=607,y=457,translucency=75,show shadow=false,action="Active Event List (AEL)",url="",bidi="true",target="_self",filter="_Clear",filtertype="global",datasource="NBN_AGGV",flash="true",w=48,h=49,type="ellipse",arc diameter=20,legend=None,font="Dialog",size=11,font color="black",style="p")
button(name="visual_167",label="untitled",x=720,y=406,translucency=75,show shadow=false,action="Active Event List (AEL)",url="",bidi="true",target="_self",filter="_Clear",filtertype="global",datasource="NBN_AGGV",flash="true",w=48,h=49,type="ellipse",arc diameter=20,legend=None,font="Dialog",size=11,font color="black",style="p")
button(name="visual_166",label="untitled",x=684,y=380,translucency=75,show shadow=false,action="Active Event List (AEL)",url="",bidi="true",target="_self",filter="_Clear",filtertype="global",datasource="NBN_AGGV",flash="true",w=48,h=49,type="ellipse",arc diameter=20,legend=None,font="Dialog",size=11,font color="black",style="p")
button(name="visual_165",label="untitled",x=648,y=397,translucency=75,show shadow=false,action="Active Event List (AEL)",url="",bidi="true",target="_self",filter="_Clear",filtertype="global",datasource="NBN_AGGV",flash="true",w=48,h=49,type="ellipse",arc diameter=20,legend=None,font="Dialog",size=11,font color="black",style="p")
button(name="visual_164",label="untitled",x=724,y=375,translucency=75,show shadow=false,action="Active Event List (AEL)",url="",bidi="true",target="_self",filter="_Clear",filtertype="global",datasource="NBN_AGGV",flash="true",w=48,h=49,type="ellipse",arc diameter=20,legend=None,font="Dialog",size=11,font color="black",style="p")
button(name="visual_163",label="untitled",x=691,y=348,translucency=75,show shadow=false,action="Active Event List (AEL)",url="",bidi="true",target="_self",filter="_Clear",filtertype="global",datasource="NBN_AGGV",flash="true",w=48,h=49,type="ellipse",arc diameter=20,legend=None,font="Dialog",size=11,font color="black",style="p")
button(name="visual_162",label="untitled",x=644,y=359,translucency=75,show shadow=false,action="Active Event List (AEL)",url="",bidi="true",target="_self",filter="_Clear",filtertype="global",datasource="NBN_AGGV",flash="true",w=48,h=49,type="ellipse",arc diameter=20,legend=None,font="Dialog",size=11,font color="black",style="p")
button(name="visual_161",label="untitled",x=724,y=335,translucency=75,show shadow=false,action="Active Event List (AEL)",url="",bidi="true",target="_self",filter="_Clear",filtertype="global",datasource="NBN_AGGV",flash="true",w=48,h=49,type="ellipse",arc diameter=20,legend=None,font="Dialog",size=11,font color="black",style="p")
button(name="visual_160",label="untitled",x=671,y=326,translucency=75,show shadow=false,action="Active Event List (AEL)",url="",bidi="true",target="_self",filter="_Clear",filtertype="global",datasource="NBN_AGGV",flash="true",w=48,h=49,type="ellipse",arc diameter=20,legend=None,font="Dialog",size=11,font color="black",style="p")
button(name="visual_159",label="untitled",x=700,y=303,translucency=75,show shadow=false,action="Active Event List (AEL)",url="",bidi="true",target="_self",filter="_Clear",filtertype="global",datasource="NBN_AGGV",flash="true",w=48,h=49,type="ellipse",arc diameter=20,legend=None,font="Dialog",size=11,font color="black",style="p")
button(name="visual_158",label="untitled",x=673,y=283,translucency=75,show shadow=false,action="Active Event List (AEL)",url="",bidi="true",target="_self",filter="_Clear",filtertype="global",datasource="NBN_AGGV",flash="true",w=48,h=49,type="ellipse",arc diameter=20,legend=None,font="Dialog",size=11,font color="black",style="p")
button(name="visual_157",label="untitled",x=702,y=253,translucency=75,show shadow=false,action="Active Event List (AEL)",url="",bidi="true",target="_self",filter="_Critical",filtertype="global",datasource="NBN_AGGV",flash="true",w=57,h=56,type="ellipse",arc diameter=20,legend=None,font="Dialog",size=11,font color="black",style="p")
button(name="visual_156",label="untitled",x=731,y=292,translucency=75,show shadow=false,action="Active Event List (AEL)",url="",bidi="true",target="_self",filter="_Clear",filtertype="global",datasource="NBN_AGGV",flash="true",w=48,h=49,type="ellipse",arc diameter=20,legend=None,font="Dialog",size=11,font color="black",style="p")
button(name="visual_155",label="untitled",x=762,y=325,translucency=75,show shadow=false,action="Active Event List (AEL)",url="",bidi="true",target="_self",filter="_Clear",filtertype="global",datasource="NBN_AGGV",flash="true",w=48,h=49,type="ellipse",arc diameter=20,legend=None,font="Dialog",size=11,font color="black",style="p")
button(name="visual_154",label="untitled",x=761,y=363,translucency=75,show shadow=false,action="Active Event List (AEL)",url="",bidi="true",target="_self",filter="_Clear",filtertype="global",datasource="NBN_AGGV",flash="true",w=48,h=49,type="ellipse",arc diameter=20,legend=None,font="Dialog",size=11,font color="black",style="p")
button(name="visual_153",label="untitled",x=764,y=397,translucency=75,show shadow=false,action="Active Event List (AEL)",url="",bidi="true",target="_self",filter="_Clear",filtertype="global",datasource="NBN_AGGV",flash="true",w=48,h=49,type="ellipse",arc diameter=20,legend=None,font="Dialog",size=11,font color="black",style="p")
button(name="visual_152",label="untitled",x=754,y=430,translucency=75,show shadow=false,action="Active Event List (AEL)",url="",bidi="true",target="_self",filter="_Clear",filtertype="global",datasource="NBN_AGGV",flash="true",w=48,h=49,type="ellipse",arc diameter=20,legend=None,font="Dialog",size=11,font color="black",style="p")
button(name="visual_151",label="untitled",x=737,y=467,translucency=75,show shadow=false,action="Active Event List (AEL)",url="",bidi="true",target="_self",filter="_Clear",filtertype="global",datasource="NBN_AGGV",flash="true",w=48,h=49,type="ellipse",arc diameter=20,legend=None,font="Dialog",size=11,font color="black",style="p")
button(name="visual_150",label="untitled",x=721,y=506,translucency=75,show shadow=false,action="Active Event List (AEL)",url="",bidi="true",target="_self",filter="_Clear",filtertype="global",datasource="NBN_AGGV",flash="true",w=48,h=49,type="ellipse",arc diameter=20,legend=None,font="Dialog",size=11,font color="black",style="p")
button(name="visual_149",label="untitled",x=705,y=542,translucency=75,show shadow=false,action="Active Event List (AEL)",url="",bidi="true",target="_self",filter="_Clear",filtertype="global",datasource="NBN_AGGV",flash="true",w=48,h=49,type="ellipse",arc diameter=20,legend=None,font="Dialog",size=11,font color="black",style="p")
button(name="visual_148",label="untitled",x=686,y=571,translucency=75,show shadow=false,action="Active Event List (AEL)",url="",bidi="true",target="_self",filter="_Clear",filtertype="global",datasource="NBN_AGGV",flash="true",w=48,h=49,type="ellipse",arc diameter=20,legend=None,font="Dialog",size=11,font color="black",style="p")
button(name="visual_147",label="untitled",x=645,y=581,translucency=75,show shadow=false,action="Active Event List (AEL)",url="",bidi="true",target="_self",filter="_Clear",filtertype="global",datasource="NBN_AGGV",flash="true",w=48,h=49,type="ellipse",arc diameter=20,legend=None,font="Dialog",size=11,font color="black",style="p")
button(name="visual_146",label="untitled",x=606,y=563,translucency=75,show shadow=false,action="Active Event List (AEL)",url="",bidi="true",target="_self",filter="_Clear",filtertype="global",datasource="NBN_AGGV",flash="true",w=48,h=49,type="ellipse",arc diameter=20,legend=None,font="Dialog",size=11,font color="black",style="p")
button(name="visual_145",label="untitled",x=585,y=537,translucency=75,show shadow=false,action="Active Event List (AEL)",url="",bidi="true",target="_self",filter="_Clear",filtertype="global",datasource="NBN_AGGV",flash="true",w=48,h=49,type="ellipse",arc diameter=20,legend=None,font="Dialog",size=11,font color="black",style="p")
button(name="visual_144",label="untitled",x=571,y=500,translucency=75,show shadow=false,action="Active Event List (AEL)",url="",bidi="true",target="_self",filter="_Clear",filtertype="global",datasource="NBN_AGGV",flash="true",w=48,h=49,type="ellipse",arc diameter=20,legend=None,font="Dialog",size=11,font color="black",style="p")
button(name="visual_143",label="untitled",x=567,y=464,translucency=75,show shadow=false,action="Active Event List (AEL)",url="",bidi="true",target="_self",filter="_Clear",filtertype="global",datasource="NBN_AGGV",flash="true",w=48,h=49,type="ellipse",arc diameter=20,legend=None,font="Dialog",size=11,font color="black",style="p")
button(name="visual_142",label="untitled",x=531,y=493,translucency=75,show shadow=false,action="Active Event List (AEL)",url="",bidi="true",target="_self",filter="_Clear",filtertype="global",datasource="NBN_AGGV",flash="true",w=48,h=49,type="ellipse",arc diameter=20,legend=None,font="Dialog",size=11,font color="black",style="p")
button(name="visual_141",label="untitled",x=532,y=449,translucency=75,show shadow=false,action="Active Event List (AEL)",url="",bidi="true",target="_self",filter="_Clear",filtertype="global",datasource="NBN_AGGV",flash="true",w=48,h=49,type="ellipse",arc diameter=20,legend=None,font="Dialog",size=11,font color="black",style="p")
button(name="visual_140",label="untitled",x=501,y=474,translucency=75,show shadow=false,action="Active Event List (AEL)",url="",bidi="true",target="_self",filter="_Clear",filtertype="global",datasource="NBN_AGGV",flash="true",w=48,h=49,type="ellipse",arc diameter=20,legend=None,font="Dialog",size=11,font color="black",style="p")
button(name="visual_139",label="untitled",x=459,y=477,translucency=75,show shadow=false,action="Active Event List (AEL)",url="",bidi="true",target="_self",filter="_Clear",filtertype="global",datasource="NBN_AGGV",flash="true",w=48,h=49,type="ellipse",arc diameter=20,legend=None,font="Dialog",size=11,font color="black",style="p")
button(name="visual_138",label="untitled",x=478,y=503,translucency=75,show shadow=false,action="Active Event List (AEL)",url="",bidi="true",target="_self",filter="_Clear",filtertype="global",datasource="NBN_AGGV",flash="true",w=48,h=49,type="ellipse",arc diameter=20,legend=None,font="Dialog",size=11,font color="black",style="p")
button(name="visual_137",label="untitled",x=506,y=524,translucency=75,show shadow=false,action="Active Event List (AEL)",url="",bidi="true",target="_self",filter="_Clear",filtertype="global",datasource="NBN_AGGV",flash="true",w=48,h=49,type="ellipse",arc diameter=20,legend=None,font="Dialog",size=11,font color="black",style="p")
button(name="visual_136",label="untitled",x=547,y=534,translucency=75,show shadow=false,action="Active Event List (AEL)",url="",bidi="true",target="_self",filter="_Clear",filtertype="global",datasource="NBN_AGGV",flash="true",w=48,h=49,type="ellipse",arc diameter=20,legend=None,font="Dialog",size=11,font color="black",style="p")
button(name="visual_135",label="untitled",x=520,y=559,translucency=75,show shadow=false,action="Active Event List (AEL)",url="",bidi="true",target="_self",filter="_Clear",filtertype="global",datasource="NBN_AGGV",flash="true",w=48,h=49,type="ellipse",arc diameter=20,legend=None,font="Dialog",size=11,font color="black",style="p")
button(name="visual_134",label="untitled",x=558,y=572,translucency=75,show shadow=false,action="Active Event List (AEL)",url="",bidi="true",target="_self",filter="_Clear",filtertype="global",datasource="NBN_AGGV",flash="true",w=48,h=49,type="ellipse",arc diameter=20,legend=None,font="Dialog",size=11,font color="black",style="p")
button(name="visual_133",label="untitled",x=592,y=593,translucency=75,show shadow=false,action="Active Event List (AEL)",url="",bidi="true",target="_self",filter="_Clear",filtertype="global",datasource="NBN_AGGV",flash="true",w=48,h=49,type="ellipse",arc diameter=20,legend=None,font="Dialog",size=11,font color="black",style="p")
button(name="visual_132",label="untitled",x=625,y=603,translucency=75,show shadow=false,action="Active Event List (AEL)",url="",bidi="true",target="_self",filter="_Clear",filtertype="global",datasource="NBN_AGGV",flash="true",w=48,h=49,type="ellipse",arc diameter=20,legend=None,font="Dialog",size=11,font color="black",style="p")
button(name="visual_131",label="untitled",x=669,y=614,translucency=75,show shadow=false,action="Active Event List (AEL)",url="",bidi="true",target="_self",filter="_Clear",filtertype="global",datasource="NBN_AGGV",flash="true",w=48,h=49,type="ellipse",arc diameter=20,legend=None,font="Dialog",size=11,font color="black",style="p")
button(name="visual_130",label="untitled",x=707,y=606,translucency=75,show shadow=false,action="Active Event List (AEL)",url="",bidi="true",target="_self",filter="_Clear",filtertype="global",datasource="NBN_AGGV",flash="true",w=48,h=49,type="ellipse",arc diameter=20,legend=None,font="Dialog",size=11,font color="black",style="p")
button(name="visual_129",label="untitled",x=731,y=576,translucency=75,show shadow=false,action="Active Event List (AEL)",url="",bidi="true",target="_self",filter="_Clear",filtertype="global",datasource="NBN_AGGV",flash="true",w=48,h=49,type="ellipse",arc diameter=20,legend=None,font="Dialog",size=11,font color="black",style="p")
button(name="visual_128",label="untitled",x=745,y=540,translucency=75,show shadow=false,action="Active Event List (AEL)",url="",bidi="true",target="_self",filter="_Clear",filtertype="global",datasource="NBN_AGGV",flash="true",w=48,h=49,type="ellipse",arc diameter=20,legend=None,font="Dialog",size=11,font color="black",style="p")
button(name="visual_127",label="untitled",x=759,y=501,translucency=75,show shadow=false,action="Active Event List (AEL)",url="",bidi="true",target="_self",filter="_Clear",filtertype="global",datasource="NBN_AGGV",flash="true",w=48,h=49,type="ellipse",arc diameter=20,legend=None,font="Dialog",size=11,font color="black",style="p")
button(name="visual_126",label="untitled",x=777,y=466,translucency=75,show shadow=false,action="Active Event List (AEL)",url="",bidi="true",target="_self",filter="_Clear",filtertype="global",datasource="NBN_AGGV",flash="true",w=48,h=49,type="ellipse",arc diameter=20,legend=None,font="Dialog",size=11,font color="black",style="p")
button(name="visual_125",label="untitled",x=792,y=429,translucency=75,show shadow=false,action="Active Event List (AEL)",url="",bidi="true",target="_self",filter="_Clear",filtertype="global",datasource="NBN_AGGV",flash="true",w=48,h=49,type="ellipse",arc diameter=20,legend=None,font="Dialog",size=11,font color="black",style="p")
button(name="visual_124",label="untitled",x=798,y=389,translucency=75,show shadow=false,action="Active Event List (AEL)",url="",bidi="true",target="_self",filter="_Clear",filtertype="global",datasource="NBN_AGGV",flash="true",w=48,h=49,type="ellipse",arc diameter=20,legend=None,font="Dialog",size=11,font color="black",style="p")
button(name="visual_123",label="untitled",x=796,y=349,translucency=75,show shadow=false,action="Active Event List (AEL)",url="",bidi="true",target="_self",filter="_Clear",filtertype="global",datasource="NBN_AGGV",flash="true",w=48,h=49,type="ellipse",arc diameter=20,legend=None,font="Dialog",size=11,font color="black",style="p")
button(name="visual_122",label="untitled",x=800,y=312,translucency=75,show shadow=false,action="Active Event List (AEL)",url="",bidi="true",target="_self",filter="_Clear",filtertype="global",datasource="NBN_AGGV",flash="true",w=48,h=49,type="ellipse",arc diameter=20,legend=None,font="Dialog",size=11,font color="black",style="p")
button(name="visual_121",label="untitled",x=772,y=288,translucency=75,show shadow=false,action="Active Event List (AEL)",url="",bidi="true",target="_self",filter="_Clear",filtertype="global",datasource="NBN_AGGV",flash="true",w=48,h=49,type="ellipse",arc diameter=20,legend=None,font="Dialog",size=11,font color="black",style="p")
button(name="visual_120",label="untitled",x=757,y=259,translucency=75,show shadow=false,action="Active Event List (AEL)",url="",bidi="true",target="_self",filter="_Clear",filtertype="global",datasource="NBN_AGGV",flash="true",w=48,h=49,type="ellipse",arc diameter=20,legend=None,font="Dialog",size=11,font color="black",style="p")
button(name="visual_119",label="untitled",x=734,y=232,translucency=75,show shadow=false,action="Active Event List (AEL)",url="",bidi="true",target="_self",filter="_Clear",filtertype="global",datasource="NBN_AGGV",flash="true",w=48,h=49,type="ellipse",arc diameter=20,legend=None,font="Dialog",size=11,font color="black",style="p")
button(name="visual_118",label="untitled",x=703,y=207,translucency=75,show shadow=false,action="Active Event List (AEL)",url="",bidi="true",target="_self",filter="_Clear",filtertype="global",datasource="NBN_AGGV",flash="true",w=48,h=49,type="ellipse",arc diameter=20,legend=None,font="Dialog",size=11,font color="black",style="p")
button(name="visual_51",label="untitled",x=541,y=362,translucency=75,show shadow=false,action="Active Event List (AEL)",url="",bidi="true",target="_self",filter="_Clear",filtertype="global",datasource="NBN_AGGV",flash="true",w=116,h=111,type="ellipse",arc diameter=20,legend=None,font="Dialog",size=11,font color="black",style="p")
button(name="visual_50",label="untitled",x=439,y=374,translucency=75,show shadow=false,action="Active Event List (AEL)",url="",bidi="true",target="_self",filter="_Clear",filtertype="global",datasource="NBN_AGGV",flash="true",w=116,h=111,type="ellipse",arc diameter=20,legend=None,font="Dialog",size=11,font color="black",style="p")
button(name="visual_49",label="untitled",x=362,y=408,translucency=75,show shadow=false,action="Active Event List (AEL)",url="",bidi="true",target="_self",filter="_Major",filtertype="global",datasource="NBN_AGGV",flash="true",w=116,h=111,type="ellipse",arc diameter=20,legend=None,font="Dialog",size=11,font color="black",style="p")
button(name="visual_48",label="untitled",x=258,y=445,translucency=75,show shadow=false,action="Active Event List (AEL)",url="",bidi="true",target="_self",filter="_Clear",filtertype="global",datasource="NBN_AGGV",flash="true",w=116,h=111,type="ellipse",arc diameter=20,legend=None,font="Dialog",size=11,font color="black",style="p")
button(name="visual_47",label="untitled",x=151,y=439,translucency=75,show shadow=false,action="Active Event List (AEL)",url="",bidi="true",target="_self",filter="_Clear",filtertype="global",datasource="NBN_AGGV",flash="true",w=116,h=111,type="ellipse",arc diameter=20,legend=None,font="Dialog",size=11,font color="black",style="p")
button(name="visual_46",label="untitled",x=568,y=278,translucency=75,show shadow=false,action="Active Event List (AEL)",url="",bidi="true",target="_self",filter="_Clear",filtertype="global",datasource="NBN_AGGV",flash="true",w=116,h=111,type="ellipse",arc diameter=20,legend=None,font="Dialog",size=11,font color="black",style="p")
button(name="visual_45",label="untitled",x=471,y=288,translucency=75,show shadow=false,action="Active Event List (AEL)",url="",bidi="true",target="_self",filter="_Clear",filtertype="global",datasource="NBN_AGGV",flash="true",w=116,h=111,type="ellipse",arc diameter=20,legend=None,font="Dialog",size=11,font color="black",style="p")
button(name="visual_44",label="untitled",x=373,y=300,translucency=75,show shadow=false,action="Active Event List (AEL)",url="",bidi="true",target="_self",filter="_Clear",filtertype="global",datasource="NBN_AGGV",flash="true",w=116,h=111,type="ellipse",arc diameter=20,legend=None,font="Dialog",size=11,font color="black",style="p")
button(name="visual_43",label="untitled",x=311,y=365,translucency=75,show shadow=false,action="Active Event List (AEL)",url="",bidi="true",target="_self",filter="_Clear",filtertype="global",datasource="NBN_AGGV",flash="true",w=116,h=111,type="ellipse",arc diameter=20,legend=None,font="Dialog",size=11,font color="black",style="p")
button(name="visual_42",label="untitled",x=209,y=371,translucency=75,show shadow=false,action="Active Event List (AEL)",url="",bidi="true",target="_self",filter="_Clear",filtertype="global",datasource="NBN_AGGV",flash="true",w=116,h=111,type="ellipse",arc diameter=20,legend=None,font="Dialog",size=11,font color="black",style="p")
button(name="visual_41",label="untitled",x=267,y=286,translucency=75,show shadow=false,action="Active Event List (AEL)",url="",bidi="true",target="_self",filter="_Clear",filtertype="global",datasource="NBN_AGGV",flash="true",w=116,h=111,type="ellipse",arc diameter=20,legend=None,font="Dialog",size=11,font color="black",style="p")
button(name="visual_40",label="untitled",x=316,y=228,translucency=75,show shadow=false,action="Active Event List (AEL)",url="",bidi="true",target="_self",filter="_Clear",filtertype="global",datasource="NBN_AGGV",flash="true",w=116,h=111,type="ellipse",arc diameter=20,legend=None,font="Dialog",size=11,font color="black",style="p")
button(name="visual_39",label="untitled",x=413,y=209,translucency=75,show shadow=false,action="Active Event List (AEL)",url="",bidi="true",target="_self",filter="_Clear",filtertype="global",datasource="NBN_AGGV",flash="true",w=116,h=111,type="ellipse",arc diameter=20,legend=None,font="Dialog",size=11,font color="black",style="p")
button(name="visual_38",label="untitled",x=508,y=196,translucency=75,show shadow=false,action="Active Event List (AEL)",url="",bidi="true",target="_self",filter="_Clear",filtertype="global",datasource="NBN_AGGV",flash="true",w=116,h=111,type="ellipse",arc diameter=20,legend=None,font="Dialog",size=11,font color="black",style="p")
button(name="visual_37",label="untitled",x=604,y=191,translucency=75,show shadow=false,action="Active Event List (AEL)",url="",bidi="true",target="_self",filter="_Clear",filtertype="global",datasource="NBN_AGGV",flash="true",w=116,h=111,type="ellipse",arc diameter=20,legend=None,font="Dialog",size=11,font color="black",style="p")
button(name="visual_35",label="untitled",x=653,y=104,translucency=75,show shadow=false,action="Active Event List (AEL)",url="",bidi="true",target="_self",filter="_Clear",filtertype="global",datasource="NBN_AGGV",flash="true",w=116,h=111,type="ellipse",arc diameter=20,legend=None,font="Dialog",size=11,font color="black",style="p")
button(name="visual_17",label="untitled",x=555,y=103,translucency=75,show shadow=false,action="Active Event List (AEL)",url="",bidi="true",target="_self",filter="_Clear",filtertype="global",datasource="NBN_AGGV",flash="true",w=116,h=111,type="ellipse",arc diameter=20,legend=None,font="Dialog",size=11,font color="black",style="p")
button(name="visual_16",label="untitled",x=460,y=121,translucency=75,show shadow=false,action="Active Event List (AEL)",url="",bidi="true",target="_self",filter="_Clear",filtertype="global",datasource="NBN_AGGV",flash="true",w=116,h=111,type="ellipse",arc diameter=20,legend=None,font="Dialog",size=11,font color="black",style="p")
button(name="visual_15",label="untitled",x=360,y=133,translucency=75,show shadow=false,action="Active Event List (AEL)",url="",bidi="true",target="_self",filter="_Clear",filtertype="global",datasource="NBN_AGGV",flash="true",w=116,h=111,type="ellipse",arc diameter=20,legend=None,font="Dialog",size=11,font color="black",style="p")
button(name="visual_14",label="untitled",x=89,y=331,translucency=75,show shadow=false,action="Active Event List (AEL)",url="",bidi="true",target="_self",filter="_Clear",filtertype="global",datasource="NBN_AGGV",flash="true",w=139,h=133,type="ellipse",arc diameter=20,legend=None,font="Dialog",size=11,font color="black",style="p")
button(name="visual_11",label="untitled",x=152,y=168,translucency=75,show shadow=false,action="Active Event List (AEL)",url="",bidi="true",target="_self",filter="_Clear",filtertype="global",datasource="NBN_AGGV",flash="true",w=116,h=111,type="ellipse",arc diameter=20,legend=None,font="Dialog",size=11,font color="black",style="p")
button(name="visual_10",label="untitled",x=246,y=141,translucency=75,show shadow=false,action="Active Event List (AEL)",url="",bidi="true",target="_self",filter="_Clear",filtertype="global",datasource="NBN_AGGV",flash="true",w=133,h=146,type="ellipse",arc diameter=20,legend=None,font="Dialog",size=11,font color="black",style="p")
button(name="visual_13",label="untitled",x=172,y=256,translucency=75,show shadow=false,action="Active Event List (AEL)",url="",bidi="true",target="_self",filter="_Clear",filtertype="global",datasource="NBN_AGGV",flash="true",w=135,h=134,type="ellipse",arc diameter=20,legend=None,font="Dialog",size=11,font color="black",style="p")
button(name="visual_12",label="untitled",x=78,y=239,translucency=75,show shadow=false,action="Open URL",url="$(SERVER)/Map/Beam001",bidi="true",target="_self",filter="_Clear",filtertype="global",datasource="NBN_AGGV",flash="true",w=116,h=111,type="ellipse",arc diameter=20,legend=None,font="Dialog",size=11,font color="black",style="p")
button(name="visual_9",label="untitled",x=308,y=56,translucency=75,show shadow=false,action="Active Event List (AEL)",url="",bidi="true",target="_self",filter="_Clear",filtertype="global",datasource="NBN_AGGV",flash="true",w=116,h=111,type="ellipse",arc diameter=20,legend=None,font="Dialog",size=11,font color="black",style="p")
button(name="visual_8",label="untitled",x=407,y=43,translucency=75,show shadow=false,action="Active Event List (AEL)",url="",bidi="true",target="_self",filter="_Clear",filtertype="global",datasource="NBN_AGGV",flash="true",w=116,h=111,type="ellipse",arc diameter=20,legend=None,font="Dialog",size=11,font color="black",style="p")
button(name="visual_7",label="untitled",x=499,y=27,translucency=75,show shadow=false,action="Active Event List (AEL)",url="",bidi="true",target="_self",filter="_Clear",filtertype="global",datasource="NBN_AGGV",flash="true",w=116,h=111,type="ellipse",arc diameter=20,legend=None,font="Dialog",size=11,font color="black",style="p")
button(name="visual_24",label="untitled",x=619,y=50,translucency=75,show shadow=false,action="Active Event List (AEL)",url="",bidi="true",target="_self",filter="_Clear",filtertype="global",datasource="NBN_AGGV",flash="true",w=33,h=35,type="ellipse",arc diameter=20,legend=None,font="Dialog",size=11,font color="black",style="p")
button(name="visual_23",label="untitled",x=985,y=521,translucency=75,show shadow=false,action="Active Event List (AEL)",url="",bidi="true",target="_self",filter="_Clear",filtertype="global",datasource="NBN_AGGV",flash="true",w=33,h=35,type="ellipse",arc diameter=20,legend=None,font="Dialog",size=11,font color="black",style="p")
button(name="visual_18",label="untitled",x=1093,y=531,translucency=75,show shadow=false,action="Active Event List (AEL)",url="",bidi="true",target="_self",filter="_Clear",filtertype="global",datasource="NBN_AGGV",flash="true",w=33,h=35,type="ellipse",arc diameter=20,legend=None,font="Dialog",size=11,font color="black",style="p")
button(name="visual_6",label="untitled",x=599,y=19,translucency=75,show shadow=false,action="Active Event List (AEL)",url="",bidi="true",target="_self",filter="_Clear",filtertype="global",datasource="NBN_AGGV",flash="true",w=116,h=111,type="ellipse",arc diameter=20,legend=None,font="Dialog",size=11,font color="black",style="p")
