map(name="GW_Only",bgImage="NBNCo_Main.png",bgColor="white",w=1356,h=835,numCols=4,acl="*")
button(name="visual_53",label="untitled",x=798,y=482,translucency=0,show shadow=false,action="Active Event List (AEL)",url="",bidi="true",target="_self",filter="_Clear",filtertype="global",datasource="NBN_AGGV",flash="true",w=13,h=13,type="ellipse",arc diameter=20,legend=None,font="Dialog",size=11,font color="black",style="p")
button(name="visual_52",label="untitled",x=768,y=482,translucency=0,show shadow=false,action="Active Event List (AEL)",url="",bidi="true",target="_self",filter="_Clear",filtertype="global",datasource="NBN_AGGV",flash="true",w=13,h=13,type="ellipse",arc diameter=20,legend=None,font="Dialog",size=11,font color="black",style="p")
button(name="visual_51",label="untitled",x=675,y=580,translucency=0,show shadow=false,action="Active Event List (AEL)",url="",bidi="true",target="_self",filter="_Clear",filtertype="global",datasource="NBN_AGGV",flash="true",w=13,h=13,type="ellipse",arc diameter=20,legend=None,font="Dialog",size=11,font color="black",style="p")
button(name="visual_47",label="untitled",x=650,y=580,translucency=0,show shadow=false,action="Active Event List (AEL)",url="",bidi="true",target="_self",filter="_Clear",filtertype="global",datasource="NBN_AGGV",flash="true",w=13,h=13,type="ellipse",arc diameter=20,legend=None,font="Dialog",size=11,font color="black",style="p")
text(name="visual_12",label="MEL",x=660,y=663,translucency=0,show shadow=false,action="Open URL",url="",bidi="true",target="_self",filter="",filtertype="",datasource="",flash="true",font="Dialog",size=11,justify="center",style="p",rotate="0",color="black")
button(name="visual_120",label="6CVE",x=644,y=633,translucency=0,show shadow=false,action="Open URL",url="",bidi="true",target="_self",filter="_Clear",filtertype="global",datasource="NBN_AGGV",flash="true",w=46,h=18,type="rectangle",arc diameter=20,legend=Count,font="Dialog",size=11,font color="black",style="p")
icon(name="visual_46",label="",x=664,y=594,translucency=0,show shadow=false,action="Active Event List (AEL)",url="/webtop/Map/NBNco_GW01",bidi="true",target="_blank",filter="",filtertype="",datasource="",flash="true",w=36,h=41,type="rectangle",arc diameter=20,legend=Count,font="Dialog",size=11,font color="black",style="p",image="RF_GW_small01.png",entity status indicator="Highlight Bar")
icon(name="visual_45",label="",x=640,y=594,translucency=0,show shadow=false,action="Active Event List (AEL)",url="/webtop/Map/NBNco_GW01",bidi="true",target="_blank",filter="",filtertype="",datasource="",flash="true",w=36,h=41,type="rectangle",arc diameter=20,legend=Count,font="Dialog",size=11,font color="black",style="p",image="RF_GW_small01.png",entity status indicator="Highlight Bar")
text(name="visual_11",label="SYD",x=783,y=569,translucency=0,show shadow=false,action="Open URL",url="",bidi="true",target="_self",filter="",filtertype="",datasource="",flash="true",font="Dialog",size=11,justify="center",style="p",rotate="0",color="black")
button(name="visual_119",label="6CVE",x=769,y=538,translucency=0,show shadow=false,action="Open URL",url="",bidi="true",target="_self",filter="_Clear",filtertype="global",datasource="NBN_AGGV",flash="true",w=46,h=18,type="rectangle",arc diameter=20,legend=Count,font="Dialog",size=11,font color="black",style="p")
icon(name="visual_14",label="",x=762,y=498,translucency=0,show shadow=false,action="Active Event List (AEL)",url="/webtop/Map/NBNco_GW01",bidi="true",target="_blank",filter="",filtertype="",datasource="",flash="true",w=36,h=41,type="rectangle",arc diameter=20,legend=Count,font="Dialog",size=11,font color="black",style="p",image="RF_GW_small01.png",entity status indicator="Highlight Bar")
icon(name="visual_13",label="",x=789,y=498,translucency=0,show shadow=false,action="Active Event List (AEL)",url="/webtop/Map/NBNco_GW01",bidi="true",target="_blank",filter="",filtertype="",datasource="",flash="true",w=36,h=41,type="rectangle",arc diameter=20,legend=Count,font="Dialog",size=11,font color="black",style="p",image="RF_GW_small01.png",entity status indicator="Highlight Bar")
button(name="visual_118",label="6CVE",x=684,y=731,translucency=0,show shadow=false,action="Open URL",url="",bidi="true",target="_self",filter="_Clear",filtertype="global",datasource="NBN_AGGV",flash="true",w=46,h=18,type="rectangle",arc diameter=20,legend=Count,font="Dialog",size=11,font color="black",style="p")
text(name="visual_117",label="6CVE",x=696,y=762,translucency=0,show shadow=false,action="Open URL",url="",bidi="true",target="_self",filter="",filtertype="",datasource="",flash="true",font="Dialog",size=11,justify="center",style="p",rotate="0",color="black")
button(name="visual_116",label="6CVE",x=724,y=610,translucency=0,show shadow=false,action="Open URL",url="",bidi="true",target="_self",filter="_Clear",filtertype="global",datasource="NBN_AGGV",flash="true",w=46,h=18,type="rectangle",arc diameter=20,legend=Count,font="Dialog",size=11,font color="black",style="p")
text(name="visual_115",label="2WLS",x=735,y=641,translucency=0,show shadow=false,action="Open URL",url="",bidi="true",target="_self",filter="",filtertype="",datasource="",flash="true",font="Dialog",size=11,justify="center",style="p",rotate="0",color="black")
button(name="visual_114",label="6CVE",x=730,y=396,translucency=0,show shadow=false,action="Open URL",url="",bidi="true",target="_self",filter="_Clear",filtertype="global",datasource="NBN_AGGV",flash="true",w=46,h=18,type="rectangle",arc diameter=20,legend=Count,font="Dialog",size=11,font color="black",style="p")
text(name="visual_113",label="4RMS",x=740,y=426,translucency=0,show shadow=false,action="Open URL",url="",bidi="true",target="_self",filter="",filtertype="",datasource="",flash="true",font="Dialog",size=11,justify="center",style="p",rotate="0",color="black")
button(name="visual_112",label="6CVE",x=661,y=463,translucency=0,show shadow=false,action="Open URL",url="$(SERVER)/Map/2BKS",bidi="true",target="_self",filter="_Clear",filtertype="global",datasource="NBN_AGGV",flash="true",w=46,h=18,type="rectangle",arc diameter=20,legend=Count,font="Dialog",size=11,font color="black",style="p")
text(name="visual_111",label="2BKS",x=674,y=493,translucency=0,show shadow=false,action="Open URL",url="",bidi="true",target="_self",filter="",filtertype="",datasource="",flash="true",font="Dialog",size=11,justify="center",style="p",rotate="0",color="black")
button(name="visual_110",label="6CVE",x=577,y=504,translucency=0,show shadow=false,action="Open URL",url="",bidi="true",target="_self",filter="_Clear",filtertype="global",datasource="NBN_AGGV",flash="true",w=46,h=18,type="rectangle",arc diameter=20,legend=Count,font="Dialog",size=11,font color="black",style="p")
text(name="visual_109",label="2BHS",x=586,y=535,translucency=0,show shadow=false,action="Open URL",url="",bidi="true",target="_self",filter="",filtertype="",datasource="",flash="true",font="Dialog",size=11,justify="center",style="p",rotate="0",color="black")
button(name="visual_108",label="6CVE",x=437,y=506,translucency=0,show shadow=false,action="Open URL",url="",bidi="true",target="_self",filter="_Clear",filtertype="global",datasource="NBN_AGGV",flash="true",w=46,h=18,type="rectangle",arc diameter=20,legend=Count,font="Dialog",size=11,font color="black",style="p")
text(name="visual_107",label="5CDS",x=448,y=538,translucency=0,show shadow=false,action="Open URL",url="",bidi="true",target="_self",filter="",filtertype="",datasource="",flash="true",font="Dialog",size=11,justify="center",style="p",rotate="0",color="black")
button(name="visual_106",label="6CVE",x=228,y=467,translucency=0,show shadow=false,action="Open URL",url="",bidi="true",target="_self",filter="_Clear",filtertype="global",datasource="NBN_AGGV",flash="true",w=46,h=18,type="rectangle",arc diameter=20,legend=Count,font="Dialog",size=11,font color="black",style="p")
text(name="visual_4",label="6KGS",x=238,y=498,translucency=0,show shadow=false,action="Open URL",url="",bidi="true",target="_self",filter="",filtertype="",datasource="",flash="true",font="Dialog",size=11,justify="center",style="p",rotate="0",color="black")
icon(name="visual_105",label="",x=253,y=428,translucency=0,show shadow=false,action="Open URL",url="",bidi="true",target="_self",filter="",filtertype="",datasource="",flash="true",w=36,h=41,type="rectangle",arc diameter=20,legend=Count,font="Dialog",size=11,font color="black",style="p",image="RF_GW_small01.png",entity status indicator="Highlight Bar")
icon(name="visual_24",label="",x=218,y=427,translucency=0,show shadow=false,action="Open URL",url="",bidi="true",target="_self",filter="",filtertype="",datasource="",flash="true",w=36,h=41,type="rectangle",arc diameter=20,legend=Count,font="Dialog",size=11,font color="black",style="p",image="RF_GW_small01.png",entity status indicator="Highlight Bar")
button(name="visual_104",label="6CVE",x=142,y=533,translucency=0,show shadow=false,action="Open URL",url="",bidi="true",target="_self",filter="_Clear",filtertype="global",datasource="NBN_AGGV",flash="true",w=46,h=18,type="rectangle",arc diameter=20,legend=Count,font="Dialog",size=11,font color="black",style="p")
text(name="visual_103",label="6WRS",x=152,y=566,translucency=0,show shadow=false,action="Open URL",url="",bidi="true",target="_self",filter="",filtertype="",datasource="",flash="true",font="Dialog",size=11,justify="center",style="p",rotate="0",color="black")
button(name="visual_102",label="6CVE",x=123,y=445,translucency=0,show shadow=false,action="Open URL",url="",bidi="true",target="_self",filter="_Clear",filtertype="global",datasource="NBN_AGGV",flash="true",w=46,h=18,type="rectangle",arc diameter=20,legend=Count,font="Dialog",size=11,font color="black",style="p")
text(name="visual_101",label="6GLS",x=135,y=475,translucency=0,show shadow=false,action="Open URL",url="",bidi="true",target="_self",filter="",filtertype="",datasource="",flash="true",font="Dialog",size=11,justify="center",style="p",rotate="0",color="black")
text(name="visual_100",label="6CVE",x=112,y=388,translucency=0,show shadow=false,action="Open URL",url="",bidi="true",target="_self",filter="",filtertype="",datasource="",flash="true",font="Dialog",size=11,justify="center",style="p",rotate="0",color="black")
button(name="visual_99",label="6CVE",x=102,y=356,translucency=0,show shadow=false,action="Open URL",url="",bidi="true",target="_self",filter="_Clear",filtertype="global",datasource="NBN_AGGV",flash="true",w=46,h=18,type="rectangle",arc diameter=20,legend=Count,font="Dialog",size=11,font color="black",style="p")
text(name="visual_98",label="Failed",x=56,y=162,translucency=0,show shadow=false,action="Open URL",url="",bidi="true",target="_self",filter="",filtertype="",datasource="",flash="true",font="Dialog",size=11,justify="center",style="p",rotate="0",color="black")
text(name="visual_97",label="Stand By",x=56,y=142,translucency=0,show shadow=false,action="Open URL",url="",bidi="true",target="_self",filter="",filtertype="",datasource="",flash="true",font="Dialog",size=11,justify="center",style="p",rotate="0",color="black")
text(name="visual_96",label="Active",x=56,y=121,translucency=0,show shadow=false,action="Open URL",url="",bidi="true",target="_self",filter="",filtertype="",datasource="",flash="true",font="Dialog",size=11,justify="center",style="p",rotate="0",color="black")
button(name="visual_95",label="untitled",x=38,y=150,translucency=0,show shadow=false,action="Active Event List (AEL)",url="",bidi="true",target="_self",filter="_Critical",filtertype="global",datasource="NBN_AGGV",flash="true",w=13,h=13,type="ellipse",arc diameter=20,legend=None,font="Dialog",size=11,font color="black",style="p")
button(name="visual_94",label="untitled",x=38,y=130,translucency=0,show shadow=false,action="Active Event List (AEL)",url="",bidi="true",target="_self",filter="_Minor",filtertype="global",datasource="NBN_AGGV",flash="true",w=13,h=13,type="ellipse",arc diameter=20,legend=None,font="Dialog",size=11,font color="black",style="p")
button(name="visual_93",label="untitled",x=39,y=109,translucency=0,show shadow=false,action="Active Event List (AEL)",url="",bidi="true",target="_self",filter="_Clear",filtertype="global",datasource="NBN_AGGV",flash="true",w=13,h=13,type="ellipse",arc diameter=20,legend=None,font="Dialog",size=11,font color="black",style="p")
line(name="visual_70",label="untitled",x=862,y=498,translucency=0,show shadow=false,action="Open URL",url="",bidi="true",target="_self",filter="",filtertype="",datasource="",flash="true",thickness=1,x2=862,y2=498)
line(name="visual_50",label="untitled",x=181,y=702,translucency=0,show shadow=false,action="Open URL",url="",bidi="true",target="_self",filter="",filtertype="",datasource="",flash="true",thickness=1,x2=181,y2=702)
line(name="visual_49",label="untitled",x=367,y=670,translucency=0,show shadow=false,action="Open URL",url="",bidi="true",target="_self",filter="",filtertype="",datasource="",flash="true",thickness=1,x2=371,y2=671)
line(name="visual_48",label="untitled",x=570,y=642,translucency=0,show shadow=false,action="Open URL",url="",bidi="true",target="_self",filter="",filtertype="",datasource="",flash="true",thickness=1,x2=570,y2=643)
button(name="visual_44",label="untitled",x=695,y=405,translucency=0,show shadow=false,action="Active Event List (AEL)",url="",bidi="true",target="_self",filter="Clear",filtertype="global",datasource="NBN_AGGV",flash="true",w=13,h=13,type="ellipse",arc diameter=20,legend=None,font="Dialog",size=11,font color="black",style="p")
button(name="visual_43",label="untitled",x=662,y=405,translucency=0,show shadow=false,action="Active Event List (AEL)",url="",bidi="true",target="_self",filter="_Clear",filtertype="global",datasource="NBN_AGGV",flash="true",w=13,h=13,type="ellipse",arc diameter=20,legend=None,font="Dialog",size=11,font color="black",style="p")
icon(name="visual_42",label="",x=685,y=422,translucency=0,show shadow=false,action="Open URL",url="$(SERVER)/Map/2BKS",bidi="true",target="_self",filter="",filtertype="",datasource="",flash="true",w=36,h=41,type="rectangle",arc diameter=20,legend=Count,font="Dialog",size=11,font color="black",style="p",image="RF_GW_small01.png",entity status indicator="Highlight Bar")
button(name="visual_41",label="untitled",x=731,y=341,translucency=0,show shadow=false,action="Active Event List (AEL)",url="",bidi="true",target="_self",filter="_Clear",filtertype="global",datasource="NBN_AGGV",flash="true",w=13,h=13,type="ellipse",arc diameter=20,legend=None,font="Dialog",size=11,font color="black",style="p")
button(name="visual_40",label="untitled",x=764,y=341,translucency=0,show shadow=false,action="Active Event List (AEL)",url="",bidi="true",target="_self",filter="Clear",filtertype="global",datasource="NBN_AGGV",flash="true",w=13,h=13,type="ellipse",arc diameter=20,legend=None,font="Dialog",size=11,font color="black",style="p")
icon(name="visual_39",label="",x=722,y=355,translucency=0,show shadow=false,action="Active Event List (AEL)",url="/webtop/Map/NBNco_GW01",bidi="true",target="_blank",filter="",filtertype="",datasource="",flash="true",w=36,h=41,type="rectangle",arc diameter=20,legend=Count,font="Dialog",size=11,font color="black",style="p",image="RF_GW_small01.png",entity status indicator="Highlight Bar")
button(name="visual_38",label="untitled",x=724,y=556,translucency=0,show shadow=false,action="Active Event List (AEL)",url="",bidi="true",target="_self",filter="_Minor",filtertype="global",datasource="NBN_AGGV",flash="true",w=13,h=13,type="ellipse",arc diameter=20,legend=None,font="Dialog",size=11,font color="black",style="p")
button(name="visual_37",label="untitled",x=752,y=556,translucency=0,show shadow=false,action="Active Event List (AEL)",url="",bidi="true",target="_self",filter="_Minor",filtertype="global",datasource="NBN_AGGV",flash="true",w=13,h=13,type="ellipse",arc diameter=20,legend=None,font="Dialog",size=11,font color="black",style="p")
icon(name="visual_36",label="",x=715,y=570,translucency=0,show shadow=false,action="Open URL",url="",bidi="true",target="_self",filter="",filtertype="",datasource="",flash="true",w=36,h=41,type="rectangle",arc diameter=20,legend=Count,font="Dialog",size=11,font color="black",style="p",image="RF_GW_small01.png",entity status indicator="Highlight Bar")
button(name="visual_35",label="untitled",x=679,y=677,translucency=0,show shadow=false,action="Active Event List (AEL)",url="",bidi="true",target="_self",filter="_Clear",filtertype="global",datasource="NBN_AGGV",flash="true",w=13,h=13,type="ellipse",arc diameter=20,legend=None,font="Dialog",size=11,font color="black",style="p")
button(name="visual_34",label="untitled",x=718,y=676,translucency=0,show shadow=false,action="Active Event List (AEL)",url="",bidi="true",target="_self",filter="Clear",filtertype="global",datasource="NBN_AGGV",flash="true",w=13,h=13,type="ellipse",arc diameter=20,legend=None,font="Dialog",size=11,font color="black",style="p")
icon(name="visual_33",label="",x=709,y=690,translucency=0,show shadow=false,action="Open URL",url="",bidi="true",target="_self",filter="",filtertype="",datasource="",flash="true",w=36,h=41,type="rectangle",arc diameter=20,legend=Count,font="Dialog",size=11,font color="black",style="p",image="RF_GW_small01.png",entity status indicator="Highlight Bar")
button(name="visual_32",label="untitled",x=611,y=448,translucency=0,show shadow=false,action="Active Event List (AEL)",url="",bidi="true",target="_self",filter="Clear",filtertype="global",datasource="NBN_AGGV",flash="true",w=13,h=13,type="ellipse",arc diameter=20,legend=None,font="Dialog",size=11,font color="black",style="p")
button(name="visual_31",label="untitled",x=578,y=447,translucency=0,show shadow=false,action="Active Event List (AEL)",url="",bidi="true",target="_self",filter="_Clear",filtertype="global",datasource="NBN_AGGV",flash="true",w=13,h=13,type="ellipse",arc diameter=20,legend=None,font="Dialog",size=11,font color="black",style="p")
icon(name="visual_30",label="",x=601,y=464,translucency=0,show shadow=false,action="Open URL",url="",bidi="true",target="_self",filter="",filtertype="",datasource="",flash="true",w=36,h=41,type="rectangle",arc diameter=20,legend=Count,font="Dialog",size=11,font color="black",style="p",image="RF_GW_small01.png",entity status indicator="Highlight Bar")
button(name="visual_29",label="untitled",x=437,y=449,translucency=0,show shadow=false,action="Active Event List (AEL)",url="",bidi="true",target="_self",filter="Clear",filtertype="global",datasource="NBN_AGGV",flash="true",w=13,h=13,type="ellipse",arc diameter=20,legend=None,font="Dialog",size=11,font color="black",style="p")
button(name="visual_28",label="untitled",x=471,y=448,translucency=0,show shadow=false,action="Active Event List (AEL)",url="",bidi="true",target="_self",filter="_Clear",filtertype="global",datasource="NBN_AGGV",flash="true",w=13,h=13,type="ellipse",arc diameter=20,legend=None,font="Dialog",size=11,font color="black",style="p")
icon(name="visual_27",label="",x=461,y=465,translucency=0,show shadow=false,action="Open URL",url="",bidi="true",target="_self",filter="",filtertype="",datasource="",flash="true",w=36,h=41,type="rectangle",arc diameter=20,legend=Count,font="Dialog",size=11,font color="black",style="p",image="RF_GW_small01.png",entity status indicator="Highlight Bar")
button(name="visual_26",label="untitled",x=229,y=416,translucency=0,show shadow=false,action="Active Event List (AEL)",url="",bidi="true",target="_self",filter="Clear",filtertype="global",datasource="NBN_AGGV",flash="true",w=13,h=13,type="ellipse",arc diameter=20,legend=None,font="Dialog",size=11,font color="black",style="p")
button(name="visual_25",label="untitled",x=262,y=416,translucency=0,show shadow=false,action="Active Event List (AEL)",url="",bidi="true",target="_self",filter="_Clear",filtertype="global",datasource="NBN_AGGV",flash="true",w=13,h=13,type="ellipse",arc diameter=20,legend=None,font="Dialog",size=11,font color="black",style="p")
button(name="visual_23",label="untitled",x=141,y=486,translucency=0,show shadow=false,action="Active Event List (AEL)",url="",bidi="true",target="_self",filter="_Clear",filtertype="global",datasource="NBN_AGGV",flash="true",w=13,h=13,type="ellipse",arc diameter=20,legend=None,font="Dialog",size=11,font color="black",style="p")
button(name="visual_22",label="untitled",x=176,y=485,translucency=0,show shadow=false,action="Active Event List (AEL)",url="",bidi="true",target="_self",filter="Clear",filtertype="global",datasource="NBN_AGGV",flash="true",w=13,h=13,type="ellipse",arc diameter=20,legend=None,font="Dialog",size=11,font color="black",style="p")
icon(name="visual_21",label="",x=165,y=494,translucency=0,show shadow=false,action="Open URL",url="",bidi="true",target="_self",filter="",filtertype="",datasource="",flash="true",w=36,h=41,type="rectangle",arc diameter=20,legend=Count,font="Dialog",size=11,font color="black",style="p",image="RF_GW_small01.png",entity status indicator="Highlight Bar")
button(name="visual_20",label="untitled",x=126,y=394,translucency=0,show shadow=false,action="Active Event List (AEL)",url="",bidi="true",target="_self",filter="Clear",filtertype="global",datasource="NBN_AGGV",flash="true",w=13,h=13,type="ellipse",arc diameter=20,legend=None,font="Dialog",size=11,font color="black",style="p")
button(name="visual_19",label="untitled",x=160,y=393,translucency=0,show shadow=false,action="Active Event List (AEL)",url="",bidi="true",target="_self",filter="_Clear",filtertype="global",datasource="NBN_AGGV",flash="true",w=13,h=13,type="ellipse",arc diameter=20,legend=None,font="Dialog",size=11,font color="black",style="p")
icon(name="visual_18",label="",x=146,y=405,translucency=0,show shadow=false,action="Open URL",url="",bidi="true",target="_self",filter="",filtertype="",datasource="",flash="true",w=36,h=41,type="rectangle",arc diameter=20,legend=Count,font="Dialog",size=11,font color="black",style="p",image="RF_GW_small01.png",entity status indicator="Highlight Bar")
button(name="visual_17",label="untitled",x=103,y=302,translucency=0,show shadow=false,action="Active Event List (AEL)",url="",bidi="true",target="_self",filter="Clear",filtertype="global",datasource="NBN_AGGV",flash="true",w=13,h=13,type="ellipse",arc diameter=20,legend=None,font="Dialog",size=11,font color="black",style="p")
button(name="visual_16",label="untitled",x=135,y=302,translucency=0,show shadow=false,action="Active Event List (AEL)",url="",bidi="true",target="_self",filter="_Clear",filtertype="global",datasource="NBN_AGGV",flash="true",w=13,h=13,type="ellipse",arc diameter=20,legend=None,font="Dialog",size=11,font color="black",style="p")
icon(name="visual_15",label="",x=123,y=314,translucency=0,show shadow=false,action="Open URL",url="$(SERVER)/Map/NBNco_GW01",bidi="true",target="_blank",filter="",filtertype="",datasource="",flash="true",w=36,h=41,type="rectangle",arc diameter=20,legend=Count,font="Dialog",size=11,font color="black",style="p",image="RF_GW_small01.png",entity status indicator="Highlight Bar")
icon(name="visual_10",label="",x=669,y=690,translucency=0,show shadow=false,action="Open URL",url="",bidi="true",target="_self",filter="",filtertype="",datasource="",flash="true",w=36,h=41,type="rectangle",arc diameter=20,legend=Count,font="Dialog",size=11,font color="black",style="p",image="RF_GW_small01.png",entity status indicator="Highlight Bar")
icon(name="visual_9",label="",x=746,y=570,translucency=0,show shadow=false,action="Open URL",url="",bidi="true",target="_self",filter="",filtertype="",datasource="",flash="true",w=36,h=41,type="rectangle",arc diameter=20,legend=Count,font="Dialog",size=11,font color="black",style="p",image="RF_GW_small01.png",entity status indicator="Highlight Bar")
icon(name="visual_8",label="",x=754,y=355,translucency=0,show shadow=false,action="Active Event List (AEL)",url="/webtop/Map/NBNco_GW01",bidi="true",target="_blank",filter="",filtertype="",datasource="",flash="true",w=36,h=41,type="rectangle",arc diameter=20,legend=Count,font="Dialog",size=11,font color="black",style="p",image="RF_GW_small01.png",entity status indicator="Highlight Bar")
icon(name="visual_7",label="",x=653,y=422,translucency=0,show shadow=false,action="Open URL",url="$(SERVER)/Map/2BKS",bidi="true",target="_self",filter="",filtertype="",datasource="",flash="true",w=36,h=41,type="rectangle",arc diameter=20,legend=Count,font="Dialog",size=11,font color="black",style="p",image="RF_GW_small01.png",entity status indicator="Highlight Bar")
icon(name="visual_6",label="",x=568,y=464,translucency=0,show shadow=false,action="Open URL",url="",bidi="true",target="_self",filter="",filtertype="",datasource="",flash="true",w=36,h=41,type="rectangle",arc diameter=20,legend=Count,font="Dialog",size=11,font color="black",style="p",image="RF_GW_small01.png",entity status indicator="Highlight Bar")
icon(name="visual_5",label="",x=428,y=465,translucency=0,show shadow=false,action="Open URL",url="",bidi="true",target="_self",filter="",filtertype="",datasource="",flash="true",w=36,h=41,type="rectangle",arc diameter=20,legend=Count,font="Dialog",size=11,font color="black",style="p",image="RF_GW_small01.png",entity status indicator="Highlight Bar")
icon(name="visual_3",label="",x=132,y=494,translucency=0,show shadow=false,action="Open URL",url="",bidi="true",target="_self",filter="",filtertype="",datasource="",flash="true",w=36,h=41,type="rectangle",arc diameter=20,legend=Count,font="Dialog",size=11,font color="black",style="p",image="RF_GW_small01.png",entity status indicator="Highlight Bar")
icon(name="visual_2",label="",x=115,y=405,translucency=0,show shadow=false,action="Open URL",url="",bidi="true",target="_self",filter="",filtertype="",datasource="",flash="true",w=36,h=41,type="rectangle",arc diameter=20,legend=Count,font="Dialog",size=11,font color="black",style="p",image="RF_GW_small01.png",entity status indicator="Highlight Bar")
icon(name="visual_1",label="",x=93,y=314,translucency=0,show shadow=false,action="Open URL",url="$(SERVER)/Map/NBNco_GW01",bidi="true",target="_blank",filter="",filtertype="",datasource="",flash="true",w=36,h=41,type="rectangle",arc diameter=20,legend=Count,font="Dialog",size=11,font color="black",style="p",image="RF_GW_small01.png",entity status indicator="Highlight Bar")
