map(name="MEL_TPEP_TPEP40",bgColor="#99ccff",w=768,h=256,numCols=0,acl="*")
text(name="Title",label="Melbourne TPEP40 Configuration",x=13,y=31,translucency=0,show shadow=false,action="Open URL",url="",bidi="true",target="_self",filter="",filtertype="",datasource="",flash="true",font="Dialog",size=20,justify="center",style="",rotate="0",color="black")
icon(name="Server_Platform",label="Server Platform Profile Configuration",x=471,y=173,translucency=0,show shadow=false,action="Open URL",url="https://nmsweb/webserver/jsp/tpep/tpep_server_platform_profile_config?platformGid=d02-accel40",bidi="true",target="_self",filter="",filtertype="",datasource="",flash="true",w=193,h=52,type="rectangle",arc diameter=20,legend=None,font="Dialog",size=11,font color="black",style="p",image="rack_server.png",entity status indicator="Glow Background")
icon(name="Server_Bypass",label="Server Bypass Profile Configuration",x=269,y=173,translucency=0,show shadow=false,action="Open URL",url="https://nmsweb/webserver/jsp/tpep/tpep_server_bypass_profile_config?bypassGid=d02-accel40",bidi="true",target="_self",filter="",filtertype="",datasource="",flash="true",w=185,h=52,type="rectangle",arc diameter=20,legend=None,font="Dialog",size=11,font color="black",style="p",image="rack_server.png",entity status indicator="Glow Background")
icon(name="Server_AVC",label="Server AVC Profile Configuration",x=79,y=172,translucency=0,show shadow=false,action="Open URL",url="https://nmsweb/webserver/jsp/tpep/tpep_server_avc_profile_config?avcGid=d02-accel40",bidi="true",target="_self",filter="",filtertype="",datasource="",flash="true",w=163,h=52,type="rectangle",arc diameter=20,legend=None,font="Dialog",size=11,font color="black",style="p",image="rack_server.png",entity status indicator="Glow Background")
icon(name="Client_Platform",label="Client Platform Profile Configuration",x=478,y=72,translucency=0,show shadow=false,action="Open URL",url="https://nmsweb/webserver/jsp/tpep/tpep_client_platform_profile_config?platformGid=d02-accel40",bidi="true",target="_self",filter="",filtertype="",datasource="",flash="true",w=175,h=52,type="rectangle",arc diameter=20,legend=None,font="Dialog",size=11,font color="black",style="p",image="rack_server.png",entity status indicator="Glow Background")
icon(name="Client_AVC",label="Client AVC Profile Configuration",x=79,y=71,translucency=0,show shadow=false,action="Open URL",url="https://nmsweb/webserver/jsp/tpep/tpep_client_avc_profile_config?avcGid=do1-accel40",bidi="true",target="_self",filter="",filtertype="",datasource="",flash="true",w=163,h=52,type="rectangle",arc diameter=20,legend=None,font="Dialog",size=11,font color="black",style="p",image="rack_server.png",entity status indicator="Glow Background")
