map(name="NBN_SatMap",bgImage="NBNCo_Main.png",bgColor="white",w=1356,h=835,numCols=0,acl="*")
button(name="Beam_1A_73",label="73",x=888,y=695,translucency=75,show shadow=false,action="Active Event List (AEL)",url="",bidi="true",target="_self",filter="Beam_1A_73",filtertype="global",datasource="NBN_AGGV",flash="true",w=33,h=35,type="ellipse",arc diameter=20,legend=None,font="Dialog",size=11,font color="black",style="p")
text(name="Text_1",label="Western Island",x=21,y=183,translucency=0,show shadow=false,action="Open URL",url="",bidi="true",target="_self",filter="",filtertype="",datasource="",flash="true",font="Dialog",size=11,justify="center",style="p",rotate="0",color="black")
text(name="Text_2",label="South Island",x=873,y=657,translucency=0,show shadow=false,action="Open URL",url="",bidi="true",target="_self",filter="",filtertype="",datasource="",flash="true",font="Dialog",size=11,justify="center",style="p",rotate="0",color="black")
line(name="Line_5",label="untitled",x=987,y=772,translucency=0,show shadow=false,color="black",thickness=3,x2=831,y2=772)
line(name="Line_6",label="untitled",x=987,y=662,translucency=0,show shadow=false,color="black",thickness=3,x2=987,y2=772)
line(name="Line_3",label="untitled",x=987,y=664,translucency=0,show shadow=false,color="black",thickness=3,x2=831,y2=664)
line(name="Line_4",label="untitled",x=834,y=662,translucency=0,show shadow=false,color="black",thickness=3,x2=834,y2=772)
line(name="Line_1",label="untitled",x=230,y=0,translucency=0,show shadow=false,color="black",thickness=3,x2=230,y2=164)
line(name="Line_2",label="untitled",x=1,y=163,translucency=0,show shadow=false,color="black",thickness=3,x2=229,y2=163)
button(name="Beam_1A_14",label="14",x=765,y=297,translucency=75,show shadow=false,action="Active Event List (AEL)",url="",bidi="true",target="_self",filter="Beam_1A_14",filtertype="global",datasource="NBN_AGGV",flash="true",w=55,h=66,type="ellipse",arc diameter=20,legend=None,font="Dialog",size=11,font color="black",style="p")
button(name="Beam_1A_71",label="71",x=29,y=93,translucency=75,show shadow=false,action="Active Event List (AEL)",url="",bidi="true",target="_self",filter="Beam_1A_71",filtertype="global",datasource="NBN_AGGV",flash="true",w=57,h=56,type="ellipse",arc diameter=20,legend=None,font="Dialog",size=11,font color="black",style="p")
button(name="Beam_1A_24",label="24",x=808,y=392,translucency=75,show shadow=false,action="Active Event List (AEL)",url="",bidi="true",target="_self",filter="Beam_1A_24",filtertype="global",datasource="NBN_AGGV",flash="true",w=55,h=66,type="ellipse",arc diameter=20,legend=None,font="Dialog",size=11,font color="black",style="p")
button(name="Beam_1A_55",label="55",x=706,y=662,translucency=75,show shadow=false,action="Active Event List (AEL)",url="",bidi="true",target="_self",filter="Beam_1A_55",filtertype="global",datasource="NBN_AGGV",flash="true",w=55,h=66,type="ellipse",arc diameter=20,legend=None,font="Dialog",size=11,font color="black",style="p")
button(name="Beam_1A_61",label="61",x=82,y=385,translucency=75,show shadow=false,action="Active Event List (AEL)",url="",bidi="true",target="_self",filter="Beam_1A_61",filtertype="global",datasource="NBN_AGGV",flash="true",w=55,h=66,type="ellipse",arc diameter=20,legend=None,font="Dialog",size=11,font color="black",style="p")
button(name="Beam_1A_52",label="52",x=683,y=620,translucency=75,show shadow=false,action="Active Event List (AEL)",url="",bidi="true",target="_self",filter="Beam_1A_52",filtertype="global",datasource="NBN_AGGV",flash="true",w=55,h=66,type="ellipse",arc diameter=20,legend=None,font="Dialog",size=11,font color="black",style="p")
button(name="Beam_1A_3",label="3",x=740,y=162,translucency=75,show shadow=false,action="Active Event List (AEL)",url="",bidi="true",target="_self",filter="Beam_1A_3",filtertype="global",datasource="NBN_AGGV",flash="true",w=55,h=66,type="ellipse",arc diameter=20,legend=None,font="Dialog",size=11,font color="black",style="p")
button(name="Beam_1A_26",label="26",x=693,y=436,translucency=75,show shadow=false,action="Active Event List (AEL)",url="",bidi="true",target="_self",filter="Beam_1A_26",filtertype="global",datasource="NBN_AGGV",flash="true",w=55,h=66,type="ellipse",arc diameter=20,legend=None,font="Dialog",size=11,font color="black",style="p")
button(name="Beam_1A_70",label="70",x=224,y=509,translucency=75,show shadow=false,action="Active Event List (AEL)",url="",bidi="true",target="_self",filter="Beam_1A_70",filtertype="global",datasource="NBN_AGGV",flash="true",w=55,h=66,type="ellipse",arc diameter=20,legend=None,font="Dialog",size=11,font color="black",style="p")
button(name="Beam_1A_58",label="58",x=423,y=96,translucency=75,show shadow=false,action="Active Event List (AEL)",url="",bidi="true",target="_self",filter="Beam_1A_58",filtertype="global",datasource="NBN_AGGV",flash="true",w=55,h=66,type="ellipse",arc diameter=20,legend=None,font="Dialog",size=11,font color="black",style="p")
button(name="Beam_1A_60",label="60",x=149,y=334,translucency=75,show shadow=false,action="Active Event List (AEL)",url="",bidi="true",target="_self",filter="Beam_1A_60",filtertype="global",datasource="NBN_AGGV",flash="true",w=55,h=66,type="ellipse",arc diameter=20,legend=None,font="Dialog",size=11,font color="black",style="p")
button(name="Beam_1A_48",label="48",x=708,y=574,translucency=75,show shadow=false,action="Active Event List (AEL)",url="",bidi="true",target="_self",filter="Beam_1A_48",filtertype="global",datasource="NBN_AGGV",flash="true",w=55,h=66,type="ellipse",arc diameter=20,legend=None,font="Dialog",size=11,font color="black",style="p")
button(name="Beam_1A_33",label="33",x=759,y=482,translucency=75,show shadow=false,action="Active Event List (AEL)",url="",bidi="true",target="_self",filter="Beam_1A_33",filtertype="global",datasource="NBN_AGGV",flash="true",w=55,h=66,type="ellipse",arc diameter=20,legend=None,font="Dialog",size=11,font color="black",style="p")
button(name="Beam_1A_88",label="88",x=286,y=233,translucency=75,show shadow=false,action="Active Event List (AEL)",url="",bidi="true",target="_self",filter="Beam_1A_88",filtertype="global",datasource="NBN_AGGV",flash="true",w=135,h=139,type="ellipse",arc diameter=20,legend=None,font="Dialog",size=11,font color="black",style="p")
button(name="Beam_1A_91",label="91",x=620,y=236,translucency=75,show shadow=false,action="Active Event List (AEL)",url="",bidi="true",target="_self",filter="Beam_1A_91",filtertype="global",datasource="NBN_AGGV",flash="true",w=135,h=139,type="ellipse",arc diameter=20,legend=None,font="Dialog",size=11,font color="black",style="p")
button(name="Beam_1A_97",label="97",x=169,y=442,translucency=75,show shadow=false,action="Active Event List (AEL)",url="",bidi="true",target="_self",filter="Beam_1A_97",filtertype="global",datasource="NBN_AGGV",flash="true",w=135,h=139,type="ellipse",arc diameter=20,legend=None,font="Dialog",size=11,font color="black",style="p")
button(name="Beam_1A_82",label="82",x=334,y=129,translucency=75,show shadow=false,action="Open URL",url="https://nmstip01:16311/ibm/console/webtop/shack/street.html",bidi="true",target="_self",filter="Beam_1A_82",filtertype="global",datasource="NBN_AGGV",flash="true",w=135,h=139,type="ellipse",arc diameter=20,legend=None,font="Dialog",size=11,font color="black",style="p")
button(name="Beam_1A_87",label="87",x=186,y=246,translucency=75,show shadow=false,action="Active Event List (AEL)",url="",bidi="true",target="_self",filter="Beam_1A_87",filtertype="global",datasource="NBN_AGGV",flash="true",w=135,h=139,type="ellipse",arc diameter=20,legend=None,font="Dialog",size=11,font color="black",style="p")
button(name="Beam_1A_95",label="95",x=447,y=347,translucency=75,show shadow=false,action="Active Event List (AEL)",url="",bidi="true",target="_self",filter="Beam_1A_95",filtertype="global",datasource="NBN_AGGV",flash="true",w=135,h=139,type="ellipse",arc diameter=20,legend=None,font="Dialog",size=11,font color="black",style="p")
button(name="Beam_1A_22",label="22",x=717,y=391,translucency=75,show shadow=false,action="Active Event List (AEL)",url="",bidi="true",target="_self",filter="Beam_1A_22",filtertype="global",datasource="NBN_AGGV",flash="true",w=55,h=66,type="ellipse",arc diameter=20,legend=None,font="Dialog",size=11,font color="black",style="p")
button(name="Beam_1A_4",label="4",x=622,y=207,translucency=75,show shadow=false,action="Active Event List (AEL)",url="",bidi="true",target="_self",filter="Beam_1A_4",filtertype="global",datasource="NBN_AGGV",flash="true",w=55,h=66,type="ellipse",arc diameter=20,legend=None,font="Dialog",size=11,font color="black",style="p")
button(name="Beam_1A_54",label="54",x=660,y=667,translucency=75,show shadow=false,action="Active Event List (AEL)",url="",bidi="true",target="_self",filter="Beam_1A_54",filtertype="global",datasource="NBN_AGGV",flash="true",w=55,h=66,type="ellipse",arc diameter=20,legend=None,font="Dialog",size=11,font color="black",style="p")
button(name="Beam_1A_44",label="44",x=538,y=567,translucency=75,show shadow=false,action="Active Event List (AEL)",url="",bidi="true",target="_self",filter="Beam_1A_44",filtertype="global",datasource="NBN_AGGV",flash="true",w=55,h=66,type="ellipse",arc diameter=20,legend=None,font="Dialog",size=11,font color="black",style="p")
button(name="Beam_1A_30",label="30",x=440,y=478,translucency=75,show shadow=false,action="Active Event List (AEL)",url="",bidi="true",target="_self",filter="Beam_1A_30",filtertype="global",datasource="NBN_AGGV",flash="true",w=55,h=66,type="ellipse",arc diameter=20,legend=None,font="Dialog",size=11,font color="black",style="p")
button(name="Beam_1A_37",label="37",x=561,y=523,translucency=75,show shadow=false,action="Active Event List (AEL)",url="",bidi="true",target="_self",filter="Beam_1A_37",filtertype="global",datasource="NBN_AGGV",flash="true",w=55,h=66,type="ellipse",arc diameter=20,legend=None,font="Dialog",size=11,font color="black",style="p")
button(name="Beam_1A_63",label="63",x=104,y=431,translucency=75,show shadow=false,action="Active Event List (AEL)",url="",bidi="true",target="_self",filter="Beam_1A_63",filtertype="global",datasource="NBN_AGGV",flash="true",w=55,h=66,type="ellipse",arc diameter=20,legend=None,font="Dialog",size=11,font color="black",style="p")
button(name="Beam_1A_9",label="9",x=695,y=250,translucency=75,show shadow=false,action="Active Event List (AEL)",url="",bidi="true",target="_self",filter="Beam_1A_9",filtertype="global",datasource="NBN_AGGV",flash="true",w=55,h=66,type="ellipse",arc diameter=20,legend=None,font="Dialog",size=11,font color="black",style="p")
button(name="Beam_1A_35",label="35",x=473,y=516,translucency=75,show shadow=false,action="Active Event List (AEL)",url="",bidi="true",target="_self",filter="Beam_1A_35",filtertype="global",datasource="NBN_AGGV",flash="true",w=55,h=66,type="ellipse",arc diameter=20,legend=None,font="Dialog",size=11,font color="black",style="p")
button(name="Beam_1A_57",label="57",x=606,y=46,translucency=75,show shadow=false,action="Active Event List (AEL)",url="",bidi="true",target="_self",filter="Beam_1A_57",filtertype="global",datasource="NBN_AGGV",flash="true",w=55,h=66,type="ellipse",arc diameter=20,legend=None,font="Dialog",size=11,font color="black",style="p")
button(name="Beam_1A_29",label="29",x=824,y=447,translucency=75,show shadow=false,action="Active Event List (AEL)",url="",bidi="true",target="_self",filter="Beam_1A_29",filtertype="global",datasource="NBN_AGGV",flash="true",w=55,h=66,type="ellipse",arc diameter=20,legend=None,font="Dialog",size=11,font color="black",style="p")
button(name="Beam_1A_65",label="65",x=214,y=416,translucency=75,show shadow=false,action="Active Event List (AEL)",url="",bidi="true",target="_self",filter="Beam_1A_65",filtertype="global",datasource="NBN_AGGV",flash="true",w=55,h=66,type="ellipse",arc diameter=20,legend=None,font="Dialog",size=11,font color="black",style="p")
button(name="Beam_1A_18",label="18",x=740,y=344,translucency=75,show shadow=false,action="Active Event List (AEL)",url="",bidi="true",target="_self",filter="Beam_1A_18",filtertype="global",datasource="NBN_AGGV",flash="true",w=55,h=66,type="ellipse",arc diameter=20,legend=None,font="Dialog",size=11,font color="black",style="p")
button(name="Beam_1A_81",label="81",x=218,y=126,translucency=75,show shadow=false,action="Active Event List (AEL)",url="",bidi="true",target="_self",filter="Beam_1A_81",filtertype="global",datasource="NBN_AGGV",flash="true",w=135,h=139,type="ellipse",arc diameter=20,legend=None,font="Dialog",size=11,font color="black",style="p")
button(name="Beam_1A_93",label="93",x=237,y=351,translucency=75,show shadow=false,action="Active Event List (AEL)",url="",bidi="true",target="_self",filter="Beam_1A_93",filtertype="global",datasource="NBN_AGGV",flash="true",w=135,h=139,type="ellipse",arc diameter=20,legend=None,font="Dialog",size=11,font color="black",style="p")
button(name="Beam_1A_83",label="83",x=439,y=134,translucency=75,show shadow=false,action="Active Event List (AEL)",url="",bidi="true",target="_self",filter="Beam_1A_83",filtertype="global",datasource="NBN_AGGV",flash="true",w=135,h=139,type="ellipse",arc diameter=20,legend=None,font="Dialog",size=11,font color="black",style="p")
button(name="Beam_1A_80",label="80",x=117,y=154,translucency=75,show shadow=false,action="Active Event List (AEL)",url="",bidi="true",target="_self",filter="Beam_1A_80",filtertype="global",datasource="NBN_AGGV",flash="true",w=135,h=139,type="ellipse",arc diameter=20,legend=None,font="Dialog",size=11,font color="black",style="p")
button(name="Beam_1A_50",label="50",x=598,y=623,translucency=75,show shadow=false,action="Active Event List (AEL)",url="",bidi="true",target="_self",filter="Beam_1A_50",filtertype="global",datasource="NBN_AGGV",flash="true",w=55,h=66,type="ellipse",arc diameter=20,legend=None,font="Dialog",size=11,font color="black",style="p")
button(name="Beam_1A_59",label="59",x=337,y=186,translucency=75,show shadow=false,action="Active Event List (AEL)",url="",bidi="true",target="_self",filter="Beam_1A_59",filtertype="global",datasource="NBN_AGGV",flash="true",w=55,h=66,type="ellipse",arc diameter=20,legend=None,font="Dialog",size=11,font color="black",style="p")
button(name="Beam_1A_34",label="34",x=802,y=488,translucency=75,show shadow=false,action="Active Event List (AEL)",url="",bidi="true",target="_self",filter="Beam_1A_34",filtertype="global",datasource="NBN_AGGV",flash="true",w=55,h=66,type="ellipse",arc diameter=20,legend=None,font="Dialog",size=11,font color="black",style="p")
button(name="Beam_1A_13",label="13",x=718,y=296,translucency=75,show shadow=false,action="Active Event List (AEL)",url="",bidi="true",target="_self",filter="Beam_1A_13",filtertype="global",datasource="NBN_AGGV",flash="true",w=55,h=66,type="ellipse",arc diameter=20,legend=None,font="Dialog",size=11,font color="black",style="p")
button(name="Beam_1A_43",label="43",x=495,y=565,translucency=75,show shadow=false,action="Active Event List (AEL)",url="",bidi="true",target="_self",filter="Beam_1A_43",filtertype="global",datasource="NBN_AGGV",flash="true",w=55,h=66,type="ellipse",arc diameter=20,legend=None,font="Dialog",size=11,font color="black",style="p")
button(name="Beam_1A_20",label="20",x=832,y=345,translucency=75,show shadow=false,action="Active Event List (AEL)",url="",bidi="true",target="_self",filter="Beam_1A_20",filtertype="global",datasource="NBN_AGGV",flash="true",w=55,h=66,type="ellipse",arc diameter=20,legend=None,font="Dialog",size=11,font color="black",style="p")
button(name="Beam_1A_64",label="64",x=147,y=429,translucency=75,show shadow=false,action="Active Event List (AEL)",url="",bidi="true",target="_self",filter="Beam_1A_64",filtertype="global",datasource="NBN_AGGV",flash="true",w=55,h=66,type="ellipse",arc diameter=20,legend=None,font="Dialog",size=11,font color="black",style="p")
button(name="Beam_1A_68",label="68",x=136,y=522,translucency=75,show shadow=false,action="Active Event List (AEL)",url="",bidi="true",target="_self",filter="Beam_1A_68",filtertype="global",datasource="NBN_AGGV",flash="true",w=55,h=66,type="ellipse",arc diameter=20,legend=None,font="Dialog",size=11,font color="black",style="p")
button(name="Beam_1A_56",label="56",x=684,y=712,translucency=75,show shadow=false,action="Active Event List (AEL)",url="",bidi="true",target="_self",filter="Beam_1A_56",filtertype="global",datasource="NBN_AGGV",flash="true",w=55,h=66,type="ellipse",arc diameter=20,legend=None,font="Dialog",size=11,font color="black",style="p")
button(name="Beam_1A_76",label="56",x=271,y=23,translucency=75,show shadow=false,action="Active Event List (AEL)",url="",bidi="true",target="_self",filter="Beam_1A_76",filtertype="global",datasource="NBN_AGGV",flash="true",w=135,h=139,type="ellipse",arc diameter=20,legend=None,font="Dialog",size=11,font color="black",style="p")
button(name="Beam_1A_36",label="36",x=517,y=520,translucency=75,show shadow=false,action="Active Event List (AEL)",url="",bidi="true",target="_self",filter="Beam_1A_36",filtertype="global",datasource="NBN_AGGV",flash="true",w=55,h=66,type="ellipse",arc diameter=20,legend=None,font="Dialog",size=11,font color="black",style="p")
button(name="Beam_1A_10",label="10",x=743,y=252,translucency=75,show shadow=false,action="Active Event List (AEL)",url="",bidi="true",target="_self",filter="Beam_1A_10",filtertype="global",datasource="NBN_AGGV",flash="true",w=55,h=66,type="ellipse",arc diameter=20,legend=None,font="Dialog",size=11,font color="black",style="p")
button(name="Beam_1A_62",label="62",x=127,y=385,translucency=75,show shadow=false,action="Active Event List (AEL)",url="",bidi="true",target="_self",filter="Beam_1A_62",filtertype="global",datasource="NBN_AGGV",flash="true",w=55,h=66,type="ellipse",arc diameter=20,legend=None,font="Dialog",size=11,font color="black",style="p")
button(name="Beam_1A_53",label="53",x=731,y=618,translucency=75,show shadow=false,action="Active Event List (AEL)",url="",bidi="true",target="_self",filter="Beam_1A_53",filtertype="global",datasource="NBN_AGGV",flash="true",w=55,h=66,type="ellipse",arc diameter=20,legend=None,font="Dialog",size=11,font color="black",style="p")
button(name="Beam_1A_74",label="74",x=985,y=521,translucency=75,show shadow=false,action="Active Event List (AEL)",url="",bidi="true",target="_self",filter="Beam_1A_74",filtertype="global",datasource="NBN_AGGV",flash="true",w=33,h=35,type="ellipse",arc diameter=20,legend=None,font="Dialog",size=11,font color="black",style="p")
button(name="Beam_1A_67",label="67",x=162,y=474,translucency=75,show shadow=false,action="Active Event List (AEL)",url="",bidi="true",target="_self",filter="Beam_1A_67",filtertype="global",datasource="NBN_AGGV",flash="true",w=55,h=66,type="ellipse",arc diameter=20,legend=None,font="Dialog",size=11,font color="black",style="p")
button(name="Beam_1A_8",label="8",x=649,y=252,translucency=75,show shadow=false,action="Active Event List (AEL)",url="",bidi="true",target="_self",filter="Beam_1A_8",filtertype="global",datasource="NBN_AGGV",flash="true",w=55,h=66,type="ellipse",arc diameter=20,legend=None,font="Dialog",size=11,font color="black",style="p")
button(name="Beam_1A_46",label="46",x=624,y=573,translucency=75,show shadow=false,action="Active Event List (AEL)",url="",bidi="true",target="_self",filter="Beam_1A_46",filtertype="global",datasource="NBN_AGGV",flash="true",w=55,h=66,type="ellipse",arc diameter=20,legend=None,font="Dialog",size=11,font color="black",style="p")
button(name="Beam_1A_51",label="51",x=640,y=622,translucency=75,show shadow=false,action="Active Event List (AEL)",url="",bidi="true",target="_self",filter="Beam_1A_51",filtertype="global",datasource="NBN_AGGV",flash="true",w=55,h=66,type="ellipse",arc diameter=20,legend=None,font="Dialog",size=11,font color="black",style="p")
button(name="Beam_1A_6",label="6",x=717,y=206,translucency=75,show shadow=false,action="Active Event List (AEL)",url="",bidi="true",target="_self",filter="Beam_1A_6",filtertype="global",datasource="NBN_AGGV",flash="true",w=55,h=66,type="ellipse",arc diameter=20,legend=None,font="Dialog",size=11,font color="black",style="p")
button(name="Beam_1A_32",label="32",x=713,y=481,translucency=75,show shadow=false,action="Active Event List (AEL)",url="",bidi="true",target="_self",filter="Beam_1A_32",filtertype="global",datasource="NBN_AGGV",flash="true",w=55,h=66,type="ellipse",arc diameter=20,legend=None,font="Dialog",size=11,font color="black",style="p")
button(name="Beam_1A_7",label="7",x=763,y=207,translucency=75,show shadow=false,action="Active Event List (AEL)",url="",bidi="true",target="_self",filter="Beam_1A_7",filtertype="global",datasource="NBN_AGGV",flash="true",w=55,h=66,type="ellipse",arc diameter=20,legend=None,font="Dialog",size=11,font color="black",style="p")
button(name="Beam_1A_28",label="28",x=785,y=438,translucency=75,show shadow=false,action="Active Event List (AEL)",url="",bidi="true",target="_self",filter="Beam_1A_28",filtertype="global",datasource="NBN_AGGV",flash="true",w=55,h=66,type="ellipse",arc diameter=20,legend=None,font="Dialog",size=11,font color="black",style="p")
button(name="Beam_1A_40",label="40",x=689,y=526,translucency=75,show shadow=false,action="Active Event List (AEL)",url="",bidi="true",target="_self",filter="Beam_1A_40",filtertype="global",datasource="NBN_AGGV",flash="true",w=55,h=66,type="ellipse",arc diameter=20,legend=None,font="Dialog",size=11,font color="black",style="p")
button(name="Beam_1A_11",label="11",x=790,y=251,translucency=75,show shadow=false,action="Active Event List (AEL)",url="",bidi="true",target="_self",filter="Beam_1A_11",filtertype="global",datasource="NBN_AGGV",flash="true",w=55,h=66,type="ellipse",arc diameter=20,legend=None,font="Dialog",size=11,font color="black",style="p")
button(name="Beam_1A_39",label="39",x=646,y=526,translucency=75,show shadow=false,action="Active Event List (AEL)",url="",bidi="true",target="_self",filter="Beam_1A_39",filtertype="global",datasource="NBN_AGGV",flash="true",w=55,h=66,type="ellipse",arc diameter=20,legend=None,font="Dialog",size=11,font color="black",style="p")
button(name="Beam_1A_101",label="101",x=600,y=444,translucency=75,show shadow=false,action="Active Event List (AEL)",url="",bidi="true",target="_self",filter="Beam_1A_101",filtertype="global",datasource="NBN_AGGV",flash="true",w=135,h=139,type="ellipse",arc diameter=20,legend=None,font="Dialog",size=11,font color="black",style="p")
button(name="Beam_1A_96",label="96",x=565,y=335,translucency=75,show shadow=false,action="Active Event List (AEL)",url="",bidi="true",target="_self",filter="Beam_1A_96",filtertype="global",datasource="NBN_AGGV",flash="true",w=135,h=139,type="ellipse",arc diameter=20,legend=None,font="Dialog",size=11,font color="black",style="p")
button(name="Beam_1A_79",label="79",x=596,y=18,translucency=75,show shadow=false,action="Active Event List (AEL)",url="",bidi="true",target="_self",filter="Beam_1A_79",filtertype="global",datasource="NBN_AGGV",flash="true",w=135,h=139,type="ellipse",arc diameter=20,legend=None,font="Dialog",size=11,font color="black",style="p")
button(name="Beam_1A_99",label="99",x=388,y=453,translucency=75,show shadow=false,action="Active Event List (AEL)",url="",bidi="true",target="_self",filter="Beam_1A_99",filtertype="global",datasource="NBN_AGGV",flash="true",w=135,h=139,type="ellipse",arc diameter=20,legend=None,font="Dialog",size=11,font color="black",style="p")
button(name="Beam_1A_85",label="85",x=661,y=113,translucency=75,show shadow=false,action="Active Event List (AEL)",url="",bidi="true",target="_self",filter="Beam_1A_85",filtertype="global",datasource="NBN_AGGV",flash="true",w=135,h=139,type="ellipse",arc diameter=20,legend=None,font="Dialog",size=11,font color="black",style="p")
button(name="Beam_1A_86",label="86",x=63,y=246,translucency=75,show shadow=false,action="Active Event List (AEL)",url="",bidi="true",target="_self",filter="Beam_1A_86",filtertype="global",datasource="NBN_AGGV",flash="true",w=135,h=139,type="ellipse",arc diameter=20,legend=None,font="Dialog",size=11,font color="black",style="p")
button(name="Beam_1A_5",label="5",x=669,y=205,translucency=75,show shadow=false,action="Active Event List (AEL)",url="",bidi="true",target="_self",filter="Beam_1A_5",filtertype="global",datasource="NBN_AGGV",flash="true",w=55,h=66,type="ellipse",arc diameter=20,legend=None,font="Dialog",size=11,font color="black",style="p")
button(name="Beam_1A_23",label="23",x=760,y=392,translucency=75,show shadow=false,action="Active Event List (AEL)",url="",bidi="true",target="_self",filter="Beam_1A_23",filtertype="global",datasource="NBN_AGGV",flash="true",w=55,h=66,type="ellipse",arc diameter=20,legend=None,font="Dialog",size=11,font color="black",style="p")
button(name="Beam_1A_21",label="21",x=673,y=392,translucency=75,show shadow=false,action="Active Event List (AEL)",url="",bidi="true",target="_self",filter="Beam_1A_21",filtertype="global",datasource="NBN_AGGV",flash="true",w=55,h=66,type="ellipse",arc diameter=20,legend=None,font="Dialog",size=11,font color="black",style="p")
button(name="Beam_1A_31",label="31",x=541,y=472,translucency=75,show shadow=false,action="Active Event List (AEL)",url="",bidi="true",target="_self",filter="Beam_1A_31",filtertype="global",datasource="NBN_AGGV",flash="true",w=55,h=66,type="ellipse",arc diameter=20,legend=None,font="Dialog",size=11,font color="black",style="p")
button(name="Beam_1A_78",label="78",x=491,y=26,translucency=75,show shadow=false,action="Active Event List (AEL)",url="",bidi="true",target="_self",filter="Beam_1A_78",filtertype="global",datasource="NBN_AGGV",flash="true",w=135,h=139,type="ellipse",arc diameter=20,legend=None,font="Dialog",size=11,font color="black",style="p")
button(name="Beam_1A_45",label="45",x=582,y=572,translucency=75,show shadow=false,action="Active Event List (AEL)",url="",bidi="true",target="_self",filter="Beam_1A_45",filtertype="global",datasource="NBN_AGGV",flash="true",w=55,h=66,type="ellipse",arc diameter=20,legend=None,font="Dialog",size=11,font color="black",style="p")
button(name="Beam_1A_42",label="42",x=774,y=532,translucency=75,show shadow=false,action="Active Event List (AEL)",url="",bidi="true",target="_self",filter="Beam_1A_42",filtertype="global",datasource="NBN_AGGV",flash="true",w=55,h=66,type="ellipse",arc diameter=20,legend=None,font="Dialog",size=11,font color="black",style="p")
button(name="Beam_1A_27",label="27",x=737,y=439,translucency=75,show shadow=false,action="Active Event List (AEL)",url="",bidi="true",target="_self",filter="Beam_1A_27",filtertype="global",datasource="NBN_AGGV",flash="true",w=55,h=66,type="ellipse",arc diameter=20,legend=None,font="Dialog",size=11,font color="black",style="p")
button(name="Beam_1A_94",label="94",x=337,y=343,translucency=75,show shadow=false,action="Active Event List (AEL)",url="",bidi="true",target="_self",filter="Beam_1A_94",filtertype="global",datasource="NBN_AGGV",flash="true",w=135,h=139,type="ellipse",arc diameter=20,legend=None,font="Dialog",size=11,font color="black",style="p")
button(name="Beam_1A_77",label="77",x=383,y=21,translucency=75,show shadow=false,action="Active Event List (AEL)",url="",bidi="true",target="_self",filter="Beam_1A_77",filtertype="global",datasource="NBN_AGGV",flash="true",w=135,h=139,type="ellipse",arc diameter=20,legend=None,font="Dialog",size=11,font color="black",style="p")
button(name="Beam_1A_92",label="92",x=117,y=332,translucency=75,show shadow=false,action="Active Event List (AEL)",url="",bidi="true",target="_self",filter="Beam_1A_92",filtertype="global",datasource="NBN_AGGV",flash="true",w=135,h=139,type="ellipse",arc diameter=20,legend=None,font="Dialog",size=11,font color="black",style="p")
button(name="Beam_1A_90",label="90",x=505,y=240,translucency=75,show shadow=false,action="Active Event List (AEL)",url="",bidi="true",target="_self",filter="Beam_1A_90",filtertype="global",datasource="NBN_AGGV",flash="true",w=135,h=139,type="ellipse",arc diameter=20,legend=None,font="Dialog",size=11,font color="black",style="p")
button(name="Beam_1A_25",label="25",x=853,y=399,translucency=75,show shadow=false,action="Active Event List (AEL)",url="",bidi="true",target="_self",filter="Beam_1A_25",filtertype="global",datasource="NBN_AGGV",flash="true",w=55,h=66,type="ellipse",arc diameter=20,legend=None,font="Dialog",size=11,font color="black",style="p")
button(name="Beam_1A_89",label="89",x=392,y=240,translucency=75,show shadow=false,action="Active Event List (AEL)",url="",bidi="true",target="_self",filter="Beam_1A_89",filtertype="global",datasource="NBN_AGGV",flash="true",w=135,h=139,type="ellipse",arc diameter=20,legend=None,font="Dialog",size=11,font color="black",style="p")
button(name="Beam_1A_49",label="49",x=750,y=575,translucency=75,show shadow=false,action="Active Event List (AEL)",url="",bidi="true",target="_self",filter="Beam_1A_49",filtertype="global",datasource="NBN_AGGV",flash="true",w=55,h=66,type="ellipse",arc diameter=20,legend=None,font="Dialog",size=11,font color="black",style="p")
button(name="Beam_1A_84",label="84",x=555,y=133,translucency=75,show shadow=false,action="Active Event List (AEL)",url="",bidi="true",target="_self",filter="Beam_1A_84",filtertype="global",datasource="NBN_AGGV",flash="true",w=135,h=139,type="ellipse",arc diameter=20,legend=None,font="Dialog",size=11,font color="black",style="p")
button(name="Beam_1A_98",label="98",x=285,y=459,translucency=75,show shadow=false,action="Active Event List (AEL)",url="",bidi="true",target="_self",filter="Beam_1A_98",filtertype="global",datasource="NBN_AGGV",flash="true",w=135,h=139,type="ellipse",arc diameter=20,legend=None,font="Dialog",size=11,font color="black",style="p")
button(name="Beam_1A_100",label="100",x=502,y=443,translucency=75,show shadow=false,action="Active Event List (AEL)",url="",bidi="true",target="_self",filter="Beam_1A_100",filtertype="global",datasource="NBN_AGGV",flash="true",w=135,h=139,type="ellipse",arc diameter=20,legend=None,font="Dialog",size=11,font color="black",style="p")
button(name="Beam_1A_47",label="47",x=666,y=573,translucency=75,show shadow=false,action="Active Event List (AEL)",url="",bidi="true",target="_self",filter="Beam_1A_47",filtertype="global",datasource="NBN_AGGV",flash="true",w=55,h=66,type="ellipse",arc diameter=20,legend=None,font="Dialog",size=11,font color="black",style="p")
button(name="Beam_1A_1",label="1",x=677,y=119,translucency=75,show shadow=false,action="Active Event List (AEL)",url="",bidi="true",target="_self",filter="Beam_1A_1",filtertype="global",datasource="NBN_AGGV",flash="true",w=55,h=66,type="ellipse",arc diameter=20,legend=None,font="Dialog",size=11,font color="black",style="p")
button(name="Beam_1A_72",label="72",x=134,y=13,translucency=75,show shadow=false,action="Active Event List (AEL)",url="",bidi="true",target="_self",filter="Beam_1A_72",filtertype="global",datasource="NBN_AGGV",flash="true",w=67,h=59,type="ellipse",arc diameter=20,legend=None,font="Dialog",size=11,font color="black",style="p")
button(name="Beam_1A_12",label="12",x=673,y=297,translucency=75,show shadow=false,action="Active Event List (AEL)",url="",bidi="true",target="_self",filter="Beam_1A_12",filtertype="global",datasource="NBN_AGGV",flash="true",w=55,h=66,type="ellipse",arc diameter=20,legend=None,font="Dialog",size=11,font color="black",style="p")
button(name="Beam_1A_15",label="15",x=811,y=298,translucency=75,show shadow=false,action="Active Event List (AEL)",url="",bidi="true",target="_self",filter="Beam_1A_15",filtertype="global",datasource="NBN_AGGV",flash="true",w=55,h=66,type="ellipse",arc diameter=20,legend=None,font="Dialog",size=11,font color="black",style="p")
button(name="Beam_1A_69",label="69",x=182,y=521,translucency=75,show shadow=false,action="Active Event List (AEL)",url="",bidi="true",target="_self",filter="Beam_1A_69",filtertype="global",datasource="NBN_AGGV",flash="true",w=55,h=66,type="ellipse",arc diameter=20,legend=None,font="Dialog",size=11,font color="black",style="p")
button(name="Beam_1A_16",label="16",x=858,y=300,translucency=75,show shadow=false,action="Active Event List (AEL)",url="",bidi="true",target="_self",filter="Beam_1A_16",filtertype="global",datasource="NBN_AGGV",flash="true",w=55,h=66,type="ellipse",arc diameter=20,legend=None,font="Dialog",size=11,font color="black",style="p")
button(name="Beam_1A_41",label="41",x=732,y=525,translucency=75,show shadow=false,action="Active Event List (AEL)",url="",bidi="true",target="_self",filter="Beam_1A_41",filtertype="global",datasource="NBN_AGGV",flash="true",w=55,h=66,type="ellipse",arc diameter=20,legend=None,font="Dialog",size=11,font color="black",style="p")
button(name="Beam_1A_19",label="19",x=786,y=345,translucency=75,show shadow=false,action="Active Event List (AEL)",url="",bidi="true",target="_self",filter="Beam_1A_19",filtertype="global",datasource="NBN_AGGV",flash="true",w=55,h=66,type="ellipse",arc diameter=20,legend=None,font="Dialog",size=11,font color="black",style="p")
button(name="Beam_1A_2",label="2",x=693,y=159,translucency=75,show shadow=false,action="Active Event List (AEL)",url="",bidi="true",target="_self",filter="Beam_1A_2",filtertype="global",datasource="NBN_AGGV",flash="true",w=55,h=66,type="ellipse",arc diameter=20,legend=None,font="Dialog",size=11,font color="black",style="p")
button(name="Beam_1A_66",label="66",x=118,y=475,translucency=75,show shadow=false,action="Active Event List (AEL)",url="",bidi="true",target="_self",filter="Beam_1A_66",filtertype="global",datasource="NBN_AGGV",flash="true",w=55,h=66,type="ellipse",arc diameter=20,legend=None,font="Dialog",size=11,font color="black",style="p")
button(name="Beam_1A_38",label="38",x=604,y=526,translucency=75,show shadow=false,action="Active Event List (AEL)",url="",bidi="true",target="_self",filter="Beam_1A_38",filtertype="global",datasource="NBN_AGGV",flash="true",w=55,h=66,type="ellipse",arc diameter=20,legend=None,font="Dialog",size=11,font color="black",style="p")
button(name="Beam_1A_75",label="75",x=1093,y=531,translucency=75,show shadow=false,action="Active Event List (AEL)",url="",bidi="true",target="_self",filter="Beam_1A_75",filtertype="global",datasource="NBN_AGGV",flash="true",w=33,h=35,type="ellipse",arc diameter=20,legend=None,font="Dialog",size=11,font color="black",style="p")
button(name="Beam_1A_17",label="17",x=694,y=343,translucency=75,show shadow=false,action="Active Event List (AEL)",url="",bidi="true",target="_self",filter="Beam_1A_17",filtertype="global",datasource="NBN_AGGV",flash="true",w=55,h=66,type="ellipse",arc diameter=20,legend=None,font="Dialog",size=11,font color="black",style="p")
