map(name="OptionsNBN",bgColor="#99ccff",w=560,h=645,numCols=4,acl="*")
monitor(name="Routers",label="Routers",x=63,y=252,translucency=0,show shadow=false,action="Open URL",url="",target="_self",filter="AllEvents",filtertype="global",datasource="NBN_AGGV",flash="true",w=194,h=83,w=194,h=83,type="lavalamp",show label=true,show total=false,show highest=false,show lowest=false,show metric=false,foreground color=black,background color=lightGray,font=Dialog,size=11,style=p,show highest severity as border=false,show lowest color=false)
button(name="Switches",label="Switches",x=63,y=369,translucency=0,show shadow=false,action="Active Event List (AEL)",url="",target="_self",filter="_Minor",filtertype="global",datasource="NBN_AGGV",flash="true",w=197,h=69,type="rectangle",arc diameter=20,legend=Label,font="Dialog",size=11,font color="black",style="p")
button(name="DPCs",label="DPCs",x=60,y=48,translucency=0,show shadow=false,action="Active Event List (AEL)",url="",target="_self",filter="_Critical",filtertype="global",datasource="NBN_AGGV",flash="true",w=197,h=69,type="rectangle",arc diameter=20,legend=Label,font="Dialog",size=11,font color="black",style="p")
button(name="Gateway",label="Gateways",x=62,y=158,translucency=0,show shadow=false,action="Active Event List (AEL)",url="",target="_self",filter="_Critical",filtertype="global",datasource="NBN_AGGV",flash="true",w=197,h=69,type="rectangle",arc diameter=20,legend=Label,font="Dialog",size=11,font color="black",style="p")
